     VMA      LMA     Size Align Out     In      Symbol
       0        0        0     1 RAM_START = 0x1ffe0000
       0        0        0     1 RAM_LENGTH = 0x00060000
       0        0        0     1 FLASH_START = 0x00000440
       0        0        0     1 FLASH_LENGTH = 0x000ffbc0
       0        0        0     1 DATA_FLASH_START = 0x40100000
       0        0        0     1 DATA_FLASH_LENGTH = 0x00008000
       0        0        0     1 QSPI_FLASH_START = 0x60000000
       0        0        0     1 QSPI_FLASH_LENGTH = 0x04000000
       0        0        0     1 SDRAM_START = 0x90000000
       0        0        0     1 SDRAM_LENGTH = 0x08000000
       0        0        0     1 OPTION_SETTING_OFS0_START = 0x00000400
       0        0        0     1 OPTION_SETTING_OFS0_LENGTH = 0x00000004
       0        0        0     1 OPTION_SETTING_OFS1_START = 0x00000404
       0        0        0     1 OPTION_SETTING_OFS1_LENGTH = 0x00000004
       0        0        0     1 OPTION_SETTING_SECMPU_START = 0x00000408
       0        0        0     1 OPTION_SETTING_SECMPU_LENGTH = 0x00000034
       0        0        0     1 OPTION_SETTING_OSIS_START = 0x0100a150
       0        0        0     1 OPTION_SETTING_OSIS_LENGTH = 0x00000010
       0        0        0     1 FLASH_GAP_START = 0x00000000
       0        0        0     1 FLASH_GAP_LENGTH = 0x00000400
60000000 60000000        0     1 .qspi_flash.startof
60000000 60000000        0     1         __ddsc_QSPI_FLASH_START = .
90000000 90000000        0     1 .sdram.startof
90000000 90000000        0     1         __ddsc_SDRAM_START = .
90000000 90000000        0     1 __sdram_from_qspi_flash$$
90000000 90000000        0     1         __sdram_from_qspi_flash$$Base = .
90000000 90000000        0     1         __sdram_from_qspi_flash$$Load = LOADADDR ( __sdram_from_qspi_flash$$ )
90000000 90000000        0     1         __sdram_from_qspi_flash$$Limit = .
1ffe0000 1ffe0000        0     1 .ram.startof
1ffe0000 1ffe0000        0     1         __ddsc_RAM_START = .
1ffe0000 1ffe0000        0     1 __ram_dtc_vector$$
1ffe0000 1ffe0000        0     1         __ram_dtc_vector$$Base = .
1ffe0000 1ffe0000        0     1         __ram_dtc_vector$$Limit = .
1ffe0000 1ffe0000        0     1 __ram_from_qspi_flash$$
1ffe0000 1ffe0000        0     1         __ram_from_qspi_flash$$Base = .
1ffe0000 1ffe0000        0     1         __ram_from_qspi_flash$$Load = LOADADDR ( __ram_from_qspi_flash$$ )
1ffe0000 1ffe0000        0     1         __ram_from_qspi_flash$$Limit = .
60000000 60000000        0     1 __qspi_flash_readonly$$
60000000 60000000        0     1         __qspi_flash_readonly$$Base = .
60000000 60000000        0     1         __qspi_flash_readonly$$Limit = .
60000000 60000000        0     1 __qspi_flash_noinit$$
60000000 60000000        0     1         __qspi_flash_noinit$$Base = .
60000000 60000000        0     1         __qspi_flash_noinit$$Limit = .
60000000 60000000        0     1 .qspi_flash.endof
60000000 60000000        0     1         __ddsc_QSPI_FLASH_END = .
40100000 40100000        0     1 .data_flash.startof
40100000 40100000        0     1         __ddsc_DATA_FLASH_START = .
90000000 90000000        0     1 __sdram_from_data_flash$$
90000000 90000000        0     1         __sdram_from_data_flash$$Base = .
90000000 90000000        0     1         __sdram_from_data_flash$$Load = LOADADDR ( __sdram_from_data_flash$$ )
90000000 90000000        0     1         __sdram_from_data_flash$$Limit = .
1ffe0000 1ffe0000        0     1 __ram_from_data_flash$$
1ffe0000 1ffe0000        0     1         __ram_from_data_flash$$Base = .
1ffe0000 1ffe0000        0     1         __ram_from_data_flash$$Load = LOADADDR ( __ram_from_data_flash$$ )
1ffe0000 1ffe0000        0     1         __ram_from_data_flash$$Limit = .
40100000 40100000        0     1 __data_flash_readonly$$
40100000 40100000        0     1         __data_flash_readonly$$Base = .
40100000 40100000        0     1         __data_flash_readonly$$Limit = .
40100000 40100000        0     1 __data_flash_noinit$$
40100000 40100000        0     1         __data_flash_noinit$$Base = .
40100000 40100000        0     1         __data_flash_noinit$$Limit = .
40100000 40100000        0     1 .data_flash.endof
40100000 40100000        0     1         __ddsc_DATA_FLASH_END = .
       0        0        0     1 .flash.startof
       0        0        0     1         __ddsc_FLASH_START = .
       0        0       44     4 __flash_vectors$$
       0        0        0     1         __flash_vectors$$Base = .
       0        0        0     1         _VECTORS = .
       0        0       40     4         ./ra/fsp/src/bsp/cmsis/Device/RENESAS/Source/startup.o:(.fixed_vectors)
       0        0       40     1                 __Vectors
      40       40        4     4         ./ra_gen/vector_data.o:(.application_vectors)
      40       40        4     1                 g_vector_table
      44       44        0     1         __flash_vectors$$Limit = .
      44       44       a4     4 __flash_readonly_gap$$
      44       44        0     1         __flash_readonly_gap$$Base = .
      44       44       10     4         ./ra/fsp/src/bsp/mcu/ra6m2/bsp_linker.o:(.rodata.g_init_info)
      44       44       10     1                 g_init_info
      54       54       24     4         ./ra/fsp/src/bsp/mcu/ra6m2/bsp_linker.o:(.rodata.zero_list)
      54       54       24     1                 zero_list
      78       78       70     4         ./ra/fsp/src/bsp/mcu/ra6m2/bsp_linker.o:(.rodata.copy_list)
      78       78       70     1                 copy_list
      e8       e8        0     1         __flash_readonly_gap$$Limit = .
      e8       e8       18     4 .eh_frame
      e8       e8       14     1         D:\Renesas\RA\e2studio_v2023-07_fsp_v4.6.0\toolchains\llvm_arm\LLVM-ET-Arm-18.1.3-Windows-x86_64\bin\..\lib\clang-runtimes/arm-none-eabi/armv7em_hard_fpv4_sp_d16_exn_rtti\lib\libc.a(strlen.S.o):(.eh_frame+0x0)
     440      440        0     1 __flash_noinit$$
     440      440        0     1         __flash_noinit$$Base = .
     440      440        0     1         __flash_noinit$$Limit = .
90000000 90000000        0     1 __sdram_from_flash$$
90000000 90000000        0     1         __sdram_from_flash$$Base = .
90000000 90000000        0     1         __sdram_from_flash$$Load = LOADADDR ( __sdram_from_flash$$ )
90000000 90000000        0     1         __sdram_from_flash$$Limit = .
90000000 90000000        0     1 __sdram_noinit$$
90000000 90000000        0     1         __sdram_noinit$$Base = .
90000000 90000000        0     1         __sdram_noinit$$Limit = .
90000000 90000000        0     1 __sdram_zero$$
90000000 90000000        0     1         __sdram_zero$$Base = .
90000000 90000000        0     1         __sdram_zero$$Limit = .
90000000 90000000        0     1 .sdram.endof
90000000 90000000        0     1         __ddsc_SDRAM_END = .
1ffe0000      440       68     4 __ram_from_flash$$
1ffe0000      440        0     1         __ram_from_flash$$Base = .
1ffe0000      440        0     1         __ram_from_flash$$Load = LOADADDR ( __ram_from_flash$$ )
1ffe0000      440        4     4         ./src/new_thread0_entry.o:(.data.gp_remote_ip_address)
1ffe0000      440        4     1                 gp_remote_ip_address
1ffe0004      444        6     1         ./src/new_thread0_entry.o:(.data._ZL12ucMACAddress)
1ffe0004      444        6     1                 ucMACAddress
1ffe000a      44a        4     1         ./src/new_thread0_entry.o:(.data._ZL11ucIPAddress)
1ffe000a      44a        4     1                 ucIPAddress
1ffe000e      44e        4     1         ./src/new_thread0_entry.o:(.data._ZL9ucNetMask)
1ffe000e      44e        4     1                 ucNetMask
1ffe0012      452        4     1         ./src/new_thread0_entry.o:(.data._ZL16ucGatewayAddress)
1ffe0012      452        4     1                 ucGatewayAddress
1ffe0016      456        4     1         ./src/new_thread0_entry.o:(.data._ZL18ucDNSServerAddress)
1ffe0016      456        4     1                 ucDNSServerAddress
1ffe001a      45a        6     1         ./ra_gen/common_data.o:(.data.g_ether0_mac_address)
1ffe001a      45a        6     1                 g_ether0_mac_address
1ffe0020      460       20     4         ./ra_gen/common_data.o:(.data.pp_g_ether0_ether_buffers)
1ffe0020      460       20     1                 pp_g_ether0_ether_buffers
1ffe0040      480        8     4         ./ra_gen/common_data.o:(.data.g_freertos_plus_tcp0)
1ffe0040      480        8     1                 g_freertos_plus_tcp0
1ffe0048      488        4     4         ./ra_gen/common_data.o:(.data.gp_freertos_plus_tcp_instance)
1ffe0048      488        4     1                 gp_freertos_plus_tcp_instance
1ffe004c      48c       18     4         ./ra_gen/common_data.o:(.data.g_freertos_plus_tcp0_cfg)
1ffe004c      48c       18     1                 g_freertos_plus_tcp0_cfg
1ffe0064      4a4        4     4         ./ra/aws/FreeRTOS/FreeRTOS-Plus/Source/FreeRTOS-Plus-TCP/source/FreeRTOS_ARP.o:(.data.eARPProcessPacket.uxARPClashTimeoutPeriod)
1ffe0064      4a4        4     1                 eARPProcessPacket.uxARPClashTimeoutPeriod
1ffe0068      4a8        0     1         __ram_from_flash$$Limit = .
1ffe0068 1ffe0068      418     8 __ram_noinit$$
1ffe0068 1ffe0068        0     1         __ram_noinit$$Base = .
1ffe0068 1ffe0068      400     8         ./ra/fsp/src/bsp/cmsis/Device/RENESAS/Source/startup.o:(.bss.g_main_stack)
1ffe0068 1ffe0068      400     1                 g_main_stack
1ffe0468 1ffe0468       18     4         ./ra/fsp/src/bsp/mcu/all/bsp_clocks.o:(.ram_noinit)
1ffe0468 1ffe0468       18     1                 g_clock_freq
1ffe0480 1ffe0480        0     1         __ram_noinit$$Limit = .
1ffe0480 1ffe0480     d2a4    32 __ram_zero$$
1ffe0480 1ffe0480        0     1         __ram_zero$$Base = .
1ffe0480 1ffe0480       a8     4         ./src/SEGGER_RTT/SEGGER_RTT.o:(.bss._SEGGER_RTT)
1ffe0480 1ffe0480       a8     1                 _SEGGER_RTT
1ffe0528 1ffe0528      800     1         ./src/SEGGER_RTT/SEGGER_RTT.o:(.bss._acUpBuffer)
1ffe0528 1ffe0528      800     1                 _acUpBuffer
1ffe0d28 1ffe0d28       10     1         ./src/SEGGER_RTT/SEGGER_RTT.o:(.bss._acDownBuffer)
1ffe0d28 1ffe0d28       10     1                 _acDownBuffer
1ffe0d38 1ffe0d38        4     4         ./src/new_thread0_entry.o:(.bss.g_dhcp_in_use)
1ffe0d38 1ffe0d38        4     1                 g_dhcp_in_use
1ffe0d3c 1ffe0d3c        4     4         ./src/new_thread0_entry.o:(.bss.g_usrPingCount)
1ffe0d3c 1ffe0d3c        4     1                 g_usrPingCount
1ffe0d40 1ffe0d40        c     4         ./src/new_thread0_entry.o:(.bss.g_ping_data)
1ffe0d40 1ffe0d40        c     1                 g_ping_data
1ffe0d4c 1ffe0d4c        4     4         ./src/new_thread0_entry.o:(.bss._ZL17usr_print_ability)
1ffe0d4c 1ffe0d4c        4     1                 usr_print_ability
1ffe0d50 1ffe0d50       14     4         ./ra_gen/common_data.o:(.bss.g_ether_phy0_ctrl)
1ffe0d50 1ffe0d50       14     1                 g_ether_phy0_ctrl
1ffe0d80 1ffe0d80      600    32         ./ra_gen/common_data.o:(.bss.g_ether0_ether_buffer0)
1ffe0d80 1ffe0d80      600     1                 g_ether0_ether_buffer0
1ffe1380 1ffe1380      600    32         ./ra_gen/common_data.o:(.bss.g_ether0_ether_buffer1)
1ffe1380 1ffe1380      600     1                 g_ether0_ether_buffer1
1ffe1980 1ffe1980      600    32         ./ra_gen/common_data.o:(.bss.g_ether0_ether_buffer2)
1ffe1980 1ffe1980      600     1                 g_ether0_ether_buffer2
1ffe1f80 1ffe1f80      600    32         ./ra_gen/common_data.o:(.bss.g_ether0_ether_buffer3)
1ffe1f80 1ffe1f80      600     1                 g_ether0_ether_buffer3
1ffe2580 1ffe2580      600    32         ./ra_gen/common_data.o:(.bss.g_ether0_ether_buffer4)
1ffe2580 1ffe2580      600     1                 g_ether0_ether_buffer4
1ffe2b80 1ffe2b80      600    32         ./ra_gen/common_data.o:(.bss.g_ether0_ether_buffer5)
1ffe2b80 1ffe2b80      600     1                 g_ether0_ether_buffer5
1ffe3180 1ffe3180      600    32         ./ra_gen/common_data.o:(.bss.g_ether0_ether_buffer6)
1ffe3180 1ffe3180      600     1                 g_ether0_ether_buffer6
1ffe3780 1ffe3780      600    32         ./ra_gen/common_data.o:(.bss.g_ether0_ether_buffer7)
1ffe3780 1ffe3780      600     1                 g_ether0_ether_buffer7
1ffe3d80 1ffe3d80       40    16         ./ra_gen/common_data.o:(.bss.g_ether0_rx_descriptors)
1ffe3d80 1ffe3d80       40     1                 g_ether0_rx_descriptors
1ffe3dc0 1ffe3dc0       40    16         ./ra_gen/common_data.o:(.bss.g_ether0_tx_descriptors)
1ffe3dc0 1ffe3dc0       40     1                 g_ether0_tx_descriptors
1ffe3e00 1ffe3e00       28     4         ./ra_gen/common_data.o:(.bss.g_ether0_ctrl)
1ffe3e00 1ffe3e00       28     1                 g_ether0_ctrl
1ffe3e28 1ffe3e28       10     4         ./ra_gen/common_data.o:(.bss.g_freertos_plus_tcp0_ctrl)
1ffe3e28 1ffe3e28       10     1                 g_freertos_plus_tcp0_ctrl
1ffe3e38 1ffe3e38        8     4         ./ra_gen/common_data.o:(.bss.g_ioport_ctrl)
1ffe3e38 1ffe3e38        8     1                 g_ioport_ctrl
1ffe3e40 1ffe3e40        4     4         ./ra_gen/main.o:(.bss.g_fsp_common_initialized_semaphore)
1ffe3e40 1ffe3e40        4     1                 g_fsp_common_initialized_semaphore
1ffe3e44 1ffe3e44        1     1         ./ra_gen/main.o:(.bss.g_fsp_common_initialized)
1ffe3e44 1ffe3e44        1     1                 g_fsp_common_initialized
1ffe3e48 1ffe3e48        4     4         ./ra_gen/main.o:(.bss.g_fsp_common_thread_count)
1ffe3e48 1ffe3e48        4     1                 g_fsp_common_thread_count
1ffe3e4c 1ffe3e4c       48     4         ./ra_gen/main.o:(.bss.g_fsp_common_initialized_semaphore_memory)
1ffe3e4c 1ffe3e4c       48     1                 g_fsp_common_initialized_semaphore_memory
1ffe3e94 1ffe3e94       60     4         ./ra_gen/main.o:(.bss.vApplicationGetIdleTaskMemory.xIdleTaskTCB)
1ffe3e94 1ffe3e94       60     1                 vApplicationGetIdleTaskMemory.xIdleTaskTCB
1ffe3ef4 1ffe3ef4      200     4         ./ra_gen/main.o:(.bss.vApplicationGetIdleTaskMemory.uxIdleTaskStack)
1ffe3ef4 1ffe3ef4      200     1                 vApplicationGetIdleTaskMemory.uxIdleTaskStack
1ffe40f4 1ffe40f4       60     4         ./ra_gen/main.o:(.bss.vApplicationGetTimerTaskMemory.xTimerTaskTCB)
1ffe40f4 1ffe40f4       60     1                 vApplicationGetTimerTaskMemory.xTimerTaskTCB
1ffe4154 1ffe4154      200     4         ./ra_gen/main.o:(.bss.vApplicationGetTimerTaskMemory.uxTimerTaskStack)
1ffe4154 1ffe4154      200     1                 vApplicationGetTimerTaskMemory.uxTimerTaskStack
1ffe4354 1ffe4354       60     4         ./ra_gen/new_thread0.o:(.bss.new_thread0_memory)
1ffe4354 1ffe4354       60     1                 new_thread0_memory
1ffe43b4 1ffe43b4        4     4         ./ra_gen/new_thread0.o:(.bss.new_thread0)
1ffe43b4 1ffe43b4        4     1                 new_thread0
1ffe43b8 1ffe43b8        4     4         ./ra/fsp/src/rm_freertos_port/port.o:(.bss.uxCriticalNesting)
1ffe43b8 1ffe43b8        4     1                 uxCriticalNesting
1ffe43bc 1ffe43bc        4     4         ./ra/fsp/src/rm_freertos_port/port.o:(.bss.g_mask_level_before_disable)
1ffe43bc 1ffe43bc        4     1                 g_mask_level_before_disable
1ffe43c0 1ffe43c0       11     1         ./ra/fsp/src/rm_freertos_plus_tcp/NetworkInterface.o:(.bss.pxFSP_Eth_FillInterfaceDescriptor.pcName)
1ffe43c0 1ffe43c0       11     1                 pxFSP_Eth_FillInterfaceDescriptor.pcName
1ffe43d4 1ffe43d4       34     4         ./ra/fsp/src/bsp/mcu/all/bsp_group_irq.o:(.bss.g_bsp_group_irq_sources)
1ffe43d4 1ffe43d4       34     1                 g_bsp_group_irq_sources
1ffe4408 1ffe4408        4     4         ./ra/fsp/src/bsp/mcu/all/bsp_io.o:(.bss.g_protect_pfswe_counter)
1ffe4408 1ffe4408        4     1                 g_protect_pfswe_counter
1ffe440c 1ffe440c        4     4         ./ra/fsp/src/bsp/mcu/all/bsp_irq.o:(.bss.gp_renesas_isr_context)
1ffe440c 1ffe440c        4     1                 gp_renesas_isr_context
1ffe4410 1ffe4410        a     2         ./ra/fsp/src/bsp/mcu/all/bsp_register_protection.o:(.bss.g_protect_counters)
1ffe4410 1ffe4410        a     1                 g_protect_counters
1ffe441c 1ffe441c        4     4         ./ra/fsp/src/bsp/cmsis/Device/RENESAS/Source/system.o:(.bss.SystemCoreClock)
1ffe441c 1ffe441c        4     1                 SystemCoreClock
1ffe4420 1ffe4420        4     4         ./ra/aws/FreeRTOS/FreeRTOS/Source/portable/MemMang/heap_4.o:(.bss.pxEnd)
1ffe4420 1ffe4420        4     1                 pxEnd
1ffe4424 1ffe4424        4     4         ./ra/aws/FreeRTOS/FreeRTOS/Source/portable/MemMang/heap_4.o:(.bss.xFreeBytesRemaining)
1ffe4424 1ffe4424        4     1                 xFreeBytesRemaining
1ffe4428 1ffe4428        8     4         ./ra/aws/FreeRTOS/FreeRTOS/Source/portable/MemMang/heap_4.o:(.bss.xStart)
1ffe4428 1ffe4428        8     1                 xStart
1ffe4430 1ffe4430     8000     1         ./ra/aws/FreeRTOS/FreeRTOS/Source/portable/MemMang/heap_4.o:(.bss.ucHeap)
1ffe4430 1ffe4430     8000     1                 ucHeap
1ffec430 1ffec430        4     4         ./ra/aws/FreeRTOS/FreeRTOS/Source/portable/MemMang/heap_4.o:(.bss.xMinimumEverFreeBytesRemaining)
1ffec430 1ffec430        4     1                 xMinimumEverFreeBytesRemaining
1ffec434 1ffec434        4     4         ./ra/aws/FreeRTOS/FreeRTOS/Source/portable/MemMang/heap_4.o:(.bss.xNumberOfSuccessfulAllocations)
1ffec434 1ffec434        4     1                 xNumberOfSuccessfulAllocations
1ffec438 1ffec438        4     4         ./ra/aws/FreeRTOS/FreeRTOS/Source/portable/MemMang/heap_4.o:(.bss.xNumberOfSuccessfulFrees)
1ffec438 1ffec438        4     1                 xNumberOfSuccessfulFrees
1ffec43c 1ffec43c       50     4         ./ra/aws/FreeRTOS/FreeRTOS/Source/queue.o:(.bss.xQueueRegistry)
1ffec43c 1ffec43c       50     1                 xQueueRegistry
1ffec48c 1ffec48c        4     4         ./ra/aws/FreeRTOS/FreeRTOS/Source/tasks.o:(.bss.pxCurrentTCB)
1ffec48c 1ffec48c        4     1                 pxCurrentTCB
1ffec490 1ffec490        4     4         ./ra/aws/FreeRTOS/FreeRTOS/Source/tasks.o:(.bss.uxTaskNumber)
1ffec490 1ffec490        4     1                 uxTaskNumber
1ffec494 1ffec494        4     4         ./ra/aws/FreeRTOS/FreeRTOS/Source/tasks.o:(.bss.xSchedulerRunning)
1ffec494 1ffec494        4     1                 xSchedulerRunning
1ffec498 1ffec498       14     4         ./ra/aws/FreeRTOS/FreeRTOS/Source/tasks.o:(.bss.xTasksWaitingTermination)
1ffec498 1ffec498       14     1                 xTasksWaitingTermination
1ffec4ac 1ffec4ac        4     4         ./ra/aws/FreeRTOS/FreeRTOS/Source/tasks.o:(.bss.uxDeletedTasksWaitingCleanUp)
1ffec4ac 1ffec4ac        4     1                 uxDeletedTasksWaitingCleanUp
1ffec4b0 1ffec4b0        4     4         ./ra/aws/FreeRTOS/FreeRTOS/Source/tasks.o:(.bss.uxCurrentNumberOfTasks)
1ffec4b0 1ffec4b0        4     1                 uxCurrentNumberOfTasks
1ffec4b4 1ffec4b4        4     4         ./ra/aws/FreeRTOS/FreeRTOS/Source/tasks.o:(.bss.uxSchedulerSuspended)
1ffec4b4 1ffec4b4        4     1                 uxSchedulerSuspended
1ffec4b8 1ffec4b8        4     4         ./ra/aws/FreeRTOS/FreeRTOS/Source/tasks.o:(.bss.xTickCount)
1ffec4b8 1ffec4b8        4     1                 xTickCount
1ffec4bc 1ffec4bc       64     4         ./ra/aws/FreeRTOS/FreeRTOS/Source/tasks.o:(.bss.pxReadyTasksLists)
1ffec4bc 1ffec4bc       64     1                 pxReadyTasksLists
1ffec520 1ffec520        4     4         ./ra/aws/FreeRTOS/FreeRTOS/Source/tasks.o:(.bss.uxTopReadyPriority)
1ffec520 1ffec520        4     1                 uxTopReadyPriority
1ffec524 1ffec524       14     4         ./ra/aws/FreeRTOS/FreeRTOS/Source/tasks.o:(.bss.xSuspendedTaskList)
1ffec524 1ffec524       14     1                 xSuspendedTaskList
1ffec538 1ffec538        4     4         ./ra/aws/FreeRTOS/FreeRTOS/Source/tasks.o:(.bss.xYieldPendings)
1ffec538 1ffec538        4     1                 xYieldPendings
1ffec53c 1ffec53c       14     4         ./ra/aws/FreeRTOS/FreeRTOS/Source/tasks.o:(.bss.xPendingReadyList)
1ffec53c 1ffec53c       14     1                 xPendingReadyList
1ffec550 1ffec550        4     4         ./ra/aws/FreeRTOS/FreeRTOS/Source/tasks.o:(.bss.xNextTaskUnblockTime)
1ffec550 1ffec550        4     1                 xNextTaskUnblockTime
1ffec554 1ffec554        4     4         ./ra/aws/FreeRTOS/FreeRTOS/Source/tasks.o:(.bss.xIdleTaskHandles.0)
1ffec554 1ffec554        4     1                 xIdleTaskHandles.0
1ffec558 1ffec558        4     4         ./ra/aws/FreeRTOS/FreeRTOS/Source/tasks.o:(.bss.xPendedTicks)
1ffec558 1ffec558        4     1                 xPendedTicks
1ffec55c 1ffec55c        4     4         ./ra/aws/FreeRTOS/FreeRTOS/Source/tasks.o:(.bss.pxDelayedTaskList)
1ffec55c 1ffec55c        4     1                 pxDelayedTaskList
1ffec560 1ffec560        4     4         ./ra/aws/FreeRTOS/FreeRTOS/Source/tasks.o:(.bss.pxOverflowDelayedTaskList)
1ffec560 1ffec560        4     1                 pxOverflowDelayedTaskList
1ffec564 1ffec564        4     4         ./ra/aws/FreeRTOS/FreeRTOS/Source/tasks.o:(.bss.xNumOfOverflows)
1ffec564 1ffec564        4     1                 xNumOfOverflows
1ffec568 1ffec568       14     4         ./ra/aws/FreeRTOS/FreeRTOS/Source/tasks.o:(.bss.xDelayedTaskList1)
1ffec568 1ffec568       14     1                 xDelayedTaskList1
1ffec57c 1ffec57c       14     4         ./ra/aws/FreeRTOS/FreeRTOS/Source/tasks.o:(.bss.xDelayedTaskList2)
1ffec57c 1ffec57c       14     1                 xDelayedTaskList2
1ffec590 1ffec590        4     4         ./ra/aws/FreeRTOS/FreeRTOS/Source/timers.o:(.bss.xTimerQueue)
1ffec590 1ffec590        4     1                 xTimerQueue
1ffec594 1ffec594        4     4         ./ra/aws/FreeRTOS/FreeRTOS/Source/timers.o:(.bss.xTimerTaskHandle)
1ffec594 1ffec594        4     1                 xTimerTaskHandle
1ffec598 1ffec598        4     4         ./ra/aws/FreeRTOS/FreeRTOS/Source/timers.o:(.bss.pxCurrentTimerList)
1ffec598 1ffec598        4     1                 pxCurrentTimerList
1ffec59c 1ffec59c        4     4         ./ra/aws/FreeRTOS/FreeRTOS/Source/timers.o:(.bss.pxOverflowTimerList)
1ffec59c 1ffec59c        4     1                 pxOverflowTimerList
1ffec5a0 1ffec5a0        4     4         ./ra/aws/FreeRTOS/FreeRTOS/Source/timers.o:(.bss.prvSampleTimeNow.xLastTime)
1ffec5a0 1ffec5a0        4     1                 prvSampleTimeNow.xLastTime
1ffec5a4 1ffec5a4       14     4         ./ra/aws/FreeRTOS/FreeRTOS/Source/timers.o:(.bss.xActiveTimerList1)
1ffec5a4 1ffec5a4       14     1                 xActiveTimerList1
1ffec5b8 1ffec5b8       14     4         ./ra/aws/FreeRTOS/FreeRTOS/Source/timers.o:(.bss.xActiveTimerList2)
1ffec5b8 1ffec5b8       14     1                 xActiveTimerList2
1ffec5cc 1ffec5cc       48     4         ./ra/aws/FreeRTOS/FreeRTOS/Source/timers.o:(.bss.prvCheckForValidListAndQueue.xStaticTimerQueue)
1ffec5cc 1ffec5cc       48     1                 prvCheckForValidListAndQueue.xStaticTimerQueue
1ffec614 1ffec614       78     1         ./ra/aws/FreeRTOS/FreeRTOS/Source/timers.o:(.bss.prvCheckForValidListAndQueue.ucStaticTimerQueueStorage)
1ffec614 1ffec614       78     1                 prvCheckForValidListAndQueue.ucStaticTimerQueueStorage
1ffec68c 1ffec68c      230     4         ./ra/aws/FreeRTOS/FreeRTOS-Plus/Source/FreeRTOS-Plus-TCP/source/portable/BufferManagement/BufferAllocation_2.o:(.bss.xNetworkBuffersInitialise.xNetworkBufferDescriptors)
1ffec68c 1ffec68c      230     1                 xNetworkBuffersInitialise.xNetworkBufferDescriptors
1ffec8bc 1ffec8bc        4     4         ./ra/aws/FreeRTOS/FreeRTOS-Plus/Source/FreeRTOS-Plus-TCP/source/portable/BufferManagement/BufferAllocation_2.o:(.bss.xNetworkBufferSemaphore)
1ffec8bc 1ffec8bc        4     1                 xNetworkBufferSemaphore
1ffec8c0 1ffec8c0       48     4         ./ra/aws/FreeRTOS/FreeRTOS-Plus/Source/FreeRTOS-Plus-TCP/source/portable/BufferManagement/BufferAllocation_2.o:(.bss.xNetworkBuffersInitialise.xNetworkBufferSemaphoreBuffer)
1ffec8c0 1ffec8c0       48     1                 xNetworkBuffersInitialise.xNetworkBufferSemaphoreBuffer
1ffec908 1ffec908       14     4         ./ra/aws/FreeRTOS/FreeRTOS-Plus/Source/FreeRTOS-Plus-TCP/source/portable/BufferManagement/BufferAllocation_2.o:(.bss.xFreeBuffersList)
1ffec908 1ffec908       14     1                 xFreeBuffersList
1ffec91c 1ffec91c        4     4         ./ra/aws/FreeRTOS/FreeRTOS-Plus/Source/FreeRTOS-Plus-TCP/source/portable/BufferManagement/BufferAllocation_2.o:(.bss.uxMinimumFreeNetworkBuffers)
1ffec91c 1ffec91c        4     1                 uxMinimumFreeNetworkBuffers
1ffec920 1ffec920        1     4         ./ra/aws/FreeRTOS/FreeRTOS-Plus/Source/FreeRTOS-Plus-TCP/source/FreeRTOS_ARP.o:(.bss.eARPProcessPacket.uxARPClashCounter)
1ffec920 1ffec920        1     1                 eARPProcessPacket.uxARPClashCounter
1ffec924 1ffec924        8     4         ./ra/aws/FreeRTOS/FreeRTOS-Plus/Source/FreeRTOS-Plus-TCP/source/FreeRTOS_ARP.o:(.bss.eARPProcessPacket.xARPClashTimeOut)
1ffec924 1ffec924        8     1                 eARPProcessPacket.xARPClashTimeOut
1ffec92c 1ffec92c        4     4         ./ra/aws/FreeRTOS/FreeRTOS-Plus/Source/FreeRTOS-Plus-TCP/source/FreeRTOS_ARP.o:(.bss.xLastGratuitousARPTime)
1ffec92c 1ffec92c        4     1                 xLastGratuitousARPTime
1ffec930 1ffec930       60     4         ./ra/aws/FreeRTOS/FreeRTOS-Plus/Source/FreeRTOS-Plus-TCP/source/FreeRTOS_ARP.o:(.bss.xARPCache)
1ffec930 1ffec930       60     1                 xARPCache
1ffec990 1ffec990      11c     4         ./ra/aws/FreeRTOS/FreeRTOS-Plus/Source/FreeRTOS-Plus-TCP/source/FreeRTOS_DNS_Cache.o:(.bss.xDNSCache)
1ffec990 1ffec990      11c     1                 xDNSCache
1ffecaac 1ffecaac        4     4         ./ra/aws/FreeRTOS/FreeRTOS-Plus/Source/FreeRTOS-Plus-TCP/source/FreeRTOS_IP.o:(.bss.pxARPWaitingNetworkBuffer)
1ffecaac 1ffecaac        4     1                 pxARPWaitingNetworkBuffer
1ffecab0 1ffecab0        4     4         ./ra/aws/FreeRTOS/FreeRTOS-Plus/Source/FreeRTOS-Plus-TCP/source/FreeRTOS_IP.o:(.bss.xNetworkEventQueue)
1ffecab0 1ffecab0        4     1                 xNetworkEventQueue
1ffecab4 1ffecab4        2     2         ./ra/aws/FreeRTOS/FreeRTOS-Plus/Source/FreeRTOS-Plus-TCP/source/FreeRTOS_IP.o:(.bss.usPacketIdentifier)
1ffecab4 1ffecab4        2     1                 usPacketIdentifier
1ffecab8 1ffecab8        4     4         ./ra/aws/FreeRTOS/FreeRTOS-Plus/Source/FreeRTOS-Plus-TCP/source/FreeRTOS_IP.o:(.bss.xIPTaskHandle)
1ffecab8 1ffecab8        4     1                 xIPTaskHandle
1ffecabc 1ffecabc        4     4         ./ra/aws/FreeRTOS/FreeRTOS-Plus/Source/FreeRTOS-Plus-TCP/source/FreeRTOS_IP.o:(.bss.xNetworkDownEventPending)
1ffecabc 1ffecabc        4     1                 xNetworkDownEventPending
1ffecac0 1ffecac0       28     4         ./ra/aws/FreeRTOS/FreeRTOS-Plus/Source/FreeRTOS-Plus-TCP/source/FreeRTOS_IP.o:(.bss.FreeRTOS_IPInit.xInterfaces)
1ffecac0 1ffecac0       28     1                 FreeRTOS_IPInit.xInterfaces
1ffecae8 1ffecae8       74     4         ./ra/aws/FreeRTOS/FreeRTOS-Plus/Source/FreeRTOS-Plus-TCP/source/FreeRTOS_IP.o:(.bss.FreeRTOS_IPInit.xEndPoints)
1ffecae8 1ffecae8       74     1                 FreeRTOS_IPInit.xEndPoints
1ffecb5c 1ffecb5c       48     4         ./ra/aws/FreeRTOS/FreeRTOS-Plus/Source/FreeRTOS-Plus-TCP/source/FreeRTOS_IP.o:(.bss.FreeRTOS_IPInit_Multi.xNetworkEventStaticQueue)
1ffecb5c 1ffecb5c       48     1                 FreeRTOS_IPInit_Multi.xNetworkEventStaticQueue
1ffecba4 1ffecba4       78     1         ./ra/aws/FreeRTOS/FreeRTOS-Plus/Source/FreeRTOS-Plus-TCP/source/FreeRTOS_IP.o:(.bss.FreeRTOS_IPInit_Multi.ucNetworkEventQueueStorageArea)
1ffecba4 1ffecba4       78     1                 FreeRTOS_IPInit_Multi.ucNetworkEventQueueStorageArea
1ffecc1c 1ffecc1c       60     4         ./ra/aws/FreeRTOS/FreeRTOS-Plus/Source/FreeRTOS-Plus-TCP/source/FreeRTOS_IP.o:(.bss.FreeRTOS_IPInit_Multi.xIPTaskBuffer)
1ffecc1c 1ffecc1c       60     1                 FreeRTOS_IPInit_Multi.xIPTaskBuffer
1ffecc7c 1ffecc7c      a00     4         ./ra/aws/FreeRTOS/FreeRTOS-Plus/Source/FreeRTOS-Plus-TCP/source/FreeRTOS_IP.o:(.bss.FreeRTOS_IPInit_Multi.xIPTaskStack)
1ffecc7c 1ffecc7c      a00     1                 FreeRTOS_IPInit_Multi.xIPTaskStack
1ffed67c 1ffed67c        2     2         ./ra/aws/FreeRTOS/FreeRTOS-Plus/Source/FreeRTOS-Plus-TCP/source/FreeRTOS_IP.o:(.bss.FreeRTOS_SendPingRequest.usSequenceNumber)
1ffed67c 1ffed67c        2     1                 FreeRTOS_SendPingRequest.usSequenceNumber
1ffed680 1ffed680        1     4         ./ra/aws/FreeRTOS/FreeRTOS-Plus/Source/FreeRTOS-Plus-TCP/source/FreeRTOS_IP.o:(.bss.xIPTaskInitialised)
1ffed680 1ffed680        1     1                 xIPTaskInitialised
1ffed684 1ffed684       14     4         ./ra/aws/FreeRTOS/FreeRTOS-Plus/Source/FreeRTOS-Plus-TCP/source/FreeRTOS_IP_Timers.o:(.bss.xARPTimer)
1ffed684 1ffed684       14     1                 xARPTimer
1ffed698 1ffed698       14     4         ./ra/aws/FreeRTOS/FreeRTOS-Plus/Source/FreeRTOS-Plus-TCP/source/FreeRTOS_IP_Timers.o:(.bss.xTCPTimer)
1ffed698 1ffed698       14     1                 xTCPTimer
1ffed6ac 1ffed6ac       14     4         ./ra/aws/FreeRTOS/FreeRTOS-Plus/Source/FreeRTOS-Plus-TCP/source/FreeRTOS_IP_Timers.o:(.bss.xARPResolutionTimer)
1ffed6ac 1ffed6ac       14     1                 xARPResolutionTimer
1ffed6c0 1ffed6c0        4     4         ./ra/aws/FreeRTOS/FreeRTOS-Plus/Source/FreeRTOS-Plus-TCP/source/FreeRTOS_IP_Timers.o:(.bss.xAllNetworksUp)
1ffed6c0 1ffed6c0        4     1                 xAllNetworksUp
1ffed6c4 1ffed6c4       14     4         ./ra/aws/FreeRTOS/FreeRTOS-Plus/Source/FreeRTOS-Plus-TCP/source/FreeRTOS_IP_Timers.o:(.bss.xNetworkTimer)
1ffed6c4 1ffed6c4       14     1                 xNetworkTimer
1ffed6d8 1ffed6d8        4     4         ./ra/aws/FreeRTOS/FreeRTOS-Plus/Source/FreeRTOS-Plus-TCP/source/FreeRTOS_Routing.o:(.bss.pxNetworkEndPoints)
1ffed6d8 1ffed6d8        4     1                 pxNetworkEndPoints
1ffed6dc 1ffed6dc        4     4         ./ra/aws/FreeRTOS/FreeRTOS-Plus/Source/FreeRTOS-Plus-TCP/source/FreeRTOS_Routing.o:(.bss.pxNetworkInterfaces)
1ffed6dc 1ffed6dc        4     1                 pxNetworkInterfaces
1ffed6e0 1ffed6e0       14     4         ./ra/aws/FreeRTOS/FreeRTOS-Plus/Source/FreeRTOS-Plus-TCP/source/FreeRTOS_Sockets.o:(.bss.xBoundUDPSocketsList)
1ffed6e0 1ffed6e0       14     1                 xBoundUDPSocketsList
1ffed6f4 1ffed6f4       14     4         ./ra/aws/FreeRTOS/FreeRTOS-Plus/Source/FreeRTOS-Plus-TCP/source/FreeRTOS_Sockets.o:(.bss.xBoundTCPSocketsList)
1ffed6f4 1ffed6f4       14     1                 xBoundTCPSocketsList
1ffed708 1ffed708        4     4         ./ra/aws/FreeRTOS/FreeRTOS-Plus/Source/FreeRTOS-Plus-TCP/source/FreeRTOS_Sockets.o:(.bss.xTCPTimerCheck.xLastTime)
1ffed708 1ffed708        4     1                 xTCPTimerCheck.xLastTime
1ffed70c 1ffed70c        4     4         ./ra/aws/FreeRTOS/FreeRTOS-Plus/Source/FreeRTOS-Plus-TCP/source/FreeRTOS_TCP_IP.o:(.bss.xSocketToClose)
1ffed70c 1ffed70c        4     1                 xSocketToClose
1ffed710 1ffed710        4     4         ./ra/aws/FreeRTOS/FreeRTOS-Plus/Source/FreeRTOS-Plus-TCP/source/FreeRTOS_TCP_IP.o:(.bss.xSocketToListen)
1ffed710 1ffed710        4     1                 xSocketToListen
1ffed720 1ffed720        4    16         D:\Renesas\RA\e2studio_v2023-07_fsp_v4.6.0\toolchains\llvm_arm\LLVM-ET-Arm-18.1.3-Windows-x86_64\bin\..\lib\clang-runtimes/arm-none-eabi/armv7em_hard_fpv4_sp_d16_exn_rtti\lib\libc.a(libc_picolib_machine_arm_read_tp.S.o):(.bss)
1ffed720 1ffed720        4     1                 __tls
1ffed724 1ffed724        0     1         __ram_zero$$Limit = .
1ffed728      4b0        8     8 __ram_tdata$$
1ffed728      4b0        0     1         __ram_tdata$$Base = .
1ffed728      4b0        0     1         __ram_tdata$$Load = LOADADDR ( __ram_tdata$$ )
1ffed728      4b0        8     8         D:\Renesas\RA\e2studio_v2023-07_fsp_v4.6.0\toolchains\llvm_arm\LLVM-ET-Arm-18.1.3-Windows-x86_64\bin\..\lib\clang-runtimes/arm-none-eabi/armv7em_hard_fpv4_sp_d16_exn_rtti\lib\libc.a(libc_stdlib_random.c.o):(.tdata)
       0 ffffffffe0012d88        8     1                 _rand_next
1ffed730      4b8        0     1         __ram_tdata$$Limit = .
1ffed730 1ffed730        0     1 __ram_tbss$$
1ffed730 1ffed730        0     1         __ram_tbss$$Base = .
1ffed730 1ffed730        0     1         __ram_tbss$$Limit = .
1ffed730 1ffed730     1000     8 __ram_thread_stack$$
1ffed730 1ffed730        0     1         __ram_thread_stack$$Base = .
1ffed730 1ffed730     1000     8         ./ra_gen/new_thread0.o:(.stack.new_thread0)
1ffed730 1ffed730     1000     1                 new_thread0_stack
1ffee730 1ffee730        0     1         __ram_thread_stack$$Limit = .
1ffee800 1ffee800        0     1 .ram.endof
1ffee800 1ffee800        0     1         __ddsc_RAM_END = .
     4c0      4c0     e552    16 __flash_readonly$$
     4c0      4c0        0     1         __flash_readonly$$Base = .
     4c0      4c0      174     4         ./src/SEGGER_RTT/SEGGER_RTT.o:(.text.SEGGER_RTT_WriteNoLock)
     4c0      4c0        0     1                 $t.6
     4c1      4c1      174     1                 SEGGER_RTT_WriteNoLock
     634      634       a2     4         ./src/SEGGER_RTT/SEGGER_RTT.o:(.text.SEGGER_RTT_Write)
     634      634        0     1                 $t.8
     635      635       a2     1                 SEGGER_RTT_Write
     6d8      6d8      4ac     4         ./src/SEGGER_RTT/SEGGER_RTT_printf.o:(.text.SEGGER_RTT_vprintf)
     6d8      6d8        0     1                 $t.0
     6d9      6d9      4ac     1                 SEGGER_RTT_vprintf
     784      784        0     1                 $d.1
     792      792        0     1                 $t.2
     858      858        0     1                 $d.3
     87a      87a        0     1                 $t.4
     b84      b84      184     4         ./src/SEGGER_RTT/SEGGER_RTT_printf.o:(.text._PrintUnsigned)
     b84      b84        0     1                 $t.5
     b85      b85      184     1                 _PrintUnsigned
     d08      d08       22     4         ./src/SEGGER_RTT/SEGGER_RTT_printf.o:(.text.SEGGER_RTT_printf)
     d08      d08        0     1                 $t.6
     d09      d09       22     1                 SEGGER_RTT_printf
     d2c      d2c       1a     4         ./src/hal_warmstart.o:(.text.R_BSP_WarmStart)
     d2c      d2c        0     1                 $t.0
     d2d      d2d       1a     1                 R_BSP_WarmStart
     d48      d48       1a     4         ./src/new_thread0_entry.o:(.text.vApplicationPingReplyHook)
     d48      d48        0     1                 $t.0
     d49      d49       1a     1                 vApplicationPingReplyHook
     d64      d64      110     4         ./src/new_thread0_entry.o:(.text._Z14print_ipconfigv)
     d64      d64        0     1                 $t.1
     d65      d65      110     1                 print_ipconfig()
     e74      e74      1e4     4         ./src/new_thread0_entry.o:(.text.new_thread0_entry)
     e74      e74        0     1                 $t.5
     e75      e75      1e4     1                 new_thread0_entry
    1058     1058        2     4         ./ra_gen/common_data.o:(.text.g_common_init)
    1058     1058        0     1                 $t.0
    1059     1059        2     1                 g_common_init
    105c     105c        4     4         ./ra_gen/hal_data.o:(.text.g_hal_init)
    105c     105c        0     1                 $t.0
    105d     105d        4     1                 g_hal_init
    1060     1060        4     4         ./ra_gen/main.o:(.text.rtos_startup_err_callback_internal)
    1060     1060        0     1                 $t.0
    1061     1061        4     1                 rtos_startup_err_callback_internal
    1061     1061        4     1                 rtos_startup_err_callback
    1064     1064       64     4         ./ra_gen/main.o:(.text.rtos_startup_common_init)
    1064     1064        0     1                 $t.1
    1065     1065       64     1                 rtos_startup_common_init
    10c8     10c8       4c     4         ./ra_gen/main.o:(.text.main)
    10c8     10c8        0     1                 $t.2
    10c9     10c9       4c     1                 main
    1114     1114       1a     4         ./ra_gen/main.o:(.text.vApplicationGetIdleTaskMemory)
    1114     1114        0     1                 $t.3
    1115     1115       1a     1                 vApplicationGetIdleTaskMemory
    1130     1130       1a     4         ./ra_gen/main.o:(.text.vApplicationGetTimerTaskMemory)
    1130     1130        0     1                 $t.4
    1131     1131       1a     1                 vApplicationGetTimerTaskMemory
    114c     114c       6e     4         ./ra_gen/new_thread0.o:(.text.new_thread0_create)
    114c     114c        0     1                 $t.0
    114d     114d       6e     1                 new_thread0_create
    11bc     11bc       14     4         ./ra_gen/new_thread0.o:(.text.new_thread0_func)
    11bc     11bc        0     1                 $t.1
    11bd     11bd       14     1                 new_thread0_func
    11d0     11d0       18     4         ./ra/fsp/src/rm_freertos_port/port.o:(.text.SVC_Handler)
    11d0     11d0        0     1                 $t.0
    11d1     11d1       12     1                 SVC_Handler
    11e4     11e4        0     1                 $d.15
    11e8     11e8       3c     4         ./ra/fsp/src/rm_freertos_port/port.o:(.text.PendSV_Handler)
    11e8     11e8        0     1                 $t.1
    11e9     11e9       38     1                 PendSV_Handler
    1220     1220        0     1                 $d.16
    1224     1224       20     4         ./ra/fsp/src/rm_freertos_port/port.o:(.text.rm_freertos_port_restore_task_stackless)
    1224     1224        0     1                 $t.2
    1225     1225       1a     1                 rm_freertos_port_restore_task_stackless
    1238     1238        0     1                 _skip_restore_ns_context
    1240     1240        0     1                 $d.17
    1244     1244       28     4         ./ra/fsp/src/rm_freertos_port/port.o:(.text.SysTick_Handler)
    1244     1244        0     1                 $t.3
    1245     1245       28     1                 SysTick_Handler
    126c     126c       38     4         ./ra/fsp/src/rm_freertos_port/port.o:(.text.vPortSVCHandler_C)
    126c     126c        0     1                 $t.4
    126d     126d       38     1                 vPortSVCHandler_C
    12a4     12a4       24     4         ./ra/fsp/src/rm_freertos_port/port.o:(.text.pxPortInitialiseStack)
    12a4     12a4        0     1                 $t.5
    12a5     12a5       24     1                 pxPortInitialiseStack
    12c8     12c8        6     4         ./ra/fsp/src/rm_freertos_port/port.o:(.text.prvTaskExitError)
    12c8     12c8        0     1                 $t.6
    12c9     12c9        6     1                 prvTaskExitError
    12d0     12d0       40     4         ./ra/fsp/src/rm_freertos_port/port.o:(.text.xPortStartScheduler)
    12d0     12d0        0     1                 $t.7
    12d1     12d1       40     1                 xPortStartScheduler
    1310     1310       46     4         ./ra/fsp/src/rm_freertos_port/port.o:(.text.vPortSetupTimerInterrupt)
    1310     1310        0     1                 $t.8
    1311     1311       46     1                 vPortSetupTimerInterrupt
    1358     1358       5c     4         ./ra/fsp/src/rm_freertos_port/port.o:(.text.vPortEnterCritical)
    1358     1358        0     1                 $t.10
    1359     1359       5c     1                 vPortEnterCritical
    13b4     13b4       48     4         ./ra/fsp/src/rm_freertos_port/port.o:(.text.vPortExitCritical)
    13b4     13b4        0     1                 $t.11
    13b5     13b5       48     1                 vPortExitCritical
    13fc     13fc       7a     4         ./ra/fsp/src/rm_freertos_port/port.o:(.text.vApplicationIdleHook)
    13fc     13fc        0     1                 $t.13
    13fd     13fd       7a     1                 vApplicationIdleHook
    1478     1478       70     4         ./ra/fsp/src/rm_freertos_port/port.o:(.text.vPortValidateInterruptPriority)
    1478     1478        0     1                 $t.14
    1479     1479       70     1                 vPortValidateInterruptPriority
    14e8     14e8       76     4         ./ra/fsp/src/rm_freertos_plus_tcp/NetworkInterface.o:(.text.vEtherISRCallback)
    14e8     14e8        0     1                 $t.0
    14e9     14e9       76     1                 vEtherISRCallback
    1560     1560      10e     4         ./ra/fsp/src/rm_freertos_plus_tcp/NetworkInterface.o:(.text.xFSP_Eth_NetworkInterfaceInitialise)
    1560     1560        0     1                 $t.3
    1561     1561      10e     1                 xFSP_Eth_NetworkInterfaceInitialise
    1670     1670       48     4         ./ra/fsp/src/rm_freertos_plus_tcp/NetworkInterface.o:(.text.xFSP_Eth_NetworkInterfaceOutput)
    1670     1670        0     1                 $t.4
    1671     1671       48     1                 xFSP_Eth_NetworkInterfaceOutput
    16b8     16b8       22     4         ./ra/fsp/src/rm_freertos_plus_tcp/NetworkInterface.o:(.text.xFSP_Eth_GetPhyLinkStatus)
    16b8     16b8        0     1                 $t.5
    16b9     16b9       22     1                 xFSP_Eth_GetPhyLinkStatus
    16dc     16dc       86     4         ./ra/fsp/src/rm_freertos_plus_tcp/NetworkInterface.o:(.text.pxFillInterfaceDescriptor)
    16dc     16dc        0     1                 $t.6
    16dd     16dd       86     1                 pxFillInterfaceDescriptor
    1764     1764       1a     4         ./ra/fsp/src/rm_freertos_plus_tcp/NetworkInterface.o:(.text.xApplicationGetRandomNumber)
    1764     1764        0     1                 $t.7
    1765     1765       1a     1                 xApplicationGetRandomNumber
    1780     1780       1c     4         ./ra/fsp/src/rm_freertos_plus_tcp/NetworkInterface.o:(.text.ulApplicationGetNextSequenceNumber)
    1780     1780        0     1                 $t.8
    1781     1781       1c     1                 ulApplicationGetNextSequenceNumber
    179c     179c       b0     4         ./ra/fsp/src/rm_freertos_plus_tcp/NetworkInterface.o:(.text.prvRXHandlerTask)
    179c     179c        0     1                 $t.9
    179d     179d       b0     1                 prvRXHandlerTask
    184c     184c       6e     4         ./ra/fsp/src/rm_freertos_plus_tcp/NetworkInterface.o:(.text.prvCheckLinkStatusTask)
    184c     184c        0     1                 $t.10
    184d     184d       6e     1                 prvCheckLinkStatusTask
    18bc     18bc       18     4         ./ra/fsp/src/r_ioport/r_ioport.o:(.text.R_IOPORT_Open)
    18bc     18bc        0     1                 $t.0
    18bd     18bd       18     1                 R_IOPORT_Open
    18d4     18d4       cc     4         ./ra/fsp/src/r_ioport/r_ioport.o:(.text.r_ioport_pins_config)
    18d4     18d4        0     1                 $t.13
    18d5     18d5       cc     1                 r_ioport_pins_config
    19a0     19a0       de     4         ./ra/fsp/src/r_ioport/r_ioport.o:(.text.bsp_vbatt_init)
    19a0     19a0        0     1                 $t.14
    19a1     19a1       de     1                 bsp_vbatt_init
    1a80     1a80       88     4         ./ra/fsp/src/r_ether_phy/r_ether_phy.o:(.text.R_ETHER_PHY_Open)
    1a80     1a80        0     1                 $t.0
    1a81     1a81       88     1                 R_ETHER_PHY_Open
    1b08     1b08       12     4         ./ra/fsp/src/r_ether_phy/r_ether_phy.o:(.text.R_ETHER_PHY_Close)
    1b08     1b08        0     1                 $t.1
    1b09     1b09       12     1                 R_ETHER_PHY_Close
    1b1c     1b1c       54     4         ./ra/fsp/src/r_ether_phy/r_ether_phy.o:(.text.R_ETHER_PHY_ChipInit)
    1b1c     1b1c        0     1                 $t.2
    1b1d     1b1d       54     1                 R_ETHER_PHY_ChipInit
    1b70     1b70      1c6     4         ./ra/fsp/src/r_ether_phy/r_ether_phy.o:(.text.R_ETHER_PHY_Read)
    1b70     1b70        0     1                 $t.3
    1b71     1b71      1c6     1                 R_ETHER_PHY_Read
    1d38     1d38      23e     4         ./ra/fsp/src/r_ether_phy/r_ether_phy.o:(.text.R_ETHER_PHY_Write)
    1d38     1d38        0     1                 $t.4
    1d39     1d39      23e     1                 R_ETHER_PHY_Write
    1f78     1f78       3e     4         ./ra/fsp/src/r_ether_phy/r_ether_phy.o:(.text.R_ETHER_PHY_StartAutoNegotiate)
    1f78     1f78        0     1                 $t.5
    1f79     1f79       3e     1                 R_ETHER_PHY_StartAutoNegotiate
    1fb8     1fb8       b6     4         ./ra/fsp/src/r_ether_phy/r_ether_phy.o:(.text.R_ETHER_PHY_LinkPartnerAbilityGet)
    1fb8     1fb8        0     1                 $t.6
    1fb9     1fb9       b6     1                 R_ETHER_PHY_LinkPartnerAbilityGet
    2070     2070       2e     4         ./ra/fsp/src/r_ether_phy/r_ether_phy.o:(.text.R_ETHER_PHY_LinkStatusGet)
    2070     2070        0     1                 $t.7
    2071     2071       2e     1                 R_ETHER_PHY_LinkStatusGet
    20a0     20a0       f0     4         ./ra/fsp/src/r_ether_phy/r_ether_phy.o:(.text.ether_phy_reg_set)
    20a0     20a0        0     1                 $t.8
    20a1     20a1       f0     1                 ether_phy_reg_set
    2190     2190      1d8     4         ./ra/fsp/src/r_ether/r_ether.o:(.text.R_ETHER_Open)
    2190     2190        0     1                 $t.0
    2191     2191      1d8     1                 R_ETHER_Open
    2368     2368       aa     4         ./ra/fsp/src/r_ether/r_ether.o:(.text.R_ETHER_Close)
    2368     2368        0     1                 $t.1
    2369     2369       aa     1                 R_ETHER_Close
    2414     2414      116     4         ./ra/fsp/src/r_ether/r_ether.o:(.text.R_ETHER_Read)
    2414     2414        0     1                 $t.2
    2415     2415      116     1                 R_ETHER_Read
    252c     252c       54     4         ./ra/fsp/src/r_ether/r_ether.o:(.text.R_ETHER_BufferRelease)
    252c     252c        0     1                 $t.3
    252d     252d       54     1                 R_ETHER_BufferRelease
    2580     2580       40     4         ./ra/fsp/src/r_ether/r_ether.o:(.text.R_ETHER_RxBufferUpdate)
    2580     2580        0     1                 $t.4
    2581     2581       40     1                 R_ETHER_RxBufferUpdate
    25c0     25c0       98     4         ./ra/fsp/src/r_ether/r_ether.o:(.text.R_ETHER_Write)
    25c0     25c0        0     1                 $t.5
    25c1     25c1       98     1                 R_ETHER_Write
    2658     2658      2c2     4         ./ra/fsp/src/r_ether/r_ether.o:(.text.R_ETHER_LinkProcess)
    2658     2658        0     1                 $t.6
    2659     2659      2c2     1                 R_ETHER_LinkProcess
    291c     291c       46     4         ./ra/fsp/src/r_ether/r_ether.o:(.text.R_ETHER_WakeOnLANEnable)
    291c     291c        0     1                 $t.7
    291d     291d       46     1                 R_ETHER_WakeOnLANEnable
    2964     2964       34     4         ./ra/fsp/src/r_ether/r_ether.o:(.text.R_ETHER_TxStatusGet)
    2964     2964        0     1                 $t.8
    2965     2965       34     1                 R_ETHER_TxStatusGet
    2998     2998        e     4         ./ra/fsp/src/r_ether/r_ether.o:(.text.R_ETHER_CallbackSet)
    2998     2998        0     1                 $t.9
    2999     2999        e     1                 R_ETHER_CallbackSet
    29a8     29a8      1e2     4         ./ra/fsp/src/r_ether/r_ether.o:(.text.ether_configure_mac)
    29a8     29a8        0     1                 $t.10
    29a9     29a9      1e2     1                 ether_configure_mac
    2b8c     2b8c      154     4         ./ra/fsp/src/r_ether/r_ether.o:(.text.ether_do_link)
    2b8c     2b8c        0     1                 $t.11
    2b8d     2b8d      154     1                 ether_do_link
    2bcc     2bcc        0     1                 $d.12
    2bd0     2bd0        0     1                 $t.13
    2ce0     2ce0      188     4         ./ra/fsp/src/r_ether/r_ether.o:(.text.ether_eint_isr)
    2ce0     2ce0        0     1                 $t.14
    2ce1     2ce1      188     1                 ether_eint_isr
    2e68     2e68       2c     4         ./ra/fsp/src/bsp/mcu/all/bsp_clocks.o:(.text.SystemCoreClockUpdate)
    2e68     2e68        0     1                 $t.2
    2e69     2e69       2c     1                 SystemCoreClockUpdate
    2e94     2e94      142     4         ./ra/fsp/src/bsp/mcu/all/bsp_clocks.o:(.text.bsp_clock_init)
    2e94     2e94        0     1                 $t.7
    2e95     2e95      142     1                 bsp_clock_init
    2fd8     2fd8        2     4         ./ra/fsp/src/bsp/mcu/all/bsp_clocks.o:(.text.R_BSP_SubClockStabilizeWaitAfterReset)
    2fd8     2fd8        0     1                 $t.9
    2fd9     2fd9        2     1                 R_BSP_SubClockStabilizeWaitAfterReset
    2fdc     2fdc       7e     4         ./ra/fsp/src/bsp/mcu/all/bsp_clocks.o:(.text.R_BSP_Init_RTC)
    2fdc     2fdc        0     1                 $t.12
    2fdd     2fdd       7e     1                 R_BSP_Init_RTC
    305c     305c        2     4         ./ra/fsp/src/bsp/mcu/all/bsp_common.o:(.text.bsp_init_internal)
    305c     305c        0     1                 $t.0
    305d     305d        2     1                 bsp_init_internal
    305d     305d        2     1                 bsp_init
    3060     3060        e     4         ./ra/fsp/src/bsp/mcu/all/bsp_common.o:(.text.R_FSP_VersionGet)
    3060     3060        0     1                 $t.1
    3061     3061        e     1                 R_FSP_VersionGet
    3070     3070        6     4         ./ra/fsp/src/bsp/mcu/all/bsp_common.o:(.text.__assert_func)
    3070     3070        0     1                 $t.2
    3071     3071        6     1                 __assert_func
    3078     3078       82     4         ./ra/fsp/src/bsp/mcu/all/bsp_delay.o:(.text.R_BSP_SoftwareDelay)
    3078     3078        0     1                 $t.0
    3079     3079       82     1                 R_BSP_SoftwareDelay
    30fc     30fc        8     4         ./ra/fsp/src/bsp/mcu/all/bsp_delay.o:(.text.bsp_prv_software_delay_loop)
    30fc     30fc        0     1                 sw_delay_loop
    30fc     30fc        0     1                 $t.1
    30fd     30fd        8     1                 bsp_prv_software_delay_loop
    3104     3104       52     4         ./ra/fsp/src/bsp/mcu/all/bsp_group_irq.o:(.text.NMI_Handler)
    3104     3104        0     1                 $t.1
    3105     3105       52     1                 NMI_Handler
    3158     3158       1a     4         ./ra/fsp/src/bsp/mcu/all/bsp_irq.o:(.text.bsp_irq_cfg)
    3158     3158        0     1                 $t.0
    3159     3159       1a     1                 bsp_irq_cfg
    3174     3174       58     4         ./ra/fsp/src/bsp/mcu/all/bsp_register_protection.o:(.text.R_BSP_RegisterProtectEnable)
    3174     3174        0     1                 $t.0
    3175     3175       58     1                 R_BSP_RegisterProtectEnable
    31cc     31cc       50     4         ./ra/fsp/src/bsp/mcu/all/bsp_register_protection.o:(.text.R_BSP_RegisterProtectDisable)
    31cc     31cc        0     1                 $t.1
    31cd     31cd       50     1                 R_BSP_RegisterProtectDisable
    321c     321c        e     4         ./ra/fsp/src/bsp/cmsis/Device/RENESAS/Source/startup.o:(.text.Reset_Handler)
    321c     321c        0     1                 $t.0
    321d     321d        e     1                 Reset_Handler
    322c     322c        4     4         ./ra/fsp/src/bsp/cmsis/Device/RENESAS/Source/startup.o:(.text.Default_Handler)
    322c     322c        0     1                 $t.1
    322d     322d        4     1                 Default_Handler
    322d     322d        4     1                 HardFault_Handler
    322d     322d        4     1                 MemManage_Handler
    322d     322d        4     1                 BusFault_Handler
    322d     322d        4     1                 UsageFault_Handler
    322d     322d        4     1                 SecureFault_Handler
    322d     322d        4     1                 DebugMon_Handler
    3230     3230      184     4         ./ra/fsp/src/bsp/cmsis/Device/RENESAS/Source/system.o:(.text.SystemInit)
    3230     3230        0     1                 $t.0
    3231     3231      184     1                 SystemInit
    33b4     33b4      244     4         ./ra/aws/FreeRTOS/FreeRTOS/Source/portable/MemMang/heap_4.o:(.text.pvPortMalloc)
    33b4     33b4        0     1                 $t.0
    33b5     33b5      244     1                 pvPortMalloc
    35f8     35f8      14e     4         ./ra/aws/FreeRTOS/FreeRTOS/Source/portable/MemMang/heap_4.o:(.text.vPortFree)
    35f8     35f8        0     1                 $t.1
    35f9     35f9      14e     1                 vPortFree
    3748     3748       24     4         ./ra/aws/FreeRTOS/FreeRTOS/Source/event_groups.o:(.text.xEventGroupCreate)
    3748     3748        0     1                 $t.1
    3749     3749       24     1                 xEventGroupCreate
    376c     376c       c4     4         ./ra/aws/FreeRTOS/FreeRTOS/Source/event_groups.o:(.text.xEventGroupSetBits)
    376c     376c        0     1                 $t.3
    376d     376d       c4     1                 xEventGroupSetBits
    3830     3830       7e     4         ./ra/aws/FreeRTOS/FreeRTOS/Source/event_groups.o:(.text.vEventGroupDelete)
    3830     3830        0     1                 $t.7
    3831     3831       7e     1                 vEventGroupDelete
    38b0     38b0       16     4         ./ra/aws/FreeRTOS/FreeRTOS/Source/list.o:(.text.vListInitialise)
    38b0     38b0        0     1                 $t.0
    38b1     38b1       16     1                 vListInitialise
    38c8     38c8        6     4         ./ra/aws/FreeRTOS/FreeRTOS/Source/list.o:(.text.vListInitialiseItem)
    38c8     38c8        0     1                 $t.1
    38c9     38c9        6     1                 vListInitialiseItem
    38d0     38d0       16     4         ./ra/aws/FreeRTOS/FreeRTOS/Source/list.o:(.text.vListInsertEnd)
    38d0     38d0        0     1                 $t.2
    38d1     38d1       16     1                 vListInsertEnd
    38e8     38e8       3e     4         ./ra/aws/FreeRTOS/FreeRTOS/Source/list.o:(.text.vListInsert)
    38e8     38e8        0     1                 $t.3
    38e9     38e9       3e     1                 vListInsert
    3928     3928       22     4         ./ra/aws/FreeRTOS/FreeRTOS/Source/list.o:(.text.uxListRemove)
    3928     3928        0     1                 $t.4
    3929     3929       22     1                 uxListRemove
    394c     394c       c8     4         ./ra/aws/FreeRTOS/FreeRTOS/Source/queue.o:(.text.xQueueGenericReset)
    394c     394c        0     1                 $t.0
    394d     394d       c8     1                 xQueueGenericReset
    3a14     3a14       a0     4         ./ra/aws/FreeRTOS/FreeRTOS/Source/queue.o:(.text.xQueueGenericCreateStatic)
    3a14     3a14        0     1                 $t.1
    3a15     3a15       a0     1                 xQueueGenericCreateStatic
    3ab4     3ab4       9c     4         ./ra/aws/FreeRTOS/FreeRTOS/Source/queue.o:(.text.xQueueCreateCountingSemaphoreStatic)
    3ab4     3ab4        0     1                 $t.4
    3ab5     3ab5       9c     1                 xQueueCreateCountingSemaphoreStatic
    3b50     3b50      222     4         ./ra/aws/FreeRTOS/FreeRTOS/Source/queue.o:(.text.xQueueGenericSend)
    3b50     3b50        0     1                 $t.6
    3b51     3b51      222     1                 xQueueGenericSend
    3d74     3d74       7e     4         ./ra/aws/FreeRTOS/FreeRTOS/Source/queue.o:(.text.prvUnlockQueue)
    3d74     3d74        0     1                 $t.7
    3d75     3d75       7e     1                 prvUnlockQueue
    3df4     3df4      1ba     4         ./ra/aws/FreeRTOS/FreeRTOS/Source/queue.o:(.text.xQueueReceive)
    3df4     3df4        0     1                 $t.10
    3df5     3df5      1ba     1                 xQueueReceive
    3fb0     3fb0      194     4         ./ra/aws/FreeRTOS/FreeRTOS/Source/queue.o:(.text.xQueueSemaphoreTake)
    3fb0     3fb0        0     1                 $t.11
    3fb1     3fb1      194     1                 xQueueSemaphoreTake
    4144     4144       36     4         ./ra/aws/FreeRTOS/FreeRTOS/Source/queue.o:(.text.uxQueueMessagesWaiting)
    4144     4144        0     1                 $t.15
    4145     4145       36     1                 uxQueueMessagesWaiting
    417c     417c       58     4         ./ra/aws/FreeRTOS/FreeRTOS/Source/queue.o:(.text.vQueueDelete)
    417c     417c        0     1                 $t.18
    417d     417d       58     1                 vQueueDelete
    41d4     41d4       72     4         ./ra/aws/FreeRTOS/FreeRTOS/Source/queue.o:(.text.vQueueAddToRegistry)
    41d4     41d4        0     1                 $t.24
    41d5     41d5       72     1                 vQueueAddToRegistry
    4248     4248       50     4         ./ra/aws/FreeRTOS/FreeRTOS/Source/queue.o:(.text.vQueueWaitForMessageRestricted)
    4248     4248        0     1                 $t.26
    4249     4249       50     1                 vQueueWaitForMessageRestricted
    4298     4298      12a     4         ./ra/aws/FreeRTOS/FreeRTOS/Source/tasks.o:(.text.xTaskCreateStatic)
    4298     4298        0     1                 $t.0
    4299     4299      12a     1                 xTaskCreateStatic
    43c4     43c4      148     4         ./ra/aws/FreeRTOS/FreeRTOS/Source/tasks.o:(.text.prvAddNewTaskToReadyList)
    43c4     43c4        0     1                 $t.1
    43c5     43c5      148     1                 prvAddNewTaskToReadyList
    450c     450c       d6     4         ./ra/aws/FreeRTOS/FreeRTOS/Source/tasks.o:(.text.xTaskCreate)
    450c     450c        0     1                 $t.2
    450d     450d       d6     1                 xTaskCreate
    45e4     45e4       10     4         ./ra/aws/FreeRTOS/FreeRTOS/Source/tasks.o:(.text.vTaskSuspendAll)
    45e4     45e4        0     1                 $t.5
    45e5     45e5       10     1                 vTaskSuspendAll
    45f4     45f4       b0     4         ./ra/aws/FreeRTOS/FreeRTOS/Source/tasks.o:(.text.prvAddCurrentTaskToDelayedList)
    45f4     45f4        0     1                 $t.6
    45f5     45f5       b0     1                 prvAddCurrentTaskToDelayedList
    46a4     46a4      19e     4         ./ra/aws/FreeRTOS/FreeRTOS/Source/tasks.o:(.text.xTaskResumeAll)
    46a4     46a4        0     1                 $t.7
    46a5     46a5      19e     1                 xTaskResumeAll
    4844     4844       c8     4         ./ra/aws/FreeRTOS/FreeRTOS/Source/tasks.o:(.text.vTaskDelay)
    4844     4844        0     1                 $t.8
    4845     4845       c8     1                 vTaskDelay
    490c     490c       ae     4         ./ra/aws/FreeRTOS/FreeRTOS/Source/tasks.o:(.text.vTaskSwitchContext)
    490c     490c        0     1                 $t.13
    490d     490d       ae     1                 vTaskSwitchContext
    49bc     49bc       b4     4         ./ra/aws/FreeRTOS/FreeRTOS/Source/tasks.o:(.text.vTaskStartScheduler)
    49bc     49bc        0     1                 $t.16
    49bd     49bd       b4     1                 vTaskStartScheduler
    4a70     4a70       8e     4         ./ra/aws/FreeRTOS/FreeRTOS/Source/tasks.o:(.text.prvCheckTasksWaitingTermination)
    4a70     4a70        0     1                 $t.18
    4a71     4a71       8e     1                 prvCheckTasksWaitingTermination
    4b00     4b00      1ba     4         ./ra/aws/FreeRTOS/FreeRTOS/Source/tasks.o:(.text.xTaskIncrementTick)
    4b00     4b00        0     1                 $t.19
    4b01     4b01      1ba     1                 xTaskIncrementTick
    4cbc     4cbc        c     4         ./ra/aws/FreeRTOS/FreeRTOS/Source/tasks.o:(.text.xTaskGetTickCount)
    4cbc     4cbc        0     1                 $t.20
    4cbd     4cbd        c     1                 xTaskGetTickCount
    4cc8     4cc8       44     4         ./ra/aws/FreeRTOS/FreeRTOS/Source/tasks.o:(.text.vTaskPlaceOnEventList)
    4cc8     4cc8        0     1                 $t.26
    4cc9     4cc9       44     1                 vTaskPlaceOnEventList
    4d0c     4d0c       7c     4         ./ra/aws/FreeRTOS/FreeRTOS/Source/tasks.o:(.text.vTaskPlaceOnEventListRestricted)
    4d0c     4d0c        0     1                 $t.28
    4d0d     4d0d       7c     1                 vTaskPlaceOnEventListRestricted
    4d88     4d88      102     4         ./ra/aws/FreeRTOS/FreeRTOS/Source/tasks.o:(.text.xTaskRemoveFromEventList)
    4d88     4d88        0     1                 $t.29
    4d89     4d89      102     1                 xTaskRemoveFromEventList
    4e8c     4e8c      112     4         ./ra/aws/FreeRTOS/FreeRTOS/Source/tasks.o:(.text.vTaskRemoveFromUnorderedEventList)
    4e8c     4e8c        0     1                 $t.30
    4e8d     4e8d      112     1                 vTaskRemoveFromUnorderedEventList
    4fa0     4fa0       4c     4         ./ra/aws/FreeRTOS/FreeRTOS/Source/tasks.o:(.text.vTaskSetTimeOutState)
    4fa0     4fa0        0     1                 $t.31
    4fa1     4fa1       4c     1                 vTaskSetTimeOutState
    4fec     4fec       1a     4         ./ra/aws/FreeRTOS/FreeRTOS/Source/tasks.o:(.text.vTaskInternalSetTimeOutState)
    4fec     4fec        0     1                 $t.32
    4fed     4fed       1a     1                 vTaskInternalSetTimeOutState
    5008     5008       aa     4         ./ra/aws/FreeRTOS/FreeRTOS/Source/tasks.o:(.text.xTaskCheckForTimeOut)
    5008     5008        0     1                 $t.33
    5009     5009       aa     1                 xTaskCheckForTimeOut
    50b4     50b4        e     4         ./ra/aws/FreeRTOS/FreeRTOS/Source/tasks.o:(.text.vTaskMissedYield)
    50b4     50b4        0     1                 $t.34
    50b5     50b5        e     1                 vTaskMissedYield
    50c4     50c4        c     4         ./ra/aws/FreeRTOS/FreeRTOS/Source/tasks.o:(.text.xTaskGetCurrentTaskHandle)
    50c4     50c4        0     1                 $t.37
    50c5     50c5        c     1                 xTaskGetCurrentTaskHandle
    50d0     50d0       26     4         ./ra/aws/FreeRTOS/FreeRTOS/Source/tasks.o:(.text.xTaskGetSchedulerState)
    50d0     50d0        0     1                 $t.39
    50d1     50d1       26     1                 xTaskGetSchedulerState
    50f8     50f8       ba     4         ./ra/aws/FreeRTOS/FreeRTOS/Source/tasks.o:(.text.ulTaskGenericNotifyTake)
    50f8     50f8        0     1                 $t.41
    50f9     50f9       ba     1                 ulTaskGenericNotifyTake
    51b4     51b4      160     4         ./ra/aws/FreeRTOS/FreeRTOS/Source/tasks.o:(.text.vTaskGenericNotifyGiveFromISR)
    51b4     51b4        0     1                 $t.49
    51b5     51b5      160     1                 vTaskGenericNotifyGiveFromISR
    5314     5314       32     4         ./ra/aws/FreeRTOS/FreeRTOS/Source/tasks.o:(.text.prvIdleTask)
    5314     5314        0     1                 $t.53
    5315     5315       32     1                 prvIdleTask
    5348     5348       82     4         ./ra/aws/FreeRTOS/FreeRTOS/Source/timers.o:(.text.xTimerCreateTimerTask)
    5348     5348        0     1                 $t.0
    5349     5349       82     1                 xTimerCreateTimerTask
    53cc     53cc       84     4         ./ra/aws/FreeRTOS/FreeRTOS/Source/timers.o:(.text.prvCheckForValidListAndQueue)
    53cc     53cc        0     1                 $t.1
    53cd     53cd       84     1                 prvCheckForValidListAndQueue
    5450     5450      262     4         ./ra/aws/FreeRTOS/FreeRTOS/Source/timers.o:(.text.prvTimerTask)
    5450     5450        0     1                 $t.2
    5451     5451      262     1                 prvTimerTask
    55a2     55a2        0     1                 $d.3
    55ac     55ac        0     1                 $t.4
    56b4     56b4       c4     4         ./ra/aws/FreeRTOS/FreeRTOS/Source/timers.o:(.text.prvSampleTimeNow)
    56b4     56b4        0     1                 $t.21
    56b5     56b5       c4     1                 prvSampleTimeNow
    5778     5778       b4     4         ./ra/aws/FreeRTOS/FreeRTOS-Plus/Source/FreeRTOS-Plus-TCP/source/portable/BufferManagement/BufferAllocation_2.o:(.text.xNetworkBuffersInitialise)
    5778     5778        0     1                 $t.0
    5779     5779       b4     1                 xNetworkBuffersInitialise
    582c     582c       ee     4         ./ra/aws/FreeRTOS/FreeRTOS-Plus/Source/FreeRTOS-Plus-TCP/source/portable/BufferManagement/BufferAllocation_2.o:(.text.pxGetNetworkBufferWithDescriptor)
    582c     582c        0     1                 $t.3
    582d     582d       ee     1                 pxGetNetworkBufferWithDescriptor
    591c     591c       5a     4         ./ra/aws/FreeRTOS/FreeRTOS-Plus/Source/FreeRTOS-Plus-TCP/source/portable/BufferManagement/BufferAllocation_2.o:(.text.vReleaseNetworkBufferAndDescriptor)
    591c     591c        0     1                 $t.4
    591d     591d       5a     1                 vReleaseNetworkBufferAndDescriptor
    5978     5978        c     4         ./ra/aws/FreeRTOS/FreeRTOS-Plus/Source/FreeRTOS-Plus-TCP/source/portable/BufferManagement/BufferAllocation_2.o:(.text.uxGetNumberOfFreeNetworkBuffers)
    5978     5978        0     1                 $t.5
    5979     5979        c     1                 uxGetNumberOfFreeNetworkBuffers
    5984     5984      222     4         ./ra/aws/FreeRTOS/FreeRTOS-Plus/Source/FreeRTOS-Plus-TCP/source/FreeRTOS_ARP.o:(.text.eARPProcessPacket)
    5984     5984        0     1                 $t.0
    5985     5985      222     1                 eARPProcessPacket
    5ba8     5ba8       f4     4         ./ra/aws/FreeRTOS/FreeRTOS-Plus/Source/FreeRTOS-Plus-TCP/source/FreeRTOS_ARP.o:(.text.FreeRTOS_OutputARPRequest_Multi)
    5ba8     5ba8        0     1                 $t.1
    5ba9     5ba9       f4     1                 FreeRTOS_OutputARPRequest_Multi
    5c9c     5c9c      17c     4         ./ra/aws/FreeRTOS/FreeRTOS-Plus/Source/FreeRTOS-Plus-TCP/source/FreeRTOS_ARP.o:(.text.eARPGetCacheEntry)
    5c9c     5c9c        0     1                 $t.2
    5c9d     5c9d      17c     1                 eARPGetCacheEntry
    5e18     5e18       fe     4         ./ra/aws/FreeRTOS/FreeRTOS-Plus/Source/FreeRTOS-Plus-TCP/source/FreeRTOS_ARP.o:(.text.vARPRefreshCacheEntry)
    5e18     5e18        0     1                 $t.3
    5e19     5e19       fe     1                 vARPRefreshCacheEntry
    5f18     5f18       b4     4         ./ra/aws/FreeRTOS/FreeRTOS-Plus/Source/FreeRTOS-Plus-TCP/source/FreeRTOS_ARP.o:(.text.vARPProcessPacketReply)
    5f18     5f18        0     1                 $t.4
    5f19     5f19       b4     1                 vARPProcessPacketReply
    5fcc     5fcc       88     4         ./ra/aws/FreeRTOS/FreeRTOS-Plus/Source/FreeRTOS-Plus-TCP/source/FreeRTOS_ARP.o:(.text.xCheckRequiresARPResolution)
    5fcc     5fcc        0     1                 $t.6
    5fcd     5fcd       88     1                 xCheckRequiresARPResolution
    6054     6054       4e     4         ./ra/aws/FreeRTOS/FreeRTOS-Plus/Source/FreeRTOS-Plus-TCP/source/FreeRTOS_ARP.o:(.text.vARPRefreshCacheEntryAge)
    6054     6054        0     1                 $t.7
    6055     6055       4e     1                 vARPRefreshCacheEntryAge
    60a4     60a4       aa     4         ./ra/aws/FreeRTOS/FreeRTOS-Plus/Source/FreeRTOS-Plus-TCP/source/FreeRTOS_ARP.o:(.text.vARPAgeCache)
    60a4     60a4        0     1                 $t.8
    60a5     60a5       aa     1                 vARPAgeCache
    6150     6150       1a     4         ./ra/aws/FreeRTOS/FreeRTOS-Plus/Source/FreeRTOS-Plus-TCP/source/FreeRTOS_ARP.o:(.text.FreeRTOS_OutputARPRequest)
    6150     6150        0     1                 $t.9
    6151     6151       1a     1                 FreeRTOS_OutputARPRequest
    616c     616c       d2     4         ./ra/aws/FreeRTOS/FreeRTOS-Plus/Source/FreeRTOS-Plus-TCP/source/FreeRTOS_ARP.o:(.text.vARPGenerateRequestPacket)
    616c     616c        0     1                 $t.11
    616d     616d       d2     1                 vARPGenerateRequestPacket
    6240     6240       48     4         ./ra/aws/FreeRTOS/FreeRTOS-Plus/Source/FreeRTOS-Plus-TCP/source/FreeRTOS_ARP.o:(.text.FreeRTOS_ClearARP)
    6240     6240        0     1                 $t.13
    6241     6241       48     1                 FreeRTOS_ClearARP
    6288     6288       16     4         ./ra/aws/FreeRTOS/FreeRTOS-Plus/Source/FreeRTOS-Plus-TCP/source/FreeRTOS_DNS_Cache.o:(.text.FreeRTOS_dnsclear)
    6288     6288        0     1                 $t.3
    6289     6289       16     1                 FreeRTOS_dnsclear
    62a0     62a0      114     4         ./ra/aws/FreeRTOS/FreeRTOS-Plus/Source/FreeRTOS-Plus-TCP/source/FreeRTOS_ICMP.o:(.text.ProcessICMPPacket)
    62a0     62a0        0     1                 $t.0
    62a1     62a1      114     1                 ProcessICMPPacket
    63b4     63b4        c     4         ./ra/aws/FreeRTOS/FreeRTOS-Plus/Source/FreeRTOS-Plus-TCP/source/FreeRTOS_IP.o:(.text.FreeRTOS_GetIPTaskHandle)
    63b4     63b4        0     1                 $t.0
    63b5     63b5        c     1                 FreeRTOS_GetIPTaskHandle
    63c0     63c0       1a     4         ./ra/aws/FreeRTOS/FreeRTOS-Plus/Source/FreeRTOS-Plus-TCP/source/FreeRTOS_IP.o:(.text.vIPNetworkUpCalls)
    63c0     63c0        0     1                 $t.1
    63c1     63c1       1a     1                 vIPNetworkUpCalls
    63dc     63dc       52     4         ./ra/aws/FreeRTOS/FreeRTOS-Plus/Source/FreeRTOS-Plus-TCP/source/FreeRTOS_IP.o:(.text.FreeRTOS_NetworkDown)
    63dc     63dc        0     1                 $t.2
    63dd     63dd       52     1                 FreeRTOS_NetworkDown
    6430     6430       68     4         ./ra/aws/FreeRTOS/FreeRTOS-Plus/Source/FreeRTOS-Plus-TCP/source/FreeRTOS_IP.o:(.text.xSendEventStructToIPTask)
    6430     6430        0     1                 $t.3
    6431     6431       68     1                 xSendEventStructToIPTask
    6498     6498       4e     4         ./ra/aws/FreeRTOS/FreeRTOS-Plus/Source/FreeRTOS-Plus-TCP/source/FreeRTOS_IP.o:(.text.FreeRTOS_IPInit)
    6498     6498        0     1                 $t.7
    6499     6499       4e     1                 FreeRTOS_IPInit
    64e8     64e8       c6     4         ./ra/aws/FreeRTOS/FreeRTOS-Plus/Source/FreeRTOS-Plus-TCP/source/FreeRTOS_IP.o:(.text.FreeRTOS_IPInit_Multi)
    64e8     64e8        0     1                 $t.8
    64e9     64e9       c6     1                 FreeRTOS_IPInit_Multi
    65b0     65b0      3e0     4         ./ra/aws/FreeRTOS/FreeRTOS-Plus/Source/FreeRTOS-Plus-TCP/source/FreeRTOS_IP.o:(.text.prvIPTask)
    65b0     65b0        0     1                 $t.9
    65b1     65b1      3e0     1                 prvIPTask
    6666     6666        0     1                 $d.10
    6672     6672        0     1                 $t.11
    6990     6990      112     4         ./ra/aws/FreeRTOS/FreeRTOS-Plus/Source/FreeRTOS-Plus-TCP/source/FreeRTOS_IP.o:(.text.FreeRTOS_SendPingRequest)
    6990     6990        0     1                 $t.18
    6991     6991      112     1                 FreeRTOS_SendPingRequest
    6aa4     6aa4       64     4         ./ra/aws/FreeRTOS/FreeRTOS-Plus/Source/FreeRTOS-Plus-TCP/source/FreeRTOS_IP.o:(.text.xSendEventToIPTask)
    6aa4     6aa4        0     1                 $t.19
    6aa5     6aa5       64     1                 xSendEventToIPTask
    6b08     6b08        c     4         ./ra/aws/FreeRTOS/FreeRTOS-Plus/Source/FreeRTOS-Plus-TCP/source/FreeRTOS_IP.o:(.text.xIPIsNetworkTaskReady)
    6b08     6b08        0     1                 $t.20
    6b09     6b09        c     1                 xIPIsNetworkTaskReady
    6b14     6b14       ac     4         ./ra/aws/FreeRTOS/FreeRTOS-Plus/Source/FreeRTOS-Plus-TCP/source/FreeRTOS_IP.o:(.text.eConsiderFrameForProcessing)
    6b14     6b14        0     1                 $t.21
    6b15     6b15       ac     1                 eConsiderFrameForProcessing
    6bc0     6bc0      12c     4         ./ra/aws/FreeRTOS/FreeRTOS-Plus/Source/FreeRTOS-Plus-TCP/source/FreeRTOS_IP.o:(.text.vReturnEthernetFrame)
    6bc0     6bc0        0     1                 $t.22
    6bc1     6bc1      12c     1                 vReturnEthernetFrame
    6cec     6cec       20     4         ./ra/aws/FreeRTOS/FreeRTOS-Plus/Source/FreeRTOS-Plus-TCP/source/FreeRTOS_IP.o:(.text.FreeRTOS_UpdateMACAddress)
    6cec     6cec        0     1                 $t.28
    6ced     6ced       20     1                 FreeRTOS_UpdateMACAddress
    6d0c     6d0c       24     4         ./ra/aws/FreeRTOS/FreeRTOS-Plus/Source/FreeRTOS-Plus-TCP/source/FreeRTOS_IP.o:(.text.FreeRTOS_IsNetworkUp)
    6d0c     6d0c        0     1                 $t.32
    6d0d     6d0d       24     1                 FreeRTOS_IsNetworkUp
    6d30     6d30       18     4         ./ra/aws/FreeRTOS/FreeRTOS-Plus/Source/FreeRTOS-Plus-TCP/source/FreeRTOS_IP.o:(.text.uxIPHeaderSizePacket)
    6d30     6d30        0     1                 $t.36
    6d31     6d31       18     1                 uxIPHeaderSizePacket
    6d48     6d48       14     4         ./ra/aws/FreeRTOS/FreeRTOS-Plus/Source/FreeRTOS-Plus-TCP/source/FreeRTOS_IP.o:(.text.uxIPHeaderSizeSocket)
    6d48     6d48        0     1                 $t.37
    6d49     6d49       14     1                 uxIPHeaderSizeSocket
    6d5c     6d5c       5c     4         ./ra/aws/FreeRTOS/FreeRTOS-Plus/Source/FreeRTOS-Plus-TCP/source/FreeRTOS_IP_Timers.o:(.text.xCalculateSleepTime)
    6d5c     6d5c        0     1                 $t.0
    6d5d     6d5d       5c     1                 xCalculateSleepTime
    6db8     6db8      232     4         ./ra/aws/FreeRTOS/FreeRTOS-Plus/Source/FreeRTOS-Plus-TCP/source/FreeRTOS_IP_Timers.o:(.text.vCheckNetworkTimers)
    6db8     6db8        0     1                 $t.1
    6db9     6db9      232     1                 vCheckNetworkTimers
    6fec     6fec       1a     4         ./ra/aws/FreeRTOS/FreeRTOS-Plus/Source/FreeRTOS-Plus-TCP/source/FreeRTOS_IP_Timers.o:(.text.vIPSetARPResolutionTimerEnableState)
    6fec     6fec        0     1                 $t.2
    6fed     6fed       1a     1                 vIPSetARPResolutionTimerEnableState
    7008     7008        c     4         ./ra/aws/FreeRTOS/FreeRTOS-Plus/Source/FreeRTOS-Plus-TCP/source/FreeRTOS_IP_Timers.o:(.text.vSetAllNetworksUp)
    7008     7008        0     1                 $t.3
    7009     7009        c     1                 vSetAllNetworksUp
    7014     7014       2a     4         ./ra/aws/FreeRTOS/FreeRTOS-Plus/Source/FreeRTOS-Plus-TCP/source/FreeRTOS_IP_Timers.o:(.text.vIPTimerStartARPResolution)
    7014     7014        0     1                 $t.4
    7015     7015       2a     1                 vIPTimerStartARPResolution
    7040     7040       2c     4         ./ra/aws/FreeRTOS/FreeRTOS-Plus/Source/FreeRTOS-Plus-TCP/source/FreeRTOS_IP_Timers.o:(.text.vTCPTimerReload)
    7040     7040        0     1                 $t.5
    7041     7041       2c     1                 vTCPTimerReload
    706c     706c       2c     4         ./ra/aws/FreeRTOS/FreeRTOS-Plus/Source/FreeRTOS-Plus-TCP/source/FreeRTOS_IP_Timers.o:(.text.vARPTimerReload)
    706c     706c        0     1                 $t.6
    706d     706d       2c     1                 vARPTimerReload
    7098     7098       2c     4         ./ra/aws/FreeRTOS/FreeRTOS-Plus/Source/FreeRTOS-Plus-TCP/source/FreeRTOS_IP_Timers.o:(.text.vNetworkTimerReload)
    7098     7098        0     1                 $t.8
    7099     7099       2c     1                 vNetworkTimerReload
    70c4     70c4       1c     4         ./ra/aws/FreeRTOS/FreeRTOS-Plus/Source/FreeRTOS-Plus-TCP/source/FreeRTOS_IP_Timers.o:(.text.vIPSetTCPTimerExpiredState)
    70c4     70c4        0     1                 $t.9
    70c5     70c5       1c     1                 vIPSetTCPTimerExpiredState
    70e0     70e0       1a     4         ./ra/aws/FreeRTOS/FreeRTOS-Plus/Source/FreeRTOS-Plus-TCP/source/FreeRTOS_IP_Timers.o:(.text.vIPSetARPTimerEnableState)
    70e0     70e0        0     1                 $t.10
    70e1     70e1       1a     1                 vIPSetARPTimerEnableState
    70fc     70fc       18     4         ./ra/aws/FreeRTOS/FreeRTOS-Plus/Source/FreeRTOS-Plus-TCP/source/FreeRTOS_IP_Utils.o:(.text.xIsCallingFromIPTask)
    70fc     70fc        0     1                 $t.3
    70fd     70fd       18     1                 xIsCallingFromIPTask
    7114     7114       e8     4         ./ra/aws/FreeRTOS/FreeRTOS-Plus/Source/FreeRTOS-Plus-TCP/source/FreeRTOS_IP_Utils.o:(.text.prvProcessNetworkDownEvent)
    7114     7114        0     1                 $t.4
    7115     7115       e8     1                 prvProcessNetworkDownEvent
    71fc     71fc       80     4         ./ra/aws/FreeRTOS/FreeRTOS-Plus/Source/FreeRTOS-Plus-TCP/source/FreeRTOS_IP_Utils.o:(.text.vPreCheckConfigs)
    71fc     71fc        0     1                 $t.5
    71fd     71fd       80     1                 vPreCheckConfigs
    727c     727c      1d8     4         ./ra/aws/FreeRTOS/FreeRTOS-Plus/Source/FreeRTOS-Plus-TCP/source/FreeRTOS_IP_Utils.o:(.text.usGenerateProtocolChecksum)
    727c     727c        0     1                 $t.6
    727d     727d      1d8     1                 usGenerateProtocolChecksum
    7454     7454       ee     4         ./ra/aws/FreeRTOS/FreeRTOS-Plus/Source/FreeRTOS-Plus-TCP/source/FreeRTOS_IP_Utils.o:(.text.usGenerateChecksum)
    7454     7454        0     1                 $t.7
    7455     7455       ee     1                 usGenerateChecksum
    7544     7544        8     4         ./ra/aws/FreeRTOS/FreeRTOS-Plus/Source/FreeRTOS-Plus-TCP/source/FreeRTOS_IP_Utils.o:(.text.FreeRTOS_min_int32)
    7544     7544        0     1                 $t.11
    7545     7545        8     1                 FreeRTOS_min_int32
    754c     754c        8     4         ./ra/aws/FreeRTOS/FreeRTOS-Plus/Source/FreeRTOS-Plus-TCP/source/FreeRTOS_IP_Utils.o:(.text.FreeRTOS_min_uint32)
    754c     754c        0     1                 $t.12
    754d     754d        8     1                 FreeRTOS_min_uint32
    7554     7554        8     4         ./ra/aws/FreeRTOS/FreeRTOS-Plus/Source/FreeRTOS-Plus-TCP/source/FreeRTOS_IP_Utils.o:(.text.FreeRTOS_min_size_t)
    7554     7554        0     1                 $t.13
    7555     7555        8     1                 FreeRTOS_min_size_t
    755c     755c       36     4         ./ra/aws/FreeRTOS/FreeRTOS-Plus/Source/FreeRTOS-Plus-TCP/source/FreeRTOS_IP_Utils.o:(.text.FreeRTOS_round_up)
    755c     755c        0     1                 $t.16
    755d     755d       36     1                 FreeRTOS_round_up
    7594     7594        c     4         ./ra/aws/FreeRTOS/FreeRTOS-Plus/Source/FreeRTOS-Plus-TCP/source/FreeRTOS_IP_Utils.o:(.text.usChar2u16)
    7594     7594        0     1                 $t.19
[...]
xTCPWindowTxDone                                  ./ra/aws/FreeRTOS/FreeRTOS-Plus/Source/FreeRTOS-Plus-TCP/source/FreeRTOS_Tiny_TCP.o
                                                  ./ra/aws/FreeRTOS/FreeRTOS-Plus/Source/FreeRTOS-Plus-TCP/source/FreeRTOS_TCP_State_Handling.o
                                                  ./ra/aws/FreeRTOS/FreeRTOS-Plus/Source/FreeRTOS-Plus-TCP/source/FreeRTOS_TCP_Transmission.o
prvSendData                                       ./ra/aws/FreeRTOS/FreeRTOS-Plus/Source/FreeRTOS-Plus-TCP/source/FreeRTOS_TCP_Transmission.o
                                                  ./ra/aws/FreeRTOS/FreeRTOS-Plus/Source/FreeRTOS-Plus-TCP/source/FreeRTOS_TCP_State_Handling.o
prvTCPPrepareSend                                 ./ra/aws/FreeRTOS/FreeRTOS-Plus/Source/FreeRTOS-Plus-TCP/source/FreeRTOS_TCP_Transmission.o
                                                  ./ra/aws/FreeRTOS/FreeRTOS-Plus/Source/FreeRTOS-Plus-TCP/source/FreeRTOS_TCP_State_Handling.o
prvHandleListen_IPV4                              ./ra/aws/FreeRTOS/FreeRTOS-Plus/Source/FreeRTOS-Plus-TCP/source/FreeRTOS_TCP_State_Handling_IPv4.o
                                                  ./ra/aws/FreeRTOS/FreeRTOS-Plus/Source/FreeRTOS-Plus-TCP/source/FreeRTOS_TCP_State_Handling.o
prvTCPSocketCopy                                  ./ra/aws/FreeRTOS/FreeRTOS-Plus/Source/FreeRTOS-Plus-TCP/source/FreeRTOS_TCP_State_Handling.o
                                                  ./ra/aws/FreeRTOS/FreeRTOS-Plus/Source/FreeRTOS-Plus-TCP/source/FreeRTOS_TCP_State_Handling_IPv4.o
prvSocketSetMSS                                   ./ra/aws/FreeRTOS/FreeRTOS-Plus/Source/FreeRTOS-Plus-TCP/source/FreeRTOS_TCP_Utils.o
                                                  ./ra/aws/FreeRTOS/FreeRTOS-Plus/Source/FreeRTOS-Plus-TCP/source/FreeRTOS_TCP_State_Handling_IPv4.o
                                                  ./ra/aws/FreeRTOS/FreeRTOS-Plus/Source/FreeRTOS-Plus-TCP/source/FreeRTOS_TCP_Transmission_IPv4.o
prvTCPCreateWindow                                ./ra/aws/FreeRTOS/FreeRTOS-Plus/Source/FreeRTOS-Plus-TCP/source/FreeRTOS_TCP_Transmission.o
                                                  ./ra/aws/FreeRTOS/FreeRTOS-Plus/Source/FreeRTOS-Plus-TCP/source/FreeRTOS_TCP_State_Handling_IPv4.o
                                                  ./ra/aws/FreeRTOS/FreeRTOS-Plus/Source/FreeRTOS-Plus-TCP/source/FreeRTOS_TCP_Transmission_IPv4.o
prvTCPReturnPacket_IPV4                           ./ra/aws/FreeRTOS/FreeRTOS-Plus/Source/FreeRTOS-Plus-TCP/source/FreeRTOS_TCP_Transmission_IPv4.o
                                                  ./ra/aws/FreeRTOS/FreeRTOS-Plus/Source/FreeRTOS-Plus-TCP/source/FreeRTOS_TCP_Transmission.o
prvTCPPrepareConnect_IPV4                         ./ra/aws/FreeRTOS/FreeRTOS-Plus/Source/FreeRTOS-Plus-TCP/source/FreeRTOS_TCP_Transmission_IPv4.o
                                                  ./ra/aws/FreeRTOS/FreeRTOS-Plus/Source/FreeRTOS-Plus-TCP/source/FreeRTOS_TCP_Transmission.o
prvTCPReturnPacket                                ./ra/aws/FreeRTOS/FreeRTOS-Plus/Source/FreeRTOS-Plus-TCP/source/FreeRTOS_TCP_Transmission.o
                                                  ./ra/aws/FreeRTOS/FreeRTOS-Plus/Source/FreeRTOS-Plus-TCP/source/FreeRTOS_TCP_Transmission_IPv4.o
ulTCPWindowTxGet                                  ./ra/aws/FreeRTOS/FreeRTOS-Plus/Source/FreeRTOS-Plus-TCP/source/FreeRTOS_Tiny_TCP.o
                                                  ./ra/aws/FreeRTOS/FreeRTOS-Plus/Source/FreeRTOS-Plus-TCP/source/FreeRTOS_TCP_Transmission.o
prvTCPBufferResize                                ./ra/aws/FreeRTOS/FreeRTOS-Plus/Source/FreeRTOS-Plus-TCP/source/FreeRTOS_TCP_Transmission.o
prvTCPReturn_CheckTCPWindow                       ./ra/aws/FreeRTOS/FreeRTOS-Plus/Source/FreeRTOS-Plus-TCP/source/FreeRTOS_TCP_Transmission.o
                                                  ./ra/aws/FreeRTOS/FreeRTOS-Plus/Source/FreeRTOS-Plus-TCP/source/FreeRTOS_TCP_Transmission_IPv4.o
prvTCPReturn_SetSequenceNumber                    ./ra/aws/FreeRTOS/FreeRTOS-Plus/Source/FreeRTOS-Plus-TCP/source/FreeRTOS_TCP_Transmission.o
                                                  ./ra/aws/FreeRTOS/FreeRTOS-Plus/Source/FreeRTOS-Plus-TCP/source/FreeRTOS_TCP_Transmission_IPv4.o
xTCPWindowCreate                                  ./ra/aws/FreeRTOS/FreeRTOS-Plus/Source/FreeRTOS-Plus-TCP/source/FreeRTOS_TCP_WIN.o
                                                  ./ra/aws/FreeRTOS/FreeRTOS-Plus/Source/FreeRTOS-Plus-TCP/source/FreeRTOS_TCP_Transmission.o
prvTCPReturn_SetEndPoint                          ./ra/aws/FreeRTOS/FreeRTOS-Plus/Source/FreeRTOS-Plus-TCP/source/FreeRTOS_TCP_Transmission.o
                                                  ./ra/aws/FreeRTOS/FreeRTOS-Plus/Source/FreeRTOS-Plus-TCP/source/FreeRTOS_TCP_Transmission_IPv4.o
lTCPWindowTxAdd                                   ./ra/aws/FreeRTOS/FreeRTOS-Plus/Source/FreeRTOS-Plus-TCP/source/FreeRTOS_Tiny_TCP.o
                                                  ./ra/aws/FreeRTOS/FreeRTOS-Plus/Source/FreeRTOS-Plus-TCP/source/FreeRTOS_TCP_Transmission.o
prvTCPSendSpecialPktHelper_IPV4                   ./ra/aws/FreeRTOS/FreeRTOS-Plus/Source/FreeRTOS-Plus-TCP/source/FreeRTOS_TCP_Transmission_IPv4.o
                                                  ./ra/aws/FreeRTOS/FreeRTOS-Plus/Source/FreeRTOS-Plus-TCP/source/FreeRTOS_TCP_Transmission.o
prvSocketSetMSS_IPV4                              ./ra/aws/FreeRTOS/FreeRTOS-Plus/Source/FreeRTOS-Plus-TCP/source/FreeRTOS_TCP_Utils_IPv4.o
                                                  ./ra/aws/FreeRTOS/FreeRTOS-Plus/Source/FreeRTOS-Plus-TCP/source/FreeRTOS_TCP_Utils.o
vProcessGeneratedUDPPacket_IPv4                   ./ra/aws/FreeRTOS/FreeRTOS-Plus/Source/FreeRTOS-Plus-TCP/source/FreeRTOS_UDP_IPv4.o
                                                  ./ra/aws/FreeRTOS/FreeRTOS-Plus/Source/FreeRTOS-Plus-TCP/source/FreeRTOS_UDP_IP.o
xProcessReceivedUDPPacket_IPv4                    ./ra/aws/FreeRTOS/FreeRTOS-Plus/Source/FreeRTOS-Plus-TCP/source/FreeRTOS_UDP_IPv4.o
                                                  ./ra/aws/FreeRTOS/FreeRTOS-Plus/Source/FreeRTOS-Plus-TCP/source/FreeRTOS_UDP_IP.o
random                                            D:\Renesas\RA\e2studio_v2023-07_fsp_v4.6.0\toolchains\llvm_arm\LLVM-ET-Arm-18.1.3-Windows-x86_64\bin\..\lib\clang-runtimes/arm-none-eabi/armv7em_hard_fpv4_sp_d16_exn_rtti\lib\libc.a(libc_stdlib_random.c.o)
                                                  D:\Renesas\RA\e2studio_v2023-07_fsp_v4.6.0\toolchains\llvm_arm\LLVM-ET-Arm-18.1.3-Windows-x86_64\bin\..\lib\clang-runtimes/arm-none-eabi/armv7em_hard_fpv4_sp_d16_exn_rtti\lib\libc.a(libc_stdlib_rand.c.o)
_rand_next                                        D:\Renesas\RA\e2studio_v2023-07_fsp_v4.6.0\toolchains\llvm_arm\LLVM-ET-Arm-18.1.3-Windows-x86_64\bin\..\lib\clang-runtimes/arm-none-eabi/armv7em_hard_fpv4_sp_d16_exn_rtti\lib\libc.a(libc_stdlib_random.c.o)
__tdata_source                                    fsp_gen.lld:428
                                                  D:\Renesas\RA\e2studio_v2023-07_fsp_v4.6.0\toolchains\llvm_arm\LLVM-ET-Arm-18.1.3-Windows-x86_64\bin\..\lib\clang-runtimes/arm-none-eabi/armv7em_hard_fpv4_sp_d16_exn_rtti\lib\libc.a(libc_picolib_inittls.c.o)
__tdata_size                                      fsp_gen.lld:429
                                                  D:\Renesas\RA\e2studio_v2023-07_fsp_v4.6.0\toolchains\llvm_arm\LLVM-ET-Arm-18.1.3-Windows-x86_64\bin\..\lib\clang-runtimes/arm-none-eabi/armv7em_hard_fpv4_sp_d16_exn_rtti\lib\libc.a(libc_picolib_inittls.c.o)
__tbss_offset                                     fsp_gen.lld:430
                                                  D:\Renesas\RA\e2studio_v2023-07_fsp_v4.6.0\toolchains\llvm_arm\LLVM-ET-Arm-18.1.3-Windows-x86_64\bin\..\lib\clang-runtimes/arm-none-eabi/armv7em_hard_fpv4_sp_d16_exn_rtti\lib\libc.a(libc_picolib_inittls.c.o)
__tbss_size                                       fsp_gen.lld:431
                                                  D:\Renesas\RA\e2studio_v2023-07_fsp_v4.6.0\toolchains\llvm_arm\LLVM-ET-Arm-18.1.3-Windows-x86_64\bin\..\lib\clang-runtimes/arm-none-eabi/armv7em_hard_fpv4_sp_d16_exn_rtti\lib\libc.a(libc_picolib_inittls.c.o)
__arm32_tls_tcb_offset                            fsp_gen.lld:432
                                                  D:\Renesas\RA\e2studio_v2023-07_fsp_v4.6.0\toolchains\llvm_arm\LLVM-ET-Arm-18.1.3-Windows-x86_64\bin\..\lib\clang-runtimes/arm-none-eabi/armv7em_hard_fpv4_sp_d16_exn_rtti\lib\libc.a(libc_picolib_machine_arm_tls.c.o)
__tls                                             D:\Renesas\RA\e2studio_v2023-07_fsp_v4.6.0\toolchains\llvm_arm\LLVM-ET-Arm-18.1.3-Windows-x86_64\bin\..\lib\clang-runtimes/arm-none-eabi/armv7em_hard_fpv4_sp_d16_exn_rtti\lib\libc.a(libc_picolib_machine_arm_read_tp.S.o)
                                                  D:\Renesas\RA\e2studio_v2023-07_fsp_v4.6.0\toolchains\llvm_arm\LLVM-ET-Arm-18.1.3-Windows-x86_64\bin\..\lib\clang-runtimes/arm-none-eabi/armv7em_hard_fpv4_sp_d16_exn_rtti\lib\libc.a(libc_picolib_machine_arm_tls.c.o)
vfprintf                                          D:\Renesas\RA\e2studio_v2023-07_fsp_v4.6.0\toolchains\llvm_arm\LLVM-ET-Arm-18.1.3-Windows-x86_64\bin\..\lib\clang-runtimes/arm-none-eabi/armv7em_hard_fpv4_sp_d16_exn_rtti\lib\libc.a(libc_tinystdio_vfprintf.c.o)
                                                  D:\Renesas\RA\e2studio_v2023-07_fsp_v4.6.0\toolchains\llvm_arm\LLVM-ET-Arm-18.1.3-Windows-x86_64\bin\..\lib\clang-runtimes/arm-none-eabi/armv7em_hard_fpv4_sp_d16_exn_rtti\lib\libc.a(libc_tinystdio_snprintf.c.o)
__file_str_put                                    D:\Renesas\RA\e2studio_v2023-07_fsp_v4.6.0\toolchains\llvm_arm\LLVM-ET-Arm-18.1.3-Windows-x86_64\bin\..\lib\clang-runtimes/arm-none-eabi/armv7em_hard_fpv4_sp_d16_exn_rtti\lib\libc.a(libc_tinystdio_filestrput.c.o)
                                                  D:\Renesas\RA\e2studio_v2023-07_fsp_v4.6.0\toolchains\llvm_arm\LLVM-ET-Arm-18.1.3-Windows-x86_64\bin\..\lib\clang-runtimes/arm-none-eabi/armv7em_hard_fpv4_sp_d16_exn_rtti\lib\libc.a(libc_tinystdio_snprintf.c.o)
__dtox_engine                                     D:\Renesas\RA\e2studio_v2023-07_fsp_v4.6.0\toolchains\llvm_arm\LLVM-ET-Arm-18.1.3-Windows-x86_64\bin\..\lib\clang-runtimes/arm-none-eabi/armv7em_hard_fpv4_sp_d16_exn_rtti\lib\libc.a(libc_tinystdio_dtox_engine.c.o)
                                                  D:\Renesas\RA\e2studio_v2023-07_fsp_v4.6.0\toolchains\llvm_arm\LLVM-ET-Arm-18.1.3-Windows-x86_64\bin\..\lib\clang-runtimes/arm-none-eabi/armv7em_hard_fpv4_sp_d16_exn_rtti\lib\libc.a(libc_tinystdio_vfprintf.c.o)
__dtoa_engine                                     D:\Renesas\RA\e2studio_v2023-07_fsp_v4.6.0\toolchains\llvm_arm\LLVM-ET-Arm-18.1.3-Windows-x86_64\bin\..\lib\clang-runtimes/arm-none-eabi/armv7em_hard_fpv4_sp_d16_exn_rtti\lib\libc.a(libc_tinystdio_dtoa_ryu.c.o)
                                                  D:\Renesas\RA\e2studio_v2023-07_fsp_v4.6.0\toolchains\llvm_arm\LLVM-ET-Arm-18.1.3-Windows-x86_64\bin\..\lib\clang-runtimes/arm-none-eabi/armv7em_hard_fpv4_sp_d16_exn_rtti\lib\libc.a(libc_tinystdio_vfprintf.c.o)
strnlen                                           D:\Renesas\RA\e2studio_v2023-07_fsp_v4.6.0\toolchains\llvm_arm\LLVM-ET-Arm-18.1.3-Windows-x86_64\bin\..\lib\clang-runtimes/arm-none-eabi/armv7em_hard_fpv4_sp_d16_exn_rtti\lib\libc.a(libc_string_strnlen.c.o)
                                                  D:\Renesas\RA\e2studio_v2023-07_fsp_v4.6.0\toolchains\llvm_arm\LLVM-ET-Arm-18.1.3-Windows-x86_64\bin\..\lib\clang-runtimes/arm-none-eabi/armv7em_hard_fpv4_sp_d16_exn_rtti\lib\libc.a(libc_tinystdio_vfprintf.c.o)
__d_vfprintf                                      D:\Renesas\RA\e2studio_v2023-07_fsp_v4.6.0\toolchains\llvm_arm\LLVM-ET-Arm-18.1.3-Windows-x86_64\bin\..\lib\clang-runtimes/arm-none-eabi/armv7em_hard_fpv4_sp_d16_exn_rtti\lib\libc.a(libc_tinystdio_vfprintf.c.o)
__log10Pow2                                       D:\Renesas\RA\e2studio_v2023-07_fsp_v4.6.0\toolchains\llvm_arm\LLVM-ET-Arm-18.1.3-Windows-x86_64\bin\..\lib\clang-runtimes/arm-none-eabi/armv7em_hard_fpv4_sp_d16_exn_rtti\lib\libc.a(libc_tinystdio_ryu_log10.c.o)
                                                  D:\Renesas\RA\e2studio_v2023-07_fsp_v4.6.0\toolchains\llvm_arm\LLVM-ET-Arm-18.1.3-Windows-x86_64\bin\..\lib\clang-runtimes/arm-none-eabi/armv7em_hard_fpv4_sp_d16_exn_rtti\lib\libc.a(libc_tinystdio_dtoa_ryu.c.o)
__pow5bits                                        D:\Renesas\RA\e2studio_v2023-07_fsp_v4.6.0\toolchains\llvm_arm\LLVM-ET-Arm-18.1.3-Windows-x86_64\bin\..\lib\clang-runtimes/arm-none-eabi/armv7em_hard_fpv4_sp_d16_exn_rtti\lib\libc.a(libc_tinystdio_ryu_pow5bits.c.o)
                                                  D:\Renesas\RA\e2studio_v2023-07_fsp_v4.6.0\toolchains\llvm_arm\LLVM-ET-Arm-18.1.3-Windows-x86_64\bin\..\lib\clang-runtimes/arm-none-eabi/armv7em_hard_fpv4_sp_d16_exn_rtti\lib\libc.a(libc_tinystdio_dtoa_ryu.c.o)
                                                  D:\Renesas\RA\e2studio_v2023-07_fsp_v4.6.0\toolchains\llvm_arm\LLVM-ET-Arm-18.1.3-Windows-x86_64\bin\..\lib\clang-runtimes/arm-none-eabi/armv7em_hard_fpv4_sp_d16_exn_rtti\lib\libc.a(libc_tinystdio_ryu_table.c.o)
__double_computeInvPow5                           D:\Renesas\RA\e2studio_v2023-07_fsp_v4.6.0\toolchains\llvm_arm\LLVM-ET-Arm-18.1.3-Windows-x86_64\bin\..\lib\clang-runtimes/arm-none-eabi/armv7em_hard_fpv4_sp_d16_exn_rtti\lib\libc.a(libc_tinystdio_ryu_table.c.o)
                                                  D:\Renesas\RA\e2studio_v2023-07_fsp_v4.6.0\toolchains\llvm_arm\LLVM-ET-Arm-18.1.3-Windows-x86_64\bin\..\lib\clang-runtimes/arm-none-eabi/armv7em_hard_fpv4_sp_d16_exn_rtti\lib\libc.a(libc_tinystdio_dtoa_ryu.c.o)
__pow5Factor                                      D:\Renesas\RA\e2studio_v2023-07_fsp_v4.6.0\toolchains\llvm_arm\LLVM-ET-Arm-18.1.3-Windows-x86_64\bin\..\lib\clang-runtimes/arm-none-eabi/armv7em_hard_fpv4_sp_d16_exn_rtti\lib\libc.a(libc_tinystdio_ryu_table.c.o)
                                                  D:\Renesas\RA\e2studio_v2023-07_fsp_v4.6.0\toolchains\llvm_arm\LLVM-ET-Arm-18.1.3-Windows-x86_64\bin\..\lib\clang-runtimes/arm-none-eabi/armv7em_hard_fpv4_sp_d16_exn_rtti\lib\libc.a(libc_tinystdio_dtoa_ryu.c.o)
__log10Pow5                                       D:\Renesas\RA\e2studio_v2023-07_fsp_v4.6.0\toolchains\llvm_arm\LLVM-ET-Arm-18.1.3-Windows-x86_64\bin\..\lib\clang-runtimes/arm-none-eabi/armv7em_hard_fpv4_sp_d16_exn_rtti\lib\libc.a(libc_tinystdio_ryu_log10.c.o)
                                                  D:\Renesas\RA\e2studio_v2023-07_fsp_v4.6.0\toolchains\llvm_arm\LLVM-ET-Arm-18.1.3-Windows-x86_64\bin\..\lib\clang-runtimes/arm-none-eabi/armv7em_hard_fpv4_sp_d16_exn_rtti\lib\libc.a(libc_tinystdio_dtoa_ryu.c.o)
__double_computePow5                              D:\Renesas\RA\e2studio_v2023-07_fsp_v4.6.0\toolchains\llvm_arm\LLVM-ET-Arm-18.1.3-Windows-x86_64\bin\..\lib\clang-runtimes/arm-none-eabi/armv7em_hard_fpv4_sp_d16_exn_rtti\lib\libc.a(libc_tinystdio_ryu_table.c.o)
                                                  D:\Renesas\RA\e2studio_v2023-07_fsp_v4.6.0\toolchains\llvm_arm\LLVM-ET-Arm-18.1.3-Windows-x86_64\bin\..\lib\clang-runtimes/arm-none-eabi/armv7em_hard_fpv4_sp_d16_exn_rtti\lib\libc.a(libc_tinystdio_dtoa_ryu.c.o)
__umul128                                         D:\Renesas\RA\e2studio_v2023-07_fsp_v4.6.0\toolchains\llvm_arm\LLVM-ET-Arm-18.1.3-Windows-x86_64\bin\..\lib\clang-runtimes/arm-none-eabi/armv7em_hard_fpv4_sp_d16_exn_rtti\lib\libc.a(libc_tinystdio_ryu_umul128.c.o)
                                                  D:\Renesas\RA\e2studio_v2023-07_fsp_v4.6.0\toolchains\llvm_arm\LLVM-ET-Arm-18.1.3-Windows-x86_64\bin\..\lib\clang-runtimes/arm-none-eabi/armv7em_hard_fpv4_sp_d16_exn_rtti\lib\libc.a(libc_tinystdio_dtoa_ryu.c.o)
                                                  D:\Renesas\RA\e2studio_v2023-07_fsp_v4.6.0\toolchains\llvm_arm\LLVM-ET-Arm-18.1.3-Windows-x86_64\bin\..\lib\clang-runtimes/arm-none-eabi/armv7em_hard_fpv4_sp_d16_exn_rtti\lib\libc.a(libc_tinystdio_ryu_table.c.o)
__shiftright128                                   D:\Renesas\RA\e2studio_v2023-07_fsp_v4.6.0\toolchains\llvm_arm\LLVM-ET-Arm-18.1.3-Windows-x86_64\bin\..\lib\clang-runtimes/arm-none-eabi/armv7em_hard_fpv4_sp_d16_exn_rtti\lib\libc.a(libc_tinystdio_ryu_umul128.c.o)
                                                  D:\Renesas\RA\e2studio_v2023-07_fsp_v4.6.0\toolchains\llvm_arm\LLVM-ET-Arm-18.1.3-Windows-x86_64\bin\..\lib\clang-runtimes/arm-none-eabi/armv7em_hard_fpv4_sp_d16_exn_rtti\lib\libc.a(libc_tinystdio_dtoa_ryu.c.o)
                                                  D:\Renesas\RA\e2studio_v2023-07_fsp_v4.6.0\toolchains\llvm_arm\LLVM-ET-Arm-18.1.3-Windows-x86_64\bin\..\lib\clang-runtimes/arm-none-eabi/armv7em_hard_fpv4_sp_d16_exn_rtti\lib\libc.a(libc_tinystdio_ryu_table.c.o)
memset                                            D:\Renesas\RA\e2studio_v2023-07_fsp_v4.6.0\toolchains\llvm_arm\LLVM-ET-Arm-18.1.3-Windows-x86_64\bin\..\lib\clang-runtimes/arm-none-eabi/armv7em_hard_fpv4_sp_d16_exn_rtti\lib\libc.a(memset.c.o)
                                                  D:\Renesas\RA\e2studio_v2023-07_fsp_v4.6.0\toolchains\llvm_arm\LLVM-ET-Arm-18.1.3-Windows-x86_64\bin\..\lib\clang-runtimes/arm-none-eabi/armv7em_hard_fpv4_sp_d16_exn_rtti\lib\libc.a(aeabi_memset.c.o)
                                                  D:\Renesas\RA\e2studio_v2023-07_fsp_v4.6.0\toolchains\llvm_arm\LLVM-ET-Arm-18.1.3-Windows-x86_64\bin\..\lib\clang-runtimes/arm-none-eabi/armv7em_hard_fpv4_sp_d16_exn_rtti\lib\libc.a(bzero.c.o)
__aeabi_memset4                                   D:\Renesas\RA\e2studio_v2023-07_fsp_v4.6.0\toolchains\llvm_arm\LLVM-ET-Arm-18.1.3-Windows-x86_64\bin\..\lib\clang-runtimes/arm-none-eabi/armv7em_hard_fpv4_sp_d16_exn_rtti\lib\libc.a(aeabi_memset.c.o)
__aeabi_memset8                                   D:\Renesas\RA\e2studio_v2023-07_fsp_v4.6.0\toolchains\llvm_arm\LLVM-ET-Arm-18.1.3-Windows-x86_64\bin\..\lib\clang-runtimes/arm-none-eabi/armv7em_hard_fpv4_sp_d16_exn_rtti\lib\libc.a(aeabi_memset.c.o)
bzero                                             D:\Renesas\RA\e2studio_v2023-07_fsp_v4.6.0\toolchains\llvm_arm\LLVM-ET-Arm-18.1.3-Windows-x86_64\bin\..\lib\clang-runtimes/arm-none-eabi/armv7em_hard_fpv4_sp_d16_exn_rtti\lib\libc.a(bzero.c.o)
__aeabi_memclr8                                   D:\Renesas\RA\e2studio_v2023-07_fsp_v4.6.0\toolchains\llvm_arm\LLVM-ET-Arm-18.1.3-Windows-x86_64\bin\..\lib\clang-runtimes/arm-none-eabi/armv7em_hard_fpv4_sp_d16_exn_rtti\lib\libc.a(bzero.c.o)
memcpy                                            D:\Renesas\RA\e2studio_v2023-07_fsp_v4.6.0\toolchains\llvm_arm\LLVM-ET-Arm-18.1.3-Windows-x86_64\bin\..\lib\clang-runtimes/arm-none-eabi/armv7em_hard_fpv4_sp_d16_exn_rtti\lib\libc.a(memcpy.c.o)
__aeabi_memcpy8                                   D:\Renesas\RA\e2studio_v2023-07_fsp_v4.6.0\toolchains\llvm_arm\LLVM-ET-Arm-18.1.3-Windows-x86_64\bin\..\lib\clang-runtimes/arm-none-eabi/armv7em_hard_fpv4_sp_d16_exn_rtti\lib\libc.a(memcpy.c.o)
memmove                                           D:\Renesas\RA\e2studio_v2023-07_fsp_v4.6.0\toolchains\llvm_arm\LLVM-ET-Arm-18.1.3-Windows-x86_64\bin\..\lib\clang-runtimes/arm-none-eabi/armv7em_hard_fpv4_sp_d16_exn_rtti\lib\libc.a(memmove.c.o)
__aeabi_memmove4                                  D:\Renesas\RA\e2studio_v2023-07_fsp_v4.6.0\toolchains\llvm_arm\LLVM-ET-Arm-18.1.3-Windows-x86_64\bin\..\lib\clang-runtimes/arm-none-eabi/armv7em_hard_fpv4_sp_d16_exn_rtti\lib\libc.a(memmove.c.o)
__aeabi_memmove8                                  D:\Renesas\RA\e2studio_v2023-07_fsp_v4.6.0\toolchains\llvm_arm\LLVM-ET-Arm-18.1.3-Windows-x86_64\bin\..\lib\clang-runtimes/arm-none-eabi/armv7em_hard_fpv4_sp_d16_exn_rtti\lib\libc.a(memmove.c.o)
