     VMA      LMA     Size Align Out     In      Symbol
       0        0        0     1 RAM_START = 0x1ffe0000
       0        0        0     1 RAM_LENGTH = 0x00060000
       0        0        0     1 FLASH_START = 0x00000440
       0        0        0     1 FLASH_LENGTH = 0x000ffbc0
       0        0        0     1 DATA_FLASH_START = 0x40100000
       0        0        0     1 DATA_FLASH_LENGTH = 0x00008000
       0        0        0     1 QSPI_FLASH_START = 0x60000000
       0        0        0     1 QSPI_FLASH_LENGTH = 0x04000000
       0        0        0     1 SDRAM_START = 0x90000000
       0        0        0     1 SDRAM_LENGTH = 0x08000000
       0        0        0     1 OPTION_SETTING_OFS0_START = 0x00000400
       0        0        0     1 OPTION_SETTING_OFS0_LENGTH = 0x00000004
       0        0        0     1 OPTION_SETTING_OFS1_START = 0x00000404
       0        0        0     1 OPTION_SETTING_OFS1_LENGTH = 0x00000004
       0        0        0     1 OPTION_SETTING_SECMPU_START = 0x00000408
       0        0        0     1 OPTION_SETTING_SECMPU_LENGTH = 0x00000034
       0        0        0     1 OPTION_SETTING_OSIS_START = 0x0100a150
       0        0        0     1 OPTION_SETTING_OSIS_LENGTH = 0x00000010
       0        0        0     1 FLASH_GAP_START = 0x00000000
       0        0        0     1 FLASH_GAP_LENGTH = 0x00000400
60000000 60000000        0     1 .qspi_flash.startof
60000000 60000000        0     1         __ddsc_QSPI_FLASH_START = .
90000000 90000000        0     1 .sdram.startof
90000000 90000000        0     1         __ddsc_SDRAM_START = .
90000000 90000000        0     1 __sdram_from_qspi_flash$$
90000000 90000000        0     1         __sdram_from_qspi_flash$$Base = .
90000000 90000000        0     1         __sdram_from_qspi_flash$$Load = LOADADDR ( __sdram_from_qspi_flash$$ )
90000000 90000000        0     1         __sdram_from_qspi_flash$$Limit = .
1ffe0000 1ffe0000        0     1 .ram.startof
1ffe0000 1ffe0000        0     1         __ddsc_RAM_START = .
1ffe0000 1ffe0000        0     1 __ram_dtc_vector$$
1ffe0000 1ffe0000        0     1         __ram_dtc_vector$$Base = .
1ffe0000 1ffe0000        0     1         __ram_dtc_vector$$Limit = .
1ffe0000 1ffe0000        0     1 __ram_from_qspi_flash$$
1ffe0000 1ffe0000        0     1         __ram_from_qspi_flash$$Base = .
1ffe0000 1ffe0000        0     1         __ram_from_qspi_flash$$Load = LOADADDR ( __ram_from_qspi_flash$$ )
1ffe0000 1ffe0000        0     1         __ram_from_qspi_flash$$Limit = .
60000000 60000000        0     1 __qspi_flash_readonly$$
60000000 60000000        0     1         __qspi_flash_readonly$$Base = .
60000000 60000000        0     1         __qspi_flash_readonly$$Limit = .
60000000 60000000        0     1 __qspi_flash_noinit$$
60000000 60000000        0     1         __qspi_flash_noinit$$Base = .
60000000 60000000        0     1         __qspi_flash_noinit$$Limit = .
60000000 60000000        0     1 .qspi_flash.endof
60000000 60000000        0     1         __ddsc_QSPI_FLASH_END = .
40100000 40100000        0     1 .data_flash.startof
40100000 40100000        0     1         __ddsc_DATA_FLASH_START = .
90000000 90000000        0     1 __sdram_from_data_flash$$
90000000 90000000        0     1         __sdram_from_data_flash$$Base = .
90000000 90000000        0     1         __sdram_from_data_flash$$Load = LOADADDR ( __sdram_from_data_flash$$ )
90000000 90000000        0     1         __sdram_from_data_flash$$Limit = .
1ffe0000 1ffe0000        0     1 __ram_from_data_flash$$
1ffe0000 1ffe0000        0     1         __ram_from_data_flash$$Base = .
1ffe0000 1ffe0000        0     1         __ram_from_data_flash$$Load = LOADADDR ( __ram_from_data_flash$$ )
1ffe0000 1ffe0000        0     1         __ram_from_data_flash$$Limit = .
40100000 40100000        0     1 __data_flash_readonly$$
40100000 40100000        0     1         __data_flash_readonly$$Base = .
40100000 40100000        0     1         __data_flash_readonly$$Limit = .
40100000 40100000        0     1 __data_flash_noinit$$
40100000 40100000        0     1         __data_flash_noinit$$Base = .
40100000 40100000        0     1         __data_flash_noinit$$Limit = .
40100000 40100000        0     1 .data_flash.endof
40100000 40100000        0     1         __ddsc_DATA_FLASH_END = .
       0        0        0     1 .flash.startof
       0        0        0     1         __ddsc_FLASH_START = .
       0        0       44     4 __flash_vectors$$
       0        0        0     1         __flash_vectors$$Base = .
       0        0        0     1         _VECTORS = .
       0        0       40     4         ./ra/fsp/src/bsp/cmsis/Device/RENESAS/Source/startup.o:(.fixed_vectors)
       0        0       40     1                 __Vectors
      40       40        4     4         ./ra_gen/vector_data.o:(.application_vectors)
      40       40        4     1                 g_vector_table
      44       44        0     1         __flash_vectors$$Limit = .
      44       44       a4     4 __flash_readonly_gap$$
      44       44        0     1         __flash_readonly_gap$$Base = .
      44       44       10     4         ./ra/fsp/src/bsp/mcu/ra6m2/bsp_linker.o:(.rodata.g_init_info)
      44       44       10     1                 g_init_info
      54       54       24     4         ./ra/fsp/src/bsp/mcu/ra6m2/bsp_linker.o:(.rodata.zero_list)
      54       54       24     1                 zero_list
      78       78       70     4         ./ra/fsp/src/bsp/mcu/ra6m2/bsp_linker.o:(.rodata.copy_list)
      78       78       70     1                 copy_list
      e8       e8        0     1         __flash_readonly_gap$$Limit = .
      e8       e8       18     4 .eh_frame
      e8       e8       14     1         D:\Renesas\RA\e2studio_v2023-07_fsp_v4.6.0\toolchains\llvm_arm\LLVM-ET-Arm-18.1.3-Windows-x86_64\bin\..\lib\clang-runtimes/arm-none-eabi/armv7em_hard_fpv4_sp_d16_exn_rtti\lib\libc.a(strlen.S.o):(.eh_frame+0x0)
     440      440        0     1 __flash_noinit$$
     440      440        0     1         __flash_noinit$$Base = .
     440      440        0     1         __flash_noinit$$Limit = .
90000000 90000000        0     1 __sdram_from_flash$$
90000000 90000000        0     1         __sdram_from_flash$$Base = .
90000000 90000000        0     1         __sdram_from_flash$$Load = LOADADDR ( __sdram_from_flash$$ )
90000000 90000000        0     1         __sdram_from_flash$$Limit = .
90000000 90000000        0     1 __sdram_noinit$$
90000000 90000000        0     1         __sdram_noinit$$Base = .
90000000 90000000        0     1         __sdram_noinit$$Limit = .
90000000 90000000        0     1 __sdram_zero$$
90000000 90000000        0     1         __sdram_zero$$Base = .
90000000 90000000        0     1         __sdram_zero$$Limit = .
90000000 90000000        0     1 .sdram.endof
90000000 90000000        0     1         __ddsc_SDRAM_END = .
1ffe0000      440       38     4 __ram_from_flash$$
1ffe0000      440        0     1         __ram_from_flash$$Base = .
1ffe0000      440        0     1         __ram_from_flash$$Load = LOADADDR ( __ram_from_flash$$ )
1ffe0000      440        6     1         ./ra_gen/common_data.o:(.data.g_ether0_mac_address)
1ffe0000      440        6     1                 g_ether0_mac_address
1ffe0008      448        8     4         ./ra_gen/common_data.o:(.data.pp_g_ether0_ether_buffers)
1ffe0008      448        8     1                 pp_g_ether0_ether_buffers
1ffe0010      450        8     4         ./ra_gen/common_data.o:(.data.g_freertos_plus_tcp0)
1ffe0010      450        8     1                 g_freertos_plus_tcp0
1ffe0018      458        4     4         ./ra_gen/common_data.o:(.data.gp_freertos_plus_tcp_instance)
1ffe0018      458        4     1                 gp_freertos_plus_tcp_instance
1ffe001c      45c       18     4         ./ra_gen/common_data.o:(.data.g_freertos_plus_tcp0_cfg)
1ffe001c      45c       18     1                 g_freertos_plus_tcp0_cfg
1ffe0034      474        4     4         ./ra/aws/FreeRTOS/FreeRTOS-Plus/Source/FreeRTOS-Plus-TCP/source/FreeRTOS_ARP.o:(.data.eARPProcessPacket.uxARPClashTimeoutPeriod)
1ffe0034      474        4     1                 eARPProcessPacket.uxARPClashTimeoutPeriod
1ffe0038      478        0     1         __ram_from_flash$$Limit = .
1ffe0038 1ffe0038      418     8 __ram_noinit$$
1ffe0038 1ffe0038        0     1         __ram_noinit$$Base = .
1ffe0038 1ffe0038      400     8         ./ra/fsp/src/bsp/cmsis/Device/RENESAS/Source/startup.o:(.bss.g_main_stack)
1ffe0038 1ffe0038      400     1                 g_main_stack
1ffe0438 1ffe0438       18     4         ./ra/fsp/src/bsp/mcu/all/bsp_clocks.o:(.ram_noinit)
1ffe0438 1ffe0438       18     1                 g_clock_freq
1ffe0450 1ffe0450        0     1         __ram_noinit$$Limit = .
1ffe0460 1ffe0460     4554    32 __ram_zero$$
1ffe0460 1ffe0460        0     1         __ram_zero$$Base = .
1ffe0460 1ffe0460        1     1         ./src/new_thread0_entry.o:(.bss.network_up)
1ffe0460 1ffe0460        1     1                 network_up
1ffe0464 1ffe0464       14     4         ./ra_gen/common_data.o:(.bss.g_ether_phy0_ctrl)
1ffe0464 1ffe0464       14     1                 g_ether_phy0_ctrl
1ffe0480 1ffe0480      600    32         ./ra_gen/common_data.o:(.bss.g_ether0_ether_buffer0)
1ffe0480 1ffe0480      600     1                 g_ether0_ether_buffer0
1ffe0a80 1ffe0a80      600    32         ./ra_gen/common_data.o:(.bss.g_ether0_ether_buffer1)
1ffe0a80 1ffe0a80      600     1                 g_ether0_ether_buffer1
1ffe1080 1ffe1080       10    16         ./ra_gen/common_data.o:(.bss.g_ether0_rx_descriptors)
1ffe1080 1ffe1080       10     1                 g_ether0_rx_descriptors
1ffe1090 1ffe1090       10    16         ./ra_gen/common_data.o:(.bss.g_ether0_tx_descriptors)
1ffe1090 1ffe1090       10     1                 g_ether0_tx_descriptors
1ffe10a0 1ffe10a0       28     4         ./ra_gen/common_data.o:(.bss.g_ether0_ctrl)
1ffe10a0 1ffe10a0       28     1                 g_ether0_ctrl
1ffe10c8 1ffe10c8       10     4         ./ra_gen/common_data.o:(.bss.g_freertos_plus_tcp0_ctrl)
1ffe10c8 1ffe10c8       10     1                 g_freertos_plus_tcp0_ctrl
1ffe10d8 1ffe10d8        8     4         ./ra_gen/common_data.o:(.bss.g_ioport_ctrl)
1ffe10d8 1ffe10d8        8     1                 g_ioport_ctrl
1ffe10e0 1ffe10e0        4     4         ./ra_gen/main.o:(.bss.g_fsp_common_initialized_semaphore)
1ffe10e0 1ffe10e0        4     1                 g_fsp_common_initialized_semaphore
1ffe10e4 1ffe10e4        1     1         ./ra_gen/main.o:(.bss.g_fsp_common_initialized)
1ffe10e4 1ffe10e4        1     1                 g_fsp_common_initialized
1ffe10e8 1ffe10e8        4     4         ./ra_gen/main.o:(.bss.g_fsp_common_thread_count)
1ffe10e8 1ffe10e8        4     1                 g_fsp_common_thread_count
1ffe10ec 1ffe10ec       48     4         ./ra_gen/main.o:(.bss.g_fsp_common_initialized_semaphore_memory)
1ffe10ec 1ffe10ec       48     1                 g_fsp_common_initialized_semaphore_memory
1ffe1134 1ffe1134       60     4         ./ra_gen/main.o:(.bss.vApplicationGetIdleTaskMemory.xIdleTaskTCB)
1ffe1134 1ffe1134       60     1                 vApplicationGetIdleTaskMemory.xIdleTaskTCB
1ffe1194 1ffe1194      200     4         ./ra_gen/main.o:(.bss.vApplicationGetIdleTaskMemory.uxIdleTaskStack)
1ffe1194 1ffe1194      200     1                 vApplicationGetIdleTaskMemory.uxIdleTaskStack
1ffe1394 1ffe1394       60     4         ./ra_gen/main.o:(.bss.vApplicationGetTimerTaskMemory.xTimerTaskTCB)
1ffe1394 1ffe1394       60     1                 vApplicationGetTimerTaskMemory.xTimerTaskTCB
1ffe13f4 1ffe13f4      200     4         ./ra_gen/main.o:(.bss.vApplicationGetTimerTaskMemory.uxTimerTaskStack)
1ffe13f4 1ffe13f4      200     1                 vApplicationGetTimerTaskMemory.uxTimerTaskStack
1ffe15f4 1ffe15f4       60     4         ./ra_gen/new_thread0.o:(.bss.new_thread0_memory)
1ffe15f4 1ffe15f4       60     1                 new_thread0_memory
1ffe1654 1ffe1654        4     4         ./ra_gen/new_thread0.o:(.bss.new_thread0)
1ffe1654 1ffe1654        4     1                 new_thread0
1ffe1658 1ffe1658        4     4         ./ra/fsp/src/rm_freertos_port/port.o:(.bss.uxCriticalNesting)
1ffe1658 1ffe1658        4     1                 uxCriticalNesting
1ffe165c 1ffe165c        4     4         ./ra/fsp/src/rm_freertos_port/port.o:(.bss.g_mask_level_before_disable)
1ffe165c 1ffe165c        4     1                 g_mask_level_before_disable
1ffe1660 1ffe1660       11     1         ./ra/fsp/src/rm_freertos_plus_tcp/NetworkInterface.o:(.bss.pxFSP_Eth_FillInterfaceDescriptor.pcName)
1ffe1660 1ffe1660       11     1                 pxFSP_Eth_FillInterfaceDescriptor.pcName
1ffe1674 1ffe1674       34     4         ./ra/fsp/src/bsp/mcu/all/bsp_group_irq.o:(.bss.g_bsp_group_irq_sources)
1ffe1674 1ffe1674       34     1                 g_bsp_group_irq_sources
1ffe16a8 1ffe16a8        4     4         ./ra/fsp/src/bsp/mcu/all/bsp_io.o:(.bss.g_protect_pfswe_counter)
1ffe16a8 1ffe16a8        4     1                 g_protect_pfswe_counter
1ffe16ac 1ffe16ac        4     4         ./ra/fsp/src/bsp/mcu/all/bsp_irq.o:(.bss.gp_renesas_isr_context)
1ffe16ac 1ffe16ac        4     1                 gp_renesas_isr_context
1ffe16b0 1ffe16b0        a     2         ./ra/fsp/src/bsp/mcu/all/bsp_register_protection.o:(.bss.g_protect_counters)
1ffe16b0 1ffe16b0        a     1                 g_protect_counters
1ffe16bc 1ffe16bc        4     4         ./ra/fsp/src/bsp/cmsis/Device/RENESAS/Source/system.o:(.bss.SystemCoreClock)
1ffe16bc 1ffe16bc        4     1                 SystemCoreClock
1ffe16c0 1ffe16c0        4     4         ./ra/aws/FreeRTOS/FreeRTOS/Source/portable/MemMang/heap_4.o:(.bss.pxEnd)
1ffe16c0 1ffe16c0        4     1                 pxEnd
1ffe16c4 1ffe16c4        4     4         ./ra/aws/FreeRTOS/FreeRTOS/Source/portable/MemMang/heap_4.o:(.bss.xFreeBytesRemaining)
1ffe16c4 1ffe16c4        4     1                 xFreeBytesRemaining
1ffe16c8 1ffe16c8        8     4         ./ra/aws/FreeRTOS/FreeRTOS/Source/portable/MemMang/heap_4.o:(.bss.xStart)
1ffe16c8 1ffe16c8        8     1                 xStart
1ffe16d0 1ffe16d0     2000     1         ./ra/aws/FreeRTOS/FreeRTOS/Source/portable/MemMang/heap_4.o:(.bss.ucHeap)
1ffe16d0 1ffe16d0     2000     1                 ucHeap
1ffe36d0 1ffe36d0        4     4         ./ra/aws/FreeRTOS/FreeRTOS/Source/portable/MemMang/heap_4.o:(.bss.xMinimumEverFreeBytesRemaining)
1ffe36d0 1ffe36d0        4     1                 xMinimumEverFreeBytesRemaining
1ffe36d4 1ffe36d4        4     4         ./ra/aws/FreeRTOS/FreeRTOS/Source/portable/MemMang/heap_4.o:(.bss.xNumberOfSuccessfulAllocations)
1ffe36d4 1ffe36d4        4     1                 xNumberOfSuccessfulAllocations
1ffe36d8 1ffe36d8        4     4         ./ra/aws/FreeRTOS/FreeRTOS/Source/portable/MemMang/heap_4.o:(.bss.xNumberOfSuccessfulFrees)
1ffe36d8 1ffe36d8        4     1                 xNumberOfSuccessfulFrees
1ffe36dc 1ffe36dc       50     4         ./ra/aws/FreeRTOS/FreeRTOS/Source/queue.o:(.bss.xQueueRegistry)
1ffe36dc 1ffe36dc       50     1                 xQueueRegistry
1ffe372c 1ffe372c        4     4         ./ra/aws/FreeRTOS/FreeRTOS/Source/tasks.o:(.bss.pxCurrentTCB)
1ffe372c 1ffe372c        4     1                 pxCurrentTCB
1ffe3730 1ffe3730        4     4         ./ra/aws/FreeRTOS/FreeRTOS/Source/tasks.o:(.bss.uxTaskNumber)
1ffe3730 1ffe3730        4     1                 uxTaskNumber
1ffe3734 1ffe3734        4     4         ./ra/aws/FreeRTOS/FreeRTOS/Source/tasks.o:(.bss.xSchedulerRunning)
1ffe3734 1ffe3734        4     1                 xSchedulerRunning
1ffe3738 1ffe3738       14     4         ./ra/aws/FreeRTOS/FreeRTOS/Source/tasks.o:(.bss.xTasksWaitingTermination)
1ffe3738 1ffe3738       14     1                 xTasksWaitingTermination
1ffe374c 1ffe374c        4     4         ./ra/aws/FreeRTOS/FreeRTOS/Source/tasks.o:(.bss.uxDeletedTasksWaitingCleanUp)
1ffe374c 1ffe374c        4     1                 uxDeletedTasksWaitingCleanUp
1ffe3750 1ffe3750        4     4         ./ra/aws/FreeRTOS/FreeRTOS/Source/tasks.o:(.bss.uxCurrentNumberOfTasks)
1ffe3750 1ffe3750        4     1                 uxCurrentNumberOfTasks
1ffe3754 1ffe3754        4     4         ./ra/aws/FreeRTOS/FreeRTOS/Source/tasks.o:(.bss.uxSchedulerSuspended)
1ffe3754 1ffe3754        4     1                 uxSchedulerSuspended
1ffe3758 1ffe3758        4     4         ./ra/aws/FreeRTOS/FreeRTOS/Source/tasks.o:(.bss.xTickCount)
1ffe3758 1ffe3758        4     1                 xTickCount
1ffe375c 1ffe375c       64     4         ./ra/aws/FreeRTOS/FreeRTOS/Source/tasks.o:(.bss.pxReadyTasksLists)
1ffe375c 1ffe375c       64     1                 pxReadyTasksLists
1ffe37c0 1ffe37c0        4     4         ./ra/aws/FreeRTOS/FreeRTOS/Source/tasks.o:(.bss.uxTopReadyPriority)
1ffe37c0 1ffe37c0        4     1                 uxTopReadyPriority
1ffe37c4 1ffe37c4       14     4         ./ra/aws/FreeRTOS/FreeRTOS/Source/tasks.o:(.bss.xSuspendedTaskList)
1ffe37c4 1ffe37c4       14     1                 xSuspendedTaskList
1ffe37d8 1ffe37d8        4     4         ./ra/aws/FreeRTOS/FreeRTOS/Source/tasks.o:(.bss.xYieldPendings)
1ffe37d8 1ffe37d8        4     1                 xYieldPendings
1ffe37dc 1ffe37dc       14     4         ./ra/aws/FreeRTOS/FreeRTOS/Source/tasks.o:(.bss.xPendingReadyList)
1ffe37dc 1ffe37dc       14     1                 xPendingReadyList
1ffe37f0 1ffe37f0        4     4         ./ra/aws/FreeRTOS/FreeRTOS/Source/tasks.o:(.bss.xNextTaskUnblockTime)
1ffe37f0 1ffe37f0        4     1                 xNextTaskUnblockTime
1ffe37f4 1ffe37f4        4     4         ./ra/aws/FreeRTOS/FreeRTOS/Source/tasks.o:(.bss.xIdleTaskHandles.0)
1ffe37f4 1ffe37f4        4     1                 xIdleTaskHandles.0
1ffe37f8 1ffe37f8        4     4         ./ra/aws/FreeRTOS/FreeRTOS/Source/tasks.o:(.bss.xPendedTicks)
1ffe37f8 1ffe37f8        4     1                 xPendedTicks
1ffe37fc 1ffe37fc        4     4         ./ra/aws/FreeRTOS/FreeRTOS/Source/tasks.o:(.bss.pxDelayedTaskList)
1ffe37fc 1ffe37fc        4     1                 pxDelayedTaskList
1ffe3800 1ffe3800        4     4         ./ra/aws/FreeRTOS/FreeRTOS/Source/tasks.o:(.bss.pxOverflowDelayedTaskList)
1ffe3800 1ffe3800        4     1                 pxOverflowDelayedTaskList
1ffe3804 1ffe3804        4     4         ./ra/aws/FreeRTOS/FreeRTOS/Source/tasks.o:(.bss.xNumOfOverflows)
1ffe3804 1ffe3804        4     1                 xNumOfOverflows
1ffe3808 1ffe3808       14     4         ./ra/aws/FreeRTOS/FreeRTOS/Source/tasks.o:(.bss.xDelayedTaskList1)
1ffe3808 1ffe3808       14     1                 xDelayedTaskList1
1ffe381c 1ffe381c       14     4         ./ra/aws/FreeRTOS/FreeRTOS/Source/tasks.o:(.bss.xDelayedTaskList2)
1ffe381c 1ffe381c       14     1                 xDelayedTaskList2
1ffe3830 1ffe3830        4     4         ./ra/aws/FreeRTOS/FreeRTOS/Source/timers.o:(.bss.xTimerQueue)
1ffe3830 1ffe3830        4     1                 xTimerQueue
1ffe3834 1ffe3834        4     4         ./ra/aws/FreeRTOS/FreeRTOS/Source/timers.o:(.bss.xTimerTaskHandle)
1ffe3834 1ffe3834        4     1                 xTimerTaskHandle
1ffe3838 1ffe3838        4     4         ./ra/aws/FreeRTOS/FreeRTOS/Source/timers.o:(.bss.pxCurrentTimerList)
1ffe3838 1ffe3838        4     1                 pxCurrentTimerList
1ffe383c 1ffe383c        4     4         ./ra/aws/FreeRTOS/FreeRTOS/Source/timers.o:(.bss.pxOverflowTimerList)
1ffe383c 1ffe383c        4     1                 pxOverflowTimerList
1ffe3840 1ffe3840        4     4         ./ra/aws/FreeRTOS/FreeRTOS/Source/timers.o:(.bss.prvSampleTimeNow.xLastTime)
1ffe3840 1ffe3840        4     1                 prvSampleTimeNow.xLastTime
1ffe3844 1ffe3844       14     4         ./ra/aws/FreeRTOS/FreeRTOS/Source/timers.o:(.bss.xActiveTimerList1)
1ffe3844 1ffe3844       14     1                 xActiveTimerList1
1ffe3858 1ffe3858       14     4         ./ra/aws/FreeRTOS/FreeRTOS/Source/timers.o:(.bss.xActiveTimerList2)
1ffe3858 1ffe3858       14     1                 xActiveTimerList2
1ffe386c 1ffe386c       48     4         ./ra/aws/FreeRTOS/FreeRTOS/Source/timers.o:(.bss.prvCheckForValidListAndQueue.xStaticTimerQueue)
1ffe386c 1ffe386c       48     1                 prvCheckForValidListAndQueue.xStaticTimerQueue
1ffe38b4 1ffe38b4       78     1         ./ra/aws/FreeRTOS/FreeRTOS/Source/timers.o:(.bss.prvCheckForValidListAndQueue.ucStaticTimerQueueStorage)
1ffe38b4 1ffe38b4       78     1                 prvCheckForValidListAndQueue.ucStaticTimerQueueStorage
1ffe392c 1ffe392c      230     4         ./ra/aws/FreeRTOS/FreeRTOS-Plus/Source/FreeRTOS-Plus-TCP/source/portable/BufferManagement/BufferAllocation_2.o:(.bss.xNetworkBuffersInitialise.xNetworkBufferDescriptors)
1ffe392c 1ffe392c      230     1                 xNetworkBuffersInitialise.xNetworkBufferDescriptors
1ffe3b5c 1ffe3b5c        4     4         ./ra/aws/FreeRTOS/FreeRTOS-Plus/Source/FreeRTOS-Plus-TCP/source/portable/BufferManagement/BufferAllocation_2.o:(.bss.xNetworkBufferSemaphore)
1ffe3b5c 1ffe3b5c        4     1                 xNetworkBufferSemaphore
1ffe3b60 1ffe3b60       48     4         ./ra/aws/FreeRTOS/FreeRTOS-Plus/Source/FreeRTOS-Plus-TCP/source/portable/BufferManagement/BufferAllocation_2.o:(.bss.xNetworkBuffersInitialise.xNetworkBufferSemaphoreBuffer)
1ffe3b60 1ffe3b60       48     1                 xNetworkBuffersInitialise.xNetworkBufferSemaphoreBuffer
1ffe3ba8 1ffe3ba8       14     4         ./ra/aws/FreeRTOS/FreeRTOS-Plus/Source/FreeRTOS-Plus-TCP/source/portable/BufferManagement/BufferAllocation_2.o:(.bss.xFreeBuffersList)
1ffe3ba8 1ffe3ba8       14     1                 xFreeBuffersList
1ffe3bbc 1ffe3bbc        4     4         ./ra/aws/FreeRTOS/FreeRTOS-Plus/Source/FreeRTOS-Plus-TCP/source/portable/BufferManagement/BufferAllocation_2.o:(.bss.uxMinimumFreeNetworkBuffers)
1ffe3bbc 1ffe3bbc        4     1                 uxMinimumFreeNetworkBuffers
1ffe3bc0 1ffe3bc0        1     4         ./ra/aws/FreeRTOS/FreeRTOS-Plus/Source/FreeRTOS-Plus-TCP/source/FreeRTOS_ARP.o:(.bss.eARPProcessPacket.uxARPClashCounter)
1ffe3bc0 1ffe3bc0        1     1                 eARPProcessPacket.uxARPClashCounter
1ffe3bc4 1ffe3bc4        8     4         ./ra/aws/FreeRTOS/FreeRTOS-Plus/Source/FreeRTOS-Plus-TCP/source/FreeRTOS_ARP.o:(.bss.eARPProcessPacket.xARPClashTimeOut)
1ffe3bc4 1ffe3bc4        8     1                 eARPProcessPacket.xARPClashTimeOut
1ffe3bcc 1ffe3bcc        4     4         ./ra/aws/FreeRTOS/FreeRTOS-Plus/Source/FreeRTOS-Plus-TCP/source/FreeRTOS_ARP.o:(.bss.xLastGratuitousARPTime)
1ffe3bcc 1ffe3bcc        4     1                 xLastGratuitousARPTime
1ffe3bd0 1ffe3bd0       60     4         ./ra/aws/FreeRTOS/FreeRTOS-Plus/Source/FreeRTOS-Plus-TCP/source/FreeRTOS_ARP.o:(.bss.xARPCache)
1ffe3bd0 1ffe3bd0       60     1                 xARPCache
1ffe3c30 1ffe3c30      11c     4         ./ra/aws/FreeRTOS/FreeRTOS-Plus/Source/FreeRTOS-Plus-TCP/source/FreeRTOS_DNS_Cache.o:(.bss.xDNSCache)
1ffe3c30 1ffe3c30      11c     1                 xDNSCache
1ffe3d4c 1ffe3d4c        4     4         ./ra/aws/FreeRTOS/FreeRTOS-Plus/Source/FreeRTOS-Plus-TCP/source/FreeRTOS_IP.o:(.bss.pxARPWaitingNetworkBuffer)
1ffe3d4c 1ffe3d4c        4     1                 pxARPWaitingNetworkBuffer
1ffe3d50 1ffe3d50        4     4         ./ra/aws/FreeRTOS/FreeRTOS-Plus/Source/FreeRTOS-Plus-TCP/source/FreeRTOS_IP.o:(.bss.xNetworkEventQueue)
1ffe3d50 1ffe3d50        4     1                 xNetworkEventQueue
1ffe3d54 1ffe3d54        2     2         ./ra/aws/FreeRTOS/FreeRTOS-Plus/Source/FreeRTOS-Plus-TCP/source/FreeRTOS_IP.o:(.bss.usPacketIdentifier)
1ffe3d54 1ffe3d54        2     1                 usPacketIdentifier
1ffe3d58 1ffe3d58        4     4         ./ra/aws/FreeRTOS/FreeRTOS-Plus/Source/FreeRTOS-Plus-TCP/source/FreeRTOS_IP.o:(.bss.xIPTaskHandle)
1ffe3d58 1ffe3d58        4     1                 xIPTaskHandle
1ffe3d5c 1ffe3d5c        4     4         ./ra/aws/FreeRTOS/FreeRTOS-Plus/Source/FreeRTOS-Plus-TCP/source/FreeRTOS_IP.o:(.bss.xNetworkDownEventPending)
1ffe3d5c 1ffe3d5c        4     1                 xNetworkDownEventPending
1ffe3d60 1ffe3d60       28     4         ./ra/aws/FreeRTOS/FreeRTOS-Plus/Source/FreeRTOS-Plus-TCP/source/FreeRTOS_IP.o:(.bss.FreeRTOS_IPInit.xInterfaces)
1ffe3d60 1ffe3d60       28     1                 FreeRTOS_IPInit.xInterfaces
1ffe3d88 1ffe3d88       74     4         ./ra/aws/FreeRTOS/FreeRTOS-Plus/Source/FreeRTOS-Plus-TCP/source/FreeRTOS_IP.o:(.bss.FreeRTOS_IPInit.xEndPoints)
1ffe3d88 1ffe3d88       74     1                 FreeRTOS_IPInit.xEndPoints
1ffe3dfc 1ffe3dfc       48     4         ./ra/aws/FreeRTOS/FreeRTOS-Plus/Source/FreeRTOS-Plus-TCP/source/FreeRTOS_IP.o:(.bss.FreeRTOS_IPInit_Multi.xNetworkEventStaticQueue)
1ffe3dfc 1ffe3dfc       48     1                 FreeRTOS_IPInit_Multi.xNetworkEventStaticQueue
1ffe3e44 1ffe3e44       78     1         ./ra/aws/FreeRTOS/FreeRTOS-Plus/Source/FreeRTOS-Plus-TCP/source/FreeRTOS_IP.o:(.bss.FreeRTOS_IPInit_Multi.ucNetworkEventQueueStorageArea)
1ffe3e44 1ffe3e44       78     1                 FreeRTOS_IPInit_Multi.ucNetworkEventQueueStorageArea
1ffe3ebc 1ffe3ebc       60     4         ./ra/aws/FreeRTOS/FreeRTOS-Plus/Source/FreeRTOS-Plus-TCP/source/FreeRTOS_IP.o:(.bss.FreeRTOS_IPInit_Multi.xIPTaskBuffer)
1ffe3ebc 1ffe3ebc       60     1                 FreeRTOS_IPInit_Multi.xIPTaskBuffer
1ffe3f1c 1ffe3f1c      a00     4         ./ra/aws/FreeRTOS/FreeRTOS-Plus/Source/FreeRTOS-Plus-TCP/source/FreeRTOS_IP.o:(.bss.FreeRTOS_IPInit_Multi.xIPTaskStack)
1ffe3f1c 1ffe3f1c      a00     1                 FreeRTOS_IPInit_Multi.xIPTaskStack
1ffe491c 1ffe491c        1     4         ./ra/aws/FreeRTOS/FreeRTOS-Plus/Source/FreeRTOS-Plus-TCP/source/FreeRTOS_IP.o:(.bss.xIPTaskInitialised)
1ffe491c 1ffe491c        1     1                 xIPTaskInitialised
1ffe4920 1ffe4920       14     4         ./ra/aws/FreeRTOS/FreeRTOS-Plus/Source/FreeRTOS-Plus-TCP/source/FreeRTOS_IP_Timers.o:(.bss.xARPTimer)
1ffe4920 1ffe4920       14     1                 xARPTimer
1ffe4934 1ffe4934       14     4         ./ra/aws/FreeRTOS/FreeRTOS-Plus/Source/FreeRTOS-Plus-TCP/source/FreeRTOS_IP_Timers.o:(.bss.xTCPTimer)
1ffe4934 1ffe4934       14     1                 xTCPTimer
1ffe4948 1ffe4948       14     4         ./ra/aws/FreeRTOS/FreeRTOS-Plus/Source/FreeRTOS-Plus-TCP/source/FreeRTOS_IP_Timers.o:(.bss.xARPResolutionTimer)
1ffe4948 1ffe4948       14     1                 xARPResolutionTimer
1ffe495c 1ffe495c        4     4         ./ra/aws/FreeRTOS/FreeRTOS-Plus/Source/FreeRTOS-Plus-TCP/source/FreeRTOS_IP_Timers.o:(.bss.xAllNetworksUp)
1ffe495c 1ffe495c        4     1                 xAllNetworksUp
1ffe4960 1ffe4960       14     4         ./ra/aws/FreeRTOS/FreeRTOS-Plus/Source/FreeRTOS-Plus-TCP/source/FreeRTOS_IP_Timers.o:(.bss.xNetworkTimer)
1ffe4960 1ffe4960       14     1                 xNetworkTimer
1ffe4974 1ffe4974        4     4         ./ra/aws/FreeRTOS/FreeRTOS-Plus/Source/FreeRTOS-Plus-TCP/source/FreeRTOS_Routing.o:(.bss.pxNetworkEndPoints)
1ffe4974 1ffe4974        4     1                 pxNetworkEndPoints
1ffe4978 1ffe4978        4     4         ./ra/aws/FreeRTOS/FreeRTOS-Plus/Source/FreeRTOS-Plus-TCP/source/FreeRTOS_Routing.o:(.bss.pxNetworkInterfaces)
1ffe4978 1ffe4978        4     1                 pxNetworkInterfaces
1ffe497c 1ffe497c       14     4         ./ra/aws/FreeRTOS/FreeRTOS-Plus/Source/FreeRTOS-Plus-TCP/source/FreeRTOS_Sockets.o:(.bss.xBoundUDPSocketsList)
1ffe497c 1ffe497c       14     1                 xBoundUDPSocketsList
1ffe4990 1ffe4990       14     4         ./ra/aws/FreeRTOS/FreeRTOS-Plus/Source/FreeRTOS-Plus-TCP/source/FreeRTOS_Sockets.o:(.bss.xBoundTCPSocketsList)
1ffe4990 1ffe4990       14     1                 xBoundTCPSocketsList
1ffe49a4 1ffe49a4        4     4         ./ra/aws/FreeRTOS/FreeRTOS-Plus/Source/FreeRTOS-Plus-TCP/source/FreeRTOS_Sockets.o:(.bss.xTCPTimerCheck.xLastTime)
1ffe49a4 1ffe49a4        4     1                 xTCPTimerCheck.xLastTime
1ffe49a8 1ffe49a8        4     4         ./ra/aws/FreeRTOS/FreeRTOS-Plus/Source/FreeRTOS-Plus-TCP/source/FreeRTOS_TCP_IP.o:(.bss.xSocketToClose)
1ffe49a8 1ffe49a8        4     1                 xSocketToClose
1ffe49ac 1ffe49ac        4     4         ./ra/aws/FreeRTOS/FreeRTOS-Plus/Source/FreeRTOS-Plus-TCP/source/FreeRTOS_TCP_IP.o:(.bss.xSocketToListen)
1ffe49ac 1ffe49ac        4     1                 xSocketToListen
1ffe49b0 1ffe49b0        4    16         D:\Renesas\RA\e2studio_v2023-07_fsp_v4.6.0\toolchains\llvm_arm\LLVM-ET-Arm-18.1.3-Windows-x86_64\bin\..\lib\clang-runtimes/arm-none-eabi/armv7em_hard_fpv4_sp_d16_exn_rtti\lib\libc.a(libc_picolib_machine_arm_read_tp.S.o):(.bss)
1ffe49b0 1ffe49b0        4     1                 __tls
1ffe49b4 1ffe49b4        0     1         __ram_zero$$Limit = .
1ffe49b8      480        8     8 __ram_tdata$$
1ffe49b8      480        0     1         __ram_tdata$$Base = .
1ffe49b8      480        0     1         __ram_tdata$$Load = LOADADDR ( __ram_tdata$$ )
1ffe49b8      480        8     8         D:\Renesas\RA\e2studio_v2023-07_fsp_v4.6.0\toolchains\llvm_arm\LLVM-ET-Arm-18.1.3-Windows-x86_64\bin\..\lib\clang-runtimes/arm-none-eabi/armv7em_hard_fpv4_sp_d16_exn_rtti\lib\libc.a(libc_stdlib_random.c.o):(.tdata)
       0 ffffffffe001bac8        8     1                 _rand_next
1ffe49c0      488        0     1         __ram_tdata$$Limit = .
1ffe49c0 1ffe49c0        0     1 __ram_tbss$$
1ffe49c0 1ffe49c0        0     1         __ram_tbss$$Base = .
1ffe49c0 1ffe49c0        0     1         __ram_tbss$$Limit = .
1ffe49c0 1ffe49c0      400     8 __ram_thread_stack$$
1ffe49c0 1ffe49c0        0     1         __ram_thread_stack$$Base = .
1ffe49c0 1ffe49c0      400     8         ./ra_gen/new_thread0.o:(.stack.new_thread0)
1ffe49c0 1ffe49c0      400     1                 new_thread0_stack
1ffe4dc0 1ffe4dc0        0     1         __ram_thread_stack$$Limit = .
1ffe4e00 1ffe4e00        0     1 .ram.endof
1ffe4e00 1ffe4e00        0     1         __ddsc_RAM_END = .
     490      490     d0ba    16 __flash_readonly$$
     490      490        0     1         __flash_readonly$$Base = .
     490      490       1a     4         ./src/hal_warmstart.o:(.text.R_BSP_WarmStart)
     490      490        0     1                 $t.0
     491      491       1a     1                 R_BSP_WarmStart
     4ac      4ac       14     4         ./src/new_thread0_entry.o:(.text.vApplicationIPNetworkEventHook)
     4ac      4ac        0     1                 $t.0
     4ad      4ad       14     1                 vApplicationIPNetworkEventHook
     4c0      4c0       54     4         ./src/new_thread0_entry.o:(.text.new_thread0_entry)
     4c0      4c0        0     1                 $t.2
     4c1      4c1       54     1                 new_thread0_entry
     514      514        2     4         ./ra_gen/common_data.o:(.text.g_common_init)
     514      514        0     1                 $t.0
     515      515        2     1                 g_common_init
     518      518        4     4         ./ra_gen/hal_data.o:(.text.g_hal_init)
     518      518        0     1                 $t.0
     519      519        4     1                 g_hal_init
     51c      51c        4     4         ./ra_gen/main.o:(.text.rtos_startup_err_callback_internal)
     51c      51c        0     1                 $t.0
     51d      51d        4     1                 rtos_startup_err_callback_internal
     51d      51d        4     1                 rtos_startup_err_callback
     520      520       64     4         ./ra_gen/main.o:(.text.rtos_startup_common_init)
     520      520        0     1                 $t.1
     521      521       64     1                 rtos_startup_common_init
     584      584       4c     4         ./ra_gen/main.o:(.text.main)
     584      584        0     1                 $t.2
     585      585       4c     1                 main
     5d0      5d0       1a     4         ./ra_gen/main.o:(.text.vApplicationGetIdleTaskMemory)
     5d0      5d0        0     1                 $t.3
     5d1      5d1       1a     1                 vApplicationGetIdleTaskMemory
     5ec      5ec       1a     4         ./ra_gen/main.o:(.text.vApplicationGetTimerTaskMemory)
     5ec      5ec        0     1                 $t.4
     5ed      5ed       1a     1                 vApplicationGetTimerTaskMemory
     608      608       6e     4         ./ra_gen/new_thread0.o:(.text.new_thread0_create)
     608      608        0     1                 $t.0
     609      609       6e     1                 new_thread0_create
     678      678       14     4         ./ra_gen/new_thread0.o:(.text.new_thread0_func)
     678      678        0     1                 $t.1
     679      679       14     1                 new_thread0_func
     68c      68c       18     4         ./ra/fsp/src/rm_freertos_port/port.o:(.text.SVC_Handler)
     68c      68c        0     1                 $t.0
     68d      68d       12     1                 SVC_Handler
     6a0      6a0        0     1                 $d.15
     6a4      6a4       3c     4         ./ra/fsp/src/rm_freertos_port/port.o:(.text.PendSV_Handler)
     6a4      6a4        0     1                 $t.1
     6a5      6a5       38     1                 PendSV_Handler
     6dc      6dc        0     1                 $d.16
     6e0      6e0       20     4         ./ra/fsp/src/rm_freertos_port/port.o:(.text.rm_freertos_port_restore_task_stackless)
     6e0      6e0        0     1                 $t.2
     6e1      6e1       1a     1                 rm_freertos_port_restore_task_stackless
     6f4      6f4        0     1                 _skip_restore_ns_context
     6fc      6fc        0     1                 $d.17
     700      700       28     4         ./ra/fsp/src/rm_freertos_port/port.o:(.text.SysTick_Handler)
     700      700        0     1                 $t.3
     701      701       28     1                 SysTick_Handler
     728      728       38     4         ./ra/fsp/src/rm_freertos_port/port.o:(.text.vPortSVCHandler_C)
     728      728        0     1                 $t.4
     729      729       38     1                 vPortSVCHandler_C
     760      760       24     4         ./ra/fsp/src/rm_freertos_port/port.o:(.text.pxPortInitialiseStack)
     760      760        0     1                 $t.5
     761      761       24     1                 pxPortInitialiseStack
     784      784        6     4         ./ra/fsp/src/rm_freertos_port/port.o:(.text.prvTaskExitError)
     784      784        0     1                 $t.6
     785      785        6     1                 prvTaskExitError
     78c      78c       40     4         ./ra/fsp/src/rm_freertos_port/port.o:(.text.xPortStartScheduler)
     78c      78c        0     1                 $t.7
     78d      78d       40     1                 xPortStartScheduler
     7cc      7cc       46     4         ./ra/fsp/src/rm_freertos_port/port.o:(.text.vPortSetupTimerInterrupt)
     7cc      7cc        0     1                 $t.8
     7cd      7cd       46     1                 vPortSetupTimerInterrupt
     814      814       5c     4         ./ra/fsp/src/rm_freertos_port/port.o:(.text.vPortEnterCritical)
     814      814        0     1                 $t.10
     815      815       5c     1                 vPortEnterCritical
     870      870       48     4         ./ra/fsp/src/rm_freertos_port/port.o:(.text.vPortExitCritical)
     870      870        0     1                 $t.11
     871      871       48     1                 vPortExitCritical
     8b8      8b8       7a     4         ./ra/fsp/src/rm_freertos_port/port.o:(.text.vApplicationIdleHook)
     8b8      8b8        0     1                 $t.13
     8b9      8b9       7a     1                 vApplicationIdleHook
     934      934       70     4         ./ra/fsp/src/rm_freertos_port/port.o:(.text.vPortValidateInterruptPriority)
     934      934        0     1                 $t.14
     935      935       70     1                 vPortValidateInterruptPriority
     9a4      9a4       76     4         ./ra/fsp/src/rm_freertos_plus_tcp/NetworkInterface.o:(.text.vEtherISRCallback)
     9a4      9a4        0     1                 $t.0
     9a5      9a5       76     1                 vEtherISRCallback
     a1c      a1c      10e     4         ./ra/fsp/src/rm_freertos_plus_tcp/NetworkInterface.o:(.text.xFSP_Eth_NetworkInterfaceInitialise)
     a1c      a1c        0     1                 $t.3
     a1d      a1d      10e     1                 xFSP_Eth_NetworkInterfaceInitialise
     b2c      b2c       48     4         ./ra/fsp/src/rm_freertos_plus_tcp/NetworkInterface.o:(.text.xFSP_Eth_NetworkInterfaceOutput)
     b2c      b2c        0     1                 $t.4
     b2d      b2d       48     1                 xFSP_Eth_NetworkInterfaceOutput
     b74      b74       22     4         ./ra/fsp/src/rm_freertos_plus_tcp/NetworkInterface.o:(.text.xFSP_Eth_GetPhyLinkStatus)
     b74      b74        0     1                 $t.5
     b75      b75       22     1                 xFSP_Eth_GetPhyLinkStatus
     b98      b98       86     4         ./ra/fsp/src/rm_freertos_plus_tcp/NetworkInterface.o:(.text.pxFillInterfaceDescriptor)
     b98      b98        0     1                 $t.6
     b99      b99       86     1                 pxFillInterfaceDescriptor
     c20      c20       1a     4         ./ra/fsp/src/rm_freertos_plus_tcp/NetworkInterface.o:(.text.xApplicationGetRandomNumber)
     c20      c20        0     1                 $t.7
     c21      c21       1a     1                 xApplicationGetRandomNumber
     c3c      c3c       1c     4         ./ra/fsp/src/rm_freertos_plus_tcp/NetworkInterface.o:(.text.ulApplicationGetNextSequenceNumber)
     c3c      c3c        0     1                 $t.8
     c3d      c3d       1c     1                 ulApplicationGetNextSequenceNumber
     c58      c58       b0     4         ./ra/fsp/src/rm_freertos_plus_tcp/NetworkInterface.o:(.text.prvRXHandlerTask)
     c58      c58        0     1                 $t.9
     c59      c59       b0     1                 prvRXHandlerTask
     d08      d08       6e     4         ./ra/fsp/src/rm_freertos_plus_tcp/NetworkInterface.o:(.text.prvCheckLinkStatusTask)
     d08      d08        0     1                 $t.10
     d09      d09       6e     1                 prvCheckLinkStatusTask
     d78      d78       18     4         ./ra/fsp/src/r_ioport/r_ioport.o:(.text.R_IOPORT_Open)
     d78      d78        0     1                 $t.0
     d79      d79       18     1                 R_IOPORT_Open
     d90      d90       cc     4         ./ra/fsp/src/r_ioport/r_ioport.o:(.text.r_ioport_pins_config)
     d90      d90        0     1                 $t.13
     d91      d91       cc     1                 r_ioport_pins_config
     e5c      e5c       de     4         ./ra/fsp/src/r_ioport/r_ioport.o:(.text.bsp_vbatt_init)
     e5c      e5c        0     1                 $t.14
     e5d      e5d       de     1                 bsp_vbatt_init
     f3c      f3c       88     4         ./ra/fsp/src/r_ether_phy/r_ether_phy.o:(.text.R_ETHER_PHY_Open)
     f3c      f3c        0     1                 $t.0
     f3d      f3d       88     1                 R_ETHER_PHY_Open
     fc4      fc4       12     4         ./ra/fsp/src/r_ether_phy/r_ether_phy.o:(.text.R_ETHER_PHY_Close)
     fc4      fc4        0     1                 $t.1
     fc5      fc5       12     1                 R_ETHER_PHY_Close
     fd8      fd8       54     4         ./ra/fsp/src/r_ether_phy/r_ether_phy.o:(.text.R_ETHER_PHY_ChipInit)
     fd8      fd8        0     1                 $t.2
     fd9      fd9       54     1                 R_ETHER_PHY_ChipInit
    102c     102c      1c6     4         ./ra/fsp/src/r_ether_phy/r_ether_phy.o:(.text.R_ETHER_PHY_Read)
    102c     102c        0     1                 $t.3
    102d     102d      1c6     1                 R_ETHER_PHY_Read
    11f4     11f4      23e     4         ./ra/fsp/src/r_ether_phy/r_ether_phy.o:(.text.R_ETHER_PHY_Write)
    11f4     11f4        0     1                 $t.4
    11f5     11f5      23e     1                 R_ETHER_PHY_Write
    1434     1434       3e     4         ./ra/fsp/src/r_ether_phy/r_ether_phy.o:(.text.R_ETHER_PHY_StartAutoNegotiate)
    1434     1434        0     1                 $t.5
    1435     1435       3e     1                 R_ETHER_PHY_StartAutoNegotiate
    1474     1474       b6     4         ./ra/fsp/src/r_ether_phy/r_ether_phy.o:(.text.R_ETHER_PHY_LinkPartnerAbilityGet)
    1474     1474        0     1                 $t.6
    1475     1475       b6     1                 R_ETHER_PHY_LinkPartnerAbilityGet
    152c     152c       2e     4         ./ra/fsp/src/r_ether_phy/r_ether_phy.o:(.text.R_ETHER_PHY_LinkStatusGet)
    152c     152c        0     1                 $t.7
    152d     152d       2e     1                 R_ETHER_PHY_LinkStatusGet
    155c     155c       f0     4         ./ra/fsp/src/r_ether_phy/r_ether_phy.o:(.text.ether_phy_reg_set)
    155c     155c        0     1                 $t.8
    155d     155d       f0     1                 ether_phy_reg_set
    164c     164c      1d8     4         ./ra/fsp/src/r_ether/r_ether.o:(.text.R_ETHER_Open)
    164c     164c        0     1                 $t.0
    164d     164d      1d8     1                 R_ETHER_Open
    1824     1824       aa     4         ./ra/fsp/src/r_ether/r_ether.o:(.text.R_ETHER_Close)
    1824     1824        0     1                 $t.1
    1825     1825       aa     1                 R_ETHER_Close
    18d0     18d0      116     4         ./ra/fsp/src/r_ether/r_ether.o:(.text.R_ETHER_Read)
    18d0     18d0        0     1                 $t.2
    18d1     18d1      116     1                 R_ETHER_Read
    19e8     19e8       54     4         ./ra/fsp/src/r_ether/r_ether.o:(.text.R_ETHER_BufferRelease)
    19e8     19e8        0     1                 $t.3
    19e9     19e9       54     1                 R_ETHER_BufferRelease
    1a3c     1a3c       40     4         ./ra/fsp/src/r_ether/r_ether.o:(.text.R_ETHER_RxBufferUpdate)
    1a3c     1a3c        0     1                 $t.4
    1a3d     1a3d       40     1                 R_ETHER_RxBufferUpdate
    1a7c     1a7c       98     4         ./ra/fsp/src/r_ether/r_ether.o:(.text.R_ETHER_Write)
    1a7c     1a7c        0     1                 $t.5
    1a7d     1a7d       98     1                 R_ETHER_Write
    1b14     1b14      2c2     4         ./ra/fsp/src/r_ether/r_ether.o:(.text.R_ETHER_LinkProcess)
    1b14     1b14        0     1                 $t.6
    1b15     1b15      2c2     1                 R_ETHER_LinkProcess
    1dd8     1dd8       46     4         ./ra/fsp/src/r_ether/r_ether.o:(.text.R_ETHER_WakeOnLANEnable)
    1dd8     1dd8        0     1                 $t.7
    1dd9     1dd9       46     1                 R_ETHER_WakeOnLANEnable
    1e20     1e20       34     4         ./ra/fsp/src/r_ether/r_ether.o:(.text.R_ETHER_TxStatusGet)
    1e20     1e20        0     1                 $t.8
    1e21     1e21       34     1                 R_ETHER_TxStatusGet
    1e54     1e54        e     4         ./ra/fsp/src/r_ether/r_ether.o:(.text.R_ETHER_CallbackSet)
    1e54     1e54        0     1                 $t.9
    1e55     1e55        e     1                 R_ETHER_CallbackSet
    1e64     1e64      1e2     4         ./ra/fsp/src/r_ether/r_ether.o:(.text.ether_configure_mac)
    1e64     1e64        0     1                 $t.10
    1e65     1e65      1e2     1                 ether_configure_mac
    2048     2048      154     4         ./ra/fsp/src/r_ether/r_ether.o:(.text.ether_do_link)
    2048     2048        0     1                 $t.11
    2049     2049      154     1                 ether_do_link
    2088     2088        0     1                 $d.12
    208c     208c        0     1                 $t.13
    219c     219c      188     4         ./ra/fsp/src/r_ether/r_ether.o:(.text.ether_eint_isr)
    219c     219c        0     1                 $t.14
    219d     219d      188     1                 ether_eint_isr
    2324     2324       2c     4         ./ra/fsp/src/bsp/mcu/all/bsp_clocks.o:(.text.SystemCoreClockUpdate)
    2324     2324        0     1                 $t.2
    2325     2325       2c     1                 SystemCoreClockUpdate
    2350     2350      142     4         ./ra/fsp/src/bsp/mcu/all/bsp_clocks.o:(.text.bsp_clock_init)
    2350     2350        0     1                 $t.7
    2351     2351      142     1                 bsp_clock_init
    2494     2494        2     4         ./ra/fsp/src/bsp/mcu/all/bsp_clocks.o:(.text.R_BSP_SubClockStabilizeWaitAfterReset)
    2494     2494        0     1                 $t.9
    2495     2495        2     1                 R_BSP_SubClockStabilizeWaitAfterReset
    2498     2498       7e     4         ./ra/fsp/src/bsp/mcu/all/bsp_clocks.o:(.text.R_BSP_Init_RTC)
    2498     2498        0     1                 $t.12
    2499     2499       7e     1                 R_BSP_Init_RTC
    2518     2518        2     4         ./ra/fsp/src/bsp/mcu/all/bsp_common.o:(.text.bsp_init_internal)
    2518     2518        0     1                 $t.0
    2519     2519        2     1                 bsp_init_internal
    2519     2519        2     1                 bsp_init
    251c     251c        6     4         ./ra/fsp/src/bsp/mcu/all/bsp_common.o:(.text.__assert_func)
    251c     251c        0     1                 $t.2
    251d     251d        6     1                 __assert_func
    2524     2524       82     4         ./ra/fsp/src/bsp/mcu/all/bsp_delay.o:(.text.R_BSP_SoftwareDelay)
    2524     2524        0     1                 $t.0
    2525     2525       82     1                 R_BSP_SoftwareDelay
    25a8     25a8        8     4         ./ra/fsp/src/bsp/mcu/all/bsp_delay.o:(.text.bsp_prv_software_delay_loop)
    25a8     25a8        0     1                 sw_delay_loop
    25a8     25a8        0     1                 $t.1
    25a9     25a9        8     1                 bsp_prv_software_delay_loop
    25b0     25b0       52     4         ./ra/fsp/src/bsp/mcu/all/bsp_group_irq.o:(.text.NMI_Handler)
    25b0     25b0        0     1                 $t.1
    25b1     25b1       52     1                 NMI_Handler
    2604     2604       1a     4         ./ra/fsp/src/bsp/mcu/all/bsp_irq.o:(.text.bsp_irq_cfg)
    2604     2604        0     1                 $t.0
    2605     2605       1a     1                 bsp_irq_cfg
    2620     2620       58     4         ./ra/fsp/src/bsp/mcu/all/bsp_register_protection.o:(.text.R_BSP_RegisterProtectEnable)
    2620     2620        0     1                 $t.0
    2621     2621       58     1                 R_BSP_RegisterProtectEnable
    2678     2678       50     4         ./ra/fsp/src/bsp/mcu/all/bsp_register_protection.o:(.text.R_BSP_RegisterProtectDisable)
    2678     2678        0     1                 $t.1
    2679     2679       50     1                 R_BSP_RegisterProtectDisable
    26c8     26c8        e     4         ./ra/fsp/src/bsp/cmsis/Device/RENESAS/Source/startup.o:(.text.Reset_Handler)
    26c8     26c8        0     1                 $t.0
    26c9     26c9        e     1                 Reset_Handler
    26d8     26d8        4     4         ./ra/fsp/src/bsp/cmsis/Device/RENESAS/Source/startup.o:(.text.Default_Handler)
    26d8     26d8        0     1                 $t.1
    26d9     26d9        4     1                 Default_Handler
    26d9     26d9        4     1                 HardFault_Handler
    26d9     26d9        4     1                 MemManage_Handler
    26d9     26d9        4     1                 BusFault_Handler
    26d9     26d9        4     1                 UsageFault_Handler
    26d9     26d9        4     1                 SecureFault_Handler
    26d9     26d9        4     1                 DebugMon_Handler
    26dc     26dc      184     4         ./ra/fsp/src/bsp/cmsis/Device/RENESAS/Source/system.o:(.text.SystemInit)
    26dc     26dc        0     1                 $t.0
    26dd     26dd      184     1                 SystemInit
    2860     2860      244     4         ./ra/aws/FreeRTOS/FreeRTOS/Source/portable/MemMang/heap_4.o:(.text.pvPortMalloc)
    2860     2860        0     1                 $t.0
    2861     2861      244     1                 pvPortMalloc
    2aa4     2aa4      14e     4         ./ra/aws/FreeRTOS/FreeRTOS/Source/portable/MemMang/heap_4.o:(.text.vPortFree)
    2aa4     2aa4        0     1                 $t.1
    2aa5     2aa5      14e     1                 vPortFree
    2bf4     2bf4       24     4         ./ra/aws/FreeRTOS/FreeRTOS/Source/event_groups.o:(.text.xEventGroupCreate)
    2bf4     2bf4        0     1                 $t.1
    2bf5     2bf5       24     1                 xEventGroupCreate
    2c18     2c18       c4     4         ./ra/aws/FreeRTOS/FreeRTOS/Source/event_groups.o:(.text.xEventGroupSetBits)
    2c18     2c18        0     1                 $t.3
    2c19     2c19       c4     1                 xEventGroupSetBits
    2cdc     2cdc       7e     4         ./ra/aws/FreeRTOS/FreeRTOS/Source/event_groups.o:(.text.vEventGroupDelete)
    2cdc     2cdc        0     1                 $t.7
    2cdd     2cdd       7e     1                 vEventGroupDelete
    2d5c     2d5c       16     4         ./ra/aws/FreeRTOS/FreeRTOS/Source/list.o:(.text.vListInitialise)
    2d5c     2d5c        0     1                 $t.0
    2d5d     2d5d       16     1                 vListInitialise
    2d74     2d74        6     4         ./ra/aws/FreeRTOS/FreeRTOS/Source/list.o:(.text.vListInitialiseItem)
    2d74     2d74        0     1                 $t.1
    2d75     2d75        6     1                 vListInitialiseItem
    2d7c     2d7c       16     4         ./ra/aws/FreeRTOS/FreeRTOS/Source/list.o:(.text.vListInsertEnd)
    2d7c     2d7c        0     1                 $t.2
    2d7d     2d7d       16     1                 vListInsertEnd
    2d94     2d94       3e     4         ./ra/aws/FreeRTOS/FreeRTOS/Source/list.o:(.text.vListInsert)
    2d94     2d94        0     1                 $t.3
    2d95     2d95       3e     1                 vListInsert
    2dd4     2dd4       22     4         ./ra/aws/FreeRTOS/FreeRTOS/Source/list.o:(.text.uxListRemove)
    2dd4     2dd4        0     1                 $t.4
    2dd5     2dd5       22     1                 uxListRemove
    2df8     2df8       c8     4         ./ra/aws/FreeRTOS/FreeRTOS/Source/queue.o:(.text.xQueueGenericReset)
    2df8     2df8        0     1                 $t.0
    2df9     2df9       c8     1                 xQueueGenericReset
    2ec0     2ec0       a0     4         ./ra/aws/FreeRTOS/FreeRTOS/Source/queue.o:(.text.xQueueGenericCreateStatic)
    2ec0     2ec0        0     1                 $t.1
    2ec1     2ec1       a0     1                 xQueueGenericCreateStatic
    2f60     2f60       9c     4         ./ra/aws/FreeRTOS/FreeRTOS/Source/queue.o:(.text.xQueueCreateCountingSemaphoreStatic)
    2f60     2f60        0     1                 $t.4
    2f61     2f61       9c     1                 xQueueCreateCountingSemaphoreStatic
    2ffc     2ffc      222     4         ./ra/aws/FreeRTOS/FreeRTOS/Source/queue.o:(.text.xQueueGenericSend)
    2ffc     2ffc        0     1                 $t.6
    2ffd     2ffd      222     1                 xQueueGenericSend
    3220     3220       7e     4         ./ra/aws/FreeRTOS/FreeRTOS/Source/queue.o:(.text.prvUnlockQueue)
    3220     3220        0     1                 $t.7
    3221     3221       7e     1                 prvUnlockQueue
    32a0     32a0      1ba     4         ./ra/aws/FreeRTOS/FreeRTOS/Source/queue.o:(.text.xQueueReceive)
    32a0     32a0        0     1                 $t.10
    32a1     32a1      1ba     1                 xQueueReceive
    345c     345c      194     4         ./ra/aws/FreeRTOS/FreeRTOS/Source/queue.o:(.text.xQueueSemaphoreTake)
    345c     345c        0     1                 $t.11
    345d     345d      194     1                 xQueueSemaphoreTake
    35f0     35f0       36     4         ./ra/aws/FreeRTOS/FreeRTOS/Source/queue.o:(.text.uxQueueMessagesWaiting)
    35f0     35f0        0     1                 $t.15
    35f1     35f1       36     1                 uxQueueMessagesWaiting
    3628     3628       58     4         ./ra/aws/FreeRTOS/FreeRTOS/Source/queue.o:(.text.vQueueDelete)
    3628     3628        0     1                 $t.18
    3629     3629       58     1                 vQueueDelete
    3680     3680       72     4         ./ra/aws/FreeRTOS/FreeRTOS/Source/queue.o:(.text.vQueueAddToRegistry)
    3680     3680        0     1                 $t.24
    3681     3681       72     1                 vQueueAddToRegistry
    36f4     36f4       50     4         ./ra/aws/FreeRTOS/FreeRTOS/Source/queue.o:(.text.vQueueWaitForMessageRestricted)
    36f4     36f4        0     1                 $t.26
    36f5     36f5       50     1                 vQueueWaitForMessageRestricted
    3744     3744      12a     4         ./ra/aws/FreeRTOS/FreeRTOS/Source/tasks.o:(.text.xTaskCreateStatic)
    3744     3744        0     1                 $t.0
    3745     3745      12a     1                 xTaskCreateStatic
    3870     3870      148     4         ./ra/aws/FreeRTOS/FreeRTOS/Source/tasks.o:(.text.prvAddNewTaskToReadyList)
    3870     3870        0     1                 $t.1
    3871     3871      148     1                 prvAddNewTaskToReadyList
    39b8     39b8       d6     4         ./ra/aws/FreeRTOS/FreeRTOS/Source/tasks.o:(.text.xTaskCreate)
    39b8     39b8        0     1                 $t.2
    39b9     39b9       d6     1                 xTaskCreate
    3a90     3a90       10     4         ./ra/aws/FreeRTOS/FreeRTOS/Source/tasks.o:(.text.vTaskSuspendAll)
    3a90     3a90        0     1                 $t.5
    3a91     3a91       10     1                 vTaskSuspendAll
    3aa0     3aa0       b0     4         ./ra/aws/FreeRTOS/FreeRTOS/Source/tasks.o:(.text.prvAddCurrentTaskToDelayedList)
    3aa0     3aa0        0     1                 $t.6
    3aa1     3aa1       b0     1                 prvAddCurrentTaskToDelayedList
    3b50     3b50      19e     4         ./ra/aws/FreeRTOS/FreeRTOS/Source/tasks.o:(.text.xTaskResumeAll)
    3b50     3b50        0     1                 $t.7
    3b51     3b51      19e     1                 xTaskResumeAll
    3cf0     3cf0       c8     4         ./ra/aws/FreeRTOS/FreeRTOS/Source/tasks.o:(.text.vTaskDelay)
    3cf0     3cf0        0     1                 $t.8
    3cf1     3cf1       c8     1                 vTaskDelay
    3db8     3db8       ae     4         ./ra/aws/FreeRTOS/FreeRTOS/Source/tasks.o:(.text.vTaskSwitchContext)
    3db8     3db8        0     1                 $t.13
    3db9     3db9       ae     1                 vTaskSwitchContext
    3e68     3e68       b4     4         ./ra/aws/FreeRTOS/FreeRTOS/Source/tasks.o:(.text.vTaskStartScheduler)
    3e68     3e68        0     1                 $t.16
    3e69     3e69       b4     1                 vTaskStartScheduler
    3f1c     3f1c       8e     4         ./ra/aws/FreeRTOS/FreeRTOS/Source/tasks.o:(.text.prvCheckTasksWaitingTermination)
    3f1c     3f1c        0     1                 $t.18
    3f1d     3f1d       8e     1                 prvCheckTasksWaitingTermination
    3fac     3fac      1ba     4         ./ra/aws/FreeRTOS/FreeRTOS/Source/tasks.o:(.text.xTaskIncrementTick)
    3fac     3fac        0     1                 $t.19
    3fad     3fad      1ba     1                 xTaskIncrementTick
    4168     4168        c     4         ./ra/aws/FreeRTOS/FreeRTOS/Source/tasks.o:(.text.xTaskGetTickCount)
    4168     4168        0     1                 $t.20
    4169     4169        c     1                 xTaskGetTickCount
    4174     4174       44     4         ./ra/aws/FreeRTOS/FreeRTOS/Source/tasks.o:(.text.vTaskPlaceOnEventList)
    4174     4174        0     1                 $t.26
    4175     4175       44     1                 vTaskPlaceOnEventList
    41b8     41b8       7c     4         ./ra/aws/FreeRTOS/FreeRTOS/Source/tasks.o:(.text.vTaskPlaceOnEventListRestricted)
    41b8     41b8        0     1                 $t.28
    41b9     41b9       7c     1                 vTaskPlaceOnEventListRestricted
    4234     4234      102     4         ./ra/aws/FreeRTOS/FreeRTOS/Source/tasks.o:(.text.xTaskRemoveFromEventList)
    4234     4234        0     1                 $t.29
    4235     4235      102     1                 xTaskRemoveFromEventList
    4338     4338      112     4         ./ra/aws/FreeRTOS/FreeRTOS/Source/tasks.o:(.text.vTaskRemoveFromUnorderedEventList)
    4338     4338        0     1                 $t.30
    4339     4339      112     1                 vTaskRemoveFromUnorderedEventList
    444c     444c       4c     4         ./ra/aws/FreeRTOS/FreeRTOS/Source/tasks.o:(.text.vTaskSetTimeOutState)
    444c     444c        0     1                 $t.31
    444d     444d       4c     1                 vTaskSetTimeOutState
    4498     4498       1a     4         ./ra/aws/FreeRTOS/FreeRTOS/Source/tasks.o:(.text.vTaskInternalSetTimeOutState)
    4498     4498        0     1                 $t.32
    4499     4499       1a     1                 vTaskInternalSetTimeOutState
    44b4     44b4       aa     4         ./ra/aws/FreeRTOS/FreeRTOS/Source/tasks.o:(.text.xTaskCheckForTimeOut)
    44b4     44b4        0     1                 $t.33
    44b5     44b5       aa     1                 xTaskCheckForTimeOut
    4560     4560        e     4         ./ra/aws/FreeRTOS/FreeRTOS/Source/tasks.o:(.text.vTaskMissedYield)
    4560     4560        0     1                 $t.34
    4561     4561        e     1                 vTaskMissedYield
    4570     4570        c     4         ./ra/aws/FreeRTOS/FreeRTOS/Source/tasks.o:(.text.xTaskGetCurrentTaskHandle)
    4570     4570        0     1                 $t.37
    4571     4571        c     1                 xTaskGetCurrentTaskHandle
    457c     457c       26     4         ./ra/aws/FreeRTOS/FreeRTOS/Source/tasks.o:(.text.xTaskGetSchedulerState)
    457c     457c        0     1                 $t.39
    457d     457d       26     1                 xTaskGetSchedulerState
    45a4     45a4       ba     4         ./ra/aws/FreeRTOS/FreeRTOS/Source/tasks.o:(.text.ulTaskGenericNotifyTake)
    45a4     45a4        0     1                 $t.41
    45a5     45a5       ba     1                 ulTaskGenericNotifyTake
    4660     4660      160     4         ./ra/aws/FreeRTOS/FreeRTOS/Source/tasks.o:(.text.vTaskGenericNotifyGiveFromISR)
    4660     4660        0     1                 $t.49
    4661     4661      160     1                 vTaskGenericNotifyGiveFromISR
    47c0     47c0       32     4         ./ra/aws/FreeRTOS/FreeRTOS/Source/tasks.o:(.text.prvIdleTask)
    47c0     47c0        0     1                 $t.53
    47c1     47c1       32     1                 prvIdleTask
    47f4     47f4       82     4         ./ra/aws/FreeRTOS/FreeRTOS/Source/timers.o:(.text.xTimerCreateTimerTask)
    47f4     47f4        0     1                 $t.0
    47f5     47f5       82     1                 xTimerCreateTimerTask
    4878     4878       84     4         ./ra/aws/FreeRTOS/FreeRTOS/Source/timers.o:(.text.prvCheckForValidListAndQueue)
    4878     4878        0     1                 $t.1
    4879     4879       84     1                 prvCheckForValidListAndQueue
    48fc     48fc      262     4         ./ra/aws/FreeRTOS/FreeRTOS/Source/timers.o:(.text.prvTimerTask)
    48fc     48fc        0     1                 $t.2
    48fd     48fd      262     1                 prvTimerTask
    4a4e     4a4e        0     1                 $d.3
    4a58     4a58        0     1                 $t.4
    4b60     4b60       c4     4         ./ra/aws/FreeRTOS/FreeRTOS/Source/timers.o:(.text.prvSampleTimeNow)
    4b60     4b60        0     1                 $t.21
    4b61     4b61       c4     1                 prvSampleTimeNow
    4c24     4c24       b4     4         ./ra/aws/FreeRTOS/FreeRTOS-Plus/Source/FreeRTOS-Plus-TCP/source/portable/BufferManagement/BufferAllocation_2.o:(.text.xNetworkBuffersInitialise)
    4c24     4c24        0     1                 $t.0
    4c25     4c25       b4     1                 xNetworkBuffersInitialise
    4cd8     4cd8       ee     4         ./ra/aws/FreeRTOS/FreeRTOS-Plus/Source/FreeRTOS-Plus-TCP/source/portable/BufferManagement/BufferAllocation_2.o:(.text.pxGetNetworkBufferWithDescriptor)
    4cd8     4cd8        0     1                 $t.3
    4cd9     4cd9       ee     1                 pxGetNetworkBufferWithDescriptor
    4dc8     4dc8       5a     4         ./ra/aws/FreeRTOS/FreeRTOS-Plus/Source/FreeRTOS-Plus-TCP/source/portable/BufferManagement/BufferAllocation_2.o:(.text.vReleaseNetworkBufferAndDescriptor)
    4dc8     4dc8        0     1                 $t.4
    4dc9     4dc9       5a     1                 vReleaseNetworkBufferAndDescriptor
    4e24     4e24      222     4         ./ra/aws/FreeRTOS/FreeRTOS-Plus/Source/FreeRTOS-Plus-TCP/source/FreeRTOS_ARP.o:(.text.eARPProcessPacket)
    4e24     4e24        0     1                 $t.0
    4e25     4e25      222     1                 eARPProcessPacket
    5048     5048       f4     4         ./ra/aws/FreeRTOS/FreeRTOS-Plus/Source/FreeRTOS-Plus-TCP/source/FreeRTOS_ARP.o:(.text.FreeRTOS_OutputARPRequest_Multi)
    5048     5048        0     1                 $t.1
    5049     5049       f4     1                 FreeRTOS_OutputARPRequest_Multi
    513c     513c      17c     4         ./ra/aws/FreeRTOS/FreeRTOS-Plus/Source/FreeRTOS-Plus-TCP/source/FreeRTOS_ARP.o:(.text.eARPGetCacheEntry)
    513c     513c        0     1                 $t.2
    513d     513d      17c     1                 eARPGetCacheEntry
    52b8     52b8       fe     4         ./ra/aws/FreeRTOS/FreeRTOS-Plus/Source/FreeRTOS-Plus-TCP/source/FreeRTOS_ARP.o:(.text.vARPRefreshCacheEntry)
    52b8     52b8        0     1                 $t.3
    52b9     52b9       fe     1                 vARPRefreshCacheEntry
    53b8     53b8       b4     4         ./ra/aws/FreeRTOS/FreeRTOS-Plus/Source/FreeRTOS-Plus-TCP/source/FreeRTOS_ARP.o:(.text.vARPProcessPacketReply)
    53b8     53b8        0     1                 $t.4
    53b9     53b9       b4     1                 vARPProcessPacketReply
    546c     546c       88     4         ./ra/aws/FreeRTOS/FreeRTOS-Plus/Source/FreeRTOS-Plus-TCP/source/FreeRTOS_ARP.o:(.text.xCheckRequiresARPResolution)
    546c     546c        0     1                 $t.6
    546d     546d       88     1                 xCheckRequiresARPResolution
    54f4     54f4       4e     4         ./ra/aws/FreeRTOS/FreeRTOS-Plus/Source/FreeRTOS-Plus-TCP/source/FreeRTOS_ARP.o:(.text.vARPRefreshCacheEntryAge)
    54f4     54f4        0     1                 $t.7
    54f5     54f5       4e     1                 vARPRefreshCacheEntryAge
    5544     5544       aa     4         ./ra/aws/FreeRTOS/FreeRTOS-Plus/Source/FreeRTOS-Plus-TCP/source/FreeRTOS_ARP.o:(.text.vARPAgeCache)
    5544     5544        0     1                 $t.8
    5545     5545       aa     1                 vARPAgeCache
    55f0     55f0       1a     4         ./ra/aws/FreeRTOS/FreeRTOS-Plus/Source/FreeRTOS-Plus-TCP/source/FreeRTOS_ARP.o:(.text.FreeRTOS_OutputARPRequest)
    55f0     55f0        0     1                 $t.9
    55f1     55f1       1a     1                 FreeRTOS_OutputARPRequest
    560c     560c       d2     4         ./ra/aws/FreeRTOS/FreeRTOS-Plus/Source/FreeRTOS-Plus-TCP/source/FreeRTOS_ARP.o:(.text.vARPGenerateRequestPacket)
    560c     560c        0     1                 $t.11
    560d     560d       d2     1                 vARPGenerateRequestPacket
    56e0     56e0       48     4         ./ra/aws/FreeRTOS/FreeRTOS-Plus/Source/FreeRTOS-Plus-TCP/source/FreeRTOS_ARP.o:(.text.FreeRTOS_ClearARP)
    56e0     56e0        0     1                 $t.13
    56e1     56e1       48     1                 FreeRTOS_ClearARP
    5728     5728       16     4         ./ra/aws/FreeRTOS/FreeRTOS-Plus/Source/FreeRTOS-Plus-TCP/source/FreeRTOS_DNS_Cache.o:(.text.FreeRTOS_dnsclear)
    5728     5728        0     1                 $t.3
    5729     5729       16     1                 FreeRTOS_dnsclear
    5740     5740       c6     4         ./ra/aws/FreeRTOS/FreeRTOS-Plus/Source/FreeRTOS-Plus-TCP/source/FreeRTOS_ICMP.o:(.text.ProcessICMPPacket)
    5740     5740        0     1                 $t.0
    5741     5741       c6     1                 ProcessICMPPacket
    5808     5808        c     4         ./ra/aws/FreeRTOS/FreeRTOS-Plus/Source/FreeRTOS-Plus-TCP/source/FreeRTOS_IP.o:(.text.FreeRTOS_GetIPTaskHandle)
    5808     5808        0     1                 $t.0
    5809     5809        c     1                 FreeRTOS_GetIPTaskHandle
    5814     5814       2e     4         ./ra/aws/FreeRTOS/FreeRTOS-Plus/Source/FreeRTOS-Plus-TCP/source/FreeRTOS_IP.o:(.text.vIPNetworkUpCalls)
    5814     5814        0     1                 $t.1
    5815     5815       2e     1                 vIPNetworkUpCalls
    5844     5844       52     4         ./ra/aws/FreeRTOS/FreeRTOS-Plus/Source/FreeRTOS-Plus-TCP/source/FreeRTOS_IP.o:(.text.FreeRTOS_NetworkDown)
    5844     5844        0     1                 $t.2
    5845     5845       52     1                 FreeRTOS_NetworkDown
    5898     5898       68     4         ./ra/aws/FreeRTOS/FreeRTOS-Plus/Source/FreeRTOS-Plus-TCP/source/FreeRTOS_IP.o:(.text.xSendEventStructToIPTask)
    5898     5898        0     1                 $t.3
    5899     5899       68     1                 xSendEventStructToIPTask
    5900     5900       4e     4         ./ra/aws/FreeRTOS/FreeRTOS-Plus/Source/FreeRTOS-Plus-TCP/source/FreeRTOS_IP.o:(.text.FreeRTOS_IPInit)
    5900     5900        0     1                 $t.7
    5901     5901       4e     1                 FreeRTOS_IPInit
    5950     5950       c6     4         ./ra/aws/FreeRTOS/FreeRTOS-Plus/Source/FreeRTOS-Plus-TCP/source/FreeRTOS_IP.o:(.text.FreeRTOS_IPInit_Multi)
    5950     5950        0     1                 $t.8
    5951     5951       c6     1                 FreeRTOS_IPInit_Multi
    5a18     5a18      3e0     4         ./ra/aws/FreeRTOS/FreeRTOS-Plus/Source/FreeRTOS-Plus-TCP/source/FreeRTOS_IP.o:(.text.prvIPTask)
    5a18     5a18        0     1                 $t.9
    5a19     5a19      3e0     1                 prvIPTask
    5ace     5ace        0     1                 $d.10
    5ada     5ada        0     1                 $t.11
    5df8     5df8       64     4         ./ra/aws/FreeRTOS/FreeRTOS-Plus/Source/FreeRTOS-Plus-TCP/source/FreeRTOS_IP.o:(.text.xSendEventToIPTask)
    5df8     5df8        0     1                 $t.18
    5df9     5df9       64     1                 xSendEventToIPTask
    5e5c     5e5c        c     4         ./ra/aws/FreeRTOS/FreeRTOS-Plus/Source/FreeRTOS-Plus-TCP/source/FreeRTOS_IP.o:(.text.xIPIsNetworkTaskReady)
    5e5c     5e5c        0     1                 $t.19
    5e5d     5e5d        c     1                 xIPIsNetworkTaskReady
    5e68     5e68       ac     4         ./ra/aws/FreeRTOS/FreeRTOS-Plus/Source/FreeRTOS-Plus-TCP/source/FreeRTOS_IP.o:(.text.eConsiderFrameForProcessing)
    5e68     5e68        0     1                 $t.20
    5e69     5e69       ac     1                 eConsiderFrameForProcessing
    5f14     5f14      12c     4         ./ra/aws/FreeRTOS/FreeRTOS-Plus/Source/FreeRTOS-Plus-TCP/source/FreeRTOS_IP.o:(.text.vReturnEthernetFrame)
    5f14     5f14        0     1                 $t.21
    5f15     5f15      12c     1                 vReturnEthernetFrame
    6040     6040       20     4         ./ra/aws/FreeRTOS/FreeRTOS-Plus/Source/FreeRTOS-Plus-TCP/source/FreeRTOS_IP.o:(.text.FreeRTOS_UpdateMACAddress)
    6040     6040        0     1                 $t.27
    6041     6041       20     1                 FreeRTOS_UpdateMACAddress
    6060     6060       18     4         ./ra/aws/FreeRTOS/FreeRTOS-Plus/Source/FreeRTOS-Plus-TCP/source/FreeRTOS_IP.o:(.text.uxIPHeaderSizePacket)
    6060     6060        0     1                 $t.35
    6061     6061       18     1                 uxIPHeaderSizePacket
    6078     6078       14     4         ./ra/aws/FreeRTOS/FreeRTOS-Plus/Source/FreeRTOS-Plus-TCP/source/FreeRTOS_IP.o:(.text.uxIPHeaderSizeSocket)
    6078     6078        0     1                 $t.36
    6079     6079       14     1                 uxIPHeaderSizeSocket
    608c     608c       5c     4         ./ra/aws/FreeRTOS/FreeRTOS-Plus/Source/FreeRTOS-Plus-TCP/source/FreeRTOS_IP_Timers.o:(.text.xCalculateSleepTime)
    608c     608c        0     1                 $t.0
    608d     608d       5c     1                 xCalculateSleepTime
    60e8     60e8      232     4         ./ra/aws/FreeRTOS/FreeRTOS-Plus/Source/FreeRTOS-Plus-TCP/source/FreeRTOS_IP_Timers.o:(.text.vCheckNetworkTimers)
    60e8     60e8        0     1                 $t.1
    60e9     60e9      232     1                 vCheckNetworkTimers
    631c     631c       1a     4         ./ra/aws/FreeRTOS/FreeRTOS-Plus/Source/FreeRTOS-Plus-TCP/source/FreeRTOS_IP_Timers.o:(.text.vIPSetARPResolutionTimerEnableState)
    631c     631c        0     1                 $t.2
    631d     631d       1a     1                 vIPSetARPResolutionTimerEnableState
    6338     6338        c     4         ./ra/aws/FreeRTOS/FreeRTOS-Plus/Source/FreeRTOS-Plus-TCP/source/FreeRTOS_IP_Timers.o:(.text.vSetAllNetworksUp)
    6338     6338        0     1                 $t.3
    6339     6339        c     1                 vSetAllNetworksUp
    6344     6344       2a     4         ./ra/aws/FreeRTOS/FreeRTOS-Plus/Source/FreeRTOS-Plus-TCP/source/FreeRTOS_IP_Timers.o:(.text.vIPTimerStartARPResolution)
    6344     6344        0     1                 $t.4
    6345     6345       2a     1                 vIPTimerStartARPResolution
    6370     6370       2c     4         ./ra/aws/FreeRTOS/FreeRTOS-Plus/Source/FreeRTOS-Plus-TCP/source/FreeRTOS_IP_Timers.o:(.text.vTCPTimerReload)
    6370     6370        0     1                 $t.5
    6371     6371       2c     1                 vTCPTimerReload
    639c     639c       2c     4         ./ra/aws/FreeRTOS/FreeRTOS-Plus/Source/FreeRTOS-Plus-TCP/source/FreeRTOS_IP_Timers.o:(.text.vARPTimerReload)
    639c     639c        0     1                 $t.6
    639d     639d       2c     1                 vARPTimerReload
    63c8     63c8       2c     4         ./ra/aws/FreeRTOS/FreeRTOS-Plus/Source/FreeRTOS-Plus-TCP/source/FreeRTOS_IP_Timers.o:(.text.vNetworkTimerReload)
    63c8     63c8        0     1                 $t.8
    63c9     63c9       2c     1                 vNetworkTimerReload
    63f4     63f4       1c     4         ./ra/aws/FreeRTOS/FreeRTOS-Plus/Source/FreeRTOS-Plus-TCP/source/FreeRTOS_IP_Timers.o:(.text.vIPSetTCPTimerExpiredState)
    63f4     63f4        0     1                 $t.9
    63f5     63f5       1c     1                 vIPSetTCPTimerExpiredState
    6410     6410       1a     4         ./ra/aws/FreeRTOS/FreeRTOS-Plus/Source/FreeRTOS-Plus-TCP/source/FreeRTOS_IP_Timers.o:(.text.vIPSetARPTimerEnableState)
    6410     6410        0     1                 $t.10
    6411     6411       1a     1                 vIPSetARPTimerEnableState
    642c     642c       18     4         ./ra/aws/FreeRTOS/FreeRTOS-Plus/Source/FreeRTOS-Plus-TCP/source/FreeRTOS_IP_Utils.o:(.text.xIsCallingFromIPTask)
    642c     642c        0     1                 $t.3
    642d     642d       18     1                 xIsCallingFromIPTask
    6444     6444      100     4         ./ra/aws/FreeRTOS/FreeRTOS-Plus/Source/FreeRTOS-Plus-TCP/source/FreeRTOS_IP_Utils.o:(.text.prvProcessNetworkDownEvent)
    6444     6444        0     1                 $t.4
    6445     6445      100     1                 prvProcessNetworkDownEvent
    6544     6544       80     4         ./ra/aws/FreeRTOS/FreeRTOS-Plus/Source/FreeRTOS-Plus-TCP/source/FreeRTOS_IP_Utils.o:(.text.vPreCheckConfigs)
    6544     6544        0     1                 $t.5
    6545     6545       80     1                 vPreCheckConfigs
    65c4     65c4      1d8     4         ./ra/aws/FreeRTOS/FreeRTOS-Plus/Source/FreeRTOS-Plus-TCP/source/FreeRTOS_IP_Utils.o:(.text.usGenerateProtocolChecksum)
    65c4     65c4        0     1                 $t.6
    65c5     65c5      1d8     1                 usGenerateProtocolChecksum
    679c     679c       ee     4         ./ra/aws/FreeRTOS/FreeRTOS-Plus/Source/FreeRTOS-Plus-TCP/source/FreeRTOS_IP_Utils.o:(.text.usGenerateChecksum)
    679c     679c        0     1                 $t.7
    679d     679d       ee     1                 usGenerateChecksum
    688c     688c        8     4         ./ra/aws/FreeRTOS/FreeRTOS-Plus/Source/FreeRTOS-Plus-TCP/source/FreeRTOS_IP_Utils.o:(.text.FreeRTOS_min_int32)
    688c     688c        0     1                 $t.11
    688d     688d        8     1                 FreeRTOS_min_int32
    6894     6894        8     4         ./ra/aws/FreeRTOS/FreeRTOS-Plus/Source/FreeRTOS-Plus-TCP/source/FreeRTOS_IP_Utils.o:(.text.FreeRTOS_min_uint32)
    6894     6894        0     1                 $t.12
    6895     6895        8     1                 FreeRTOS_min_uint32
    689c     689c        8     4         ./ra/aws/FreeRTOS/FreeRTOS-Plus/Source/FreeRTOS-Plus-TCP/source/FreeRTOS_IP_Utils.o:(.text.FreeRTOS_min_size_t)
    689c     689c        0     1                 $t.13
    689d     689d        8     1                 FreeRTOS_min_size_t
    68a4     68a4       36     4         ./ra/aws/FreeRTOS/FreeRTOS-Plus/Source/FreeRTOS-Plus-TCP/source/FreeRTOS_IP_Utils.o:(.text.FreeRTOS_round_up)
    68a4     68a4        0     1                 $t.16
    68a5     68a5       36     1                 FreeRTOS_round_up
    68dc     68dc        c     4         ./ra/aws/FreeRTOS/FreeRTOS-Plus/Source/FreeRTOS-Plus-TCP/source/FreeRTOS_IP_Utils.o:(.text.usChar2u16)
    68dc     68dc        0     1                 $t.19
    68dd     68dd        c     1                 usChar2u16
    68e8     68e8        e     4         ./ra/aws/FreeRTOS/FreeRTOS-Plus/Source/FreeRTOS-Plus-TCP/source/FreeRTOS_IPv4.o:(.text.xIsIPv4Multicast)
    68e8     68e8        0     1                 $t.0
    68e9     68e9        e     1                 xIsIPv4Multicast
    68f8     68f8        e     4         ./ra/aws/FreeRTOS/FreeRTOS-Plus/Source/FreeRTOS-Plus-TCP/source/FreeRTOS_IPv4.o:(.text.xIsIPv4Loopback)
    68f8     68f8        0     1                 $t.2
    68f9     68f9        e     1                 xIsIPv4Loopback
    6908     6908      1a6     4         ./ra/aws/FreeRTOS/FreeRTOS-Plus/Source/FreeRTOS-Plus-TCP/source/FreeRTOS_IPv4.o:(.text.prvAllowIPPacketIPv4)
    6908     6908        0     1                 $t.3
    6909     6909      1a6     1                 prvAllowIPPacketIPv4
    6ab0     6ab0       62     4         ./ra/aws/FreeRTOS/FreeRTOS-Plus/Source/FreeRTOS-Plus-TCP/source/FreeRTOS_IPv4.o:(.text.prvCheckIP4HeaderOptions)
    6ab0     6ab0        0     1                 $t.4
    6ab1     6ab1       62     1                 prvCheckIP4HeaderOptions
    6b14     6b14       1c     4         ./ra/aws/FreeRTOS/FreeRTOS-Plus/Source/FreeRTOS-Plus-TCP/source/FreeRTOS_IPv4_Utils.o:(.text.vSetMultiCastIPv4MacAddress)
    6b14     6b14        0     1                 $t.0
    6b15     6b15       1c     1                 vSetMultiCastIPv4MacAddress
    6b30     6b30       a6     4         ./ra/aws/FreeRTOS/FreeRTOS-Plus/Source/FreeRTOS-Plus-TCP/source/FreeRTOS_IPv4_Utils.o:(.text.prvChecksumIPv4Checks)
    6b30     6b30        0     1                 $t.1
    6b31     6b31       a6     1                 prvChecksumIPv4Checks
    6bd8     6bd8       fc     4         ./ra/aws/FreeRTOS/FreeRTOS-Plus/Source/FreeRTOS-Plus-TCP/source/FreeRTOS_Routing.o:(.text.FreeRTOS_FillEndPoint)
    6bd8     6bd8        0     1                 $t.0
    6bd9     6bd9       fc     1                 FreeRTOS_FillEndPoint
    6cd4     6cd4       28     4         ./ra/aws/FreeRTOS/FreeRTOS-Plus/Source/FreeRTOS-Plus-TCP/source/FreeRTOS_Routing.o:(.text.FreeRTOS_AddNetworkInterface)
    6cd4     6cd4        0     1                 $t.1
    6cd5     6cd5       28     1                 FreeRTOS_AddNetworkInterface
    6cfc     6cfc        c     4         ./ra/aws/FreeRTOS/FreeRTOS-Plus/Source/FreeRTOS-Plus-TCP/source/FreeRTOS_Routing.o:(.text.FreeRTOS_FirstNetworkInterface)
    6cfc     6cfc        0     1                 $t.2
    6cfd     6cfd        c     1                 FreeRTOS_FirstNetworkInterface
    6d08     6d08        a     4         ./ra/aws/FreeRTOS/FreeRTOS-Plus/Source/FreeRTOS-Plus-TCP/source/FreeRTOS_Routing.o:(.text.FreeRTOS_NextNetworkInterface)
    6d08     6d08        0     1                 $t.3
    6d09     6d09        a     1                 FreeRTOS_NextNetworkInterface
    6d14     6d14       2a     4         ./ra/aws/FreeRTOS/FreeRTOS-Plus/Source/FreeRTOS-Plus-TCP/source/FreeRTOS_Routing.o:(.text.FreeRTOS_FirstEndPoint)
    6d14     6d14        0     1                 $t.4
    6d15     6d15       2a     1                 FreeRTOS_FirstEndPoint
    6d40     6d40       3e     4         ./ra/aws/FreeRTOS/FreeRTOS-Plus/Source/FreeRTOS-Plus-TCP/source/FreeRTOS_Routing.o:(.text.FreeRTOS_NextEndPoint)
    6d40     6d40        0     1                 $t.5
    6d41     6d41       3e     1                 FreeRTOS_NextEndPoint
    6d80     6d80       2a     4         ./ra/aws/FreeRTOS/FreeRTOS-Plus/Source/FreeRTOS-Plus-TCP/source/FreeRTOS_Routing.o:(.text.FreeRTOS_FindEndPointOnIP_IPv4)
    6d80     6d80        0     1                 $t.6
    6d81     6d81       2a     1                 FreeRTOS_FindEndPointOnIP_IPv4
    6dac     6dac       56     4         ./ra/aws/FreeRTOS/FreeRTOS-Plus/Source/FreeRTOS-Plus-TCP/source/FreeRTOS_Routing.o:(.text.FreeRTOS_FindEndPointOnMAC)
    6dac     6dac        0     1                 $t.7
    6dad     6dad       56     1                 FreeRTOS_FindEndPointOnMAC
    6e04     6e04       46     4         ./ra/aws/FreeRTOS/FreeRTOS-Plus/Source/FreeRTOS-Plus-TCP/source/FreeRTOS_Routing.o:(.text.FreeRTOS_FindEndPointOnNetMask)
    6e04     6e04        0     1                 $t.8
    6e05     6e05       46     1                 FreeRTOS_FindEndPointOnNetMask
    6e4c     6e4c       e4     4         ./ra/aws/FreeRTOS/FreeRTOS-Plus/Source/FreeRTOS-Plus-TCP/source/FreeRTOS_Routing.o:(.text.pxEasyFit)
    6e4c     6e4c        0     1                 $t.10
    6e4d     6e4d       e4     1                 pxEasyFit
    6f30     6f30       f0     4         ./ra/aws/FreeRTOS/FreeRTOS-Plus/Source/FreeRTOS-Plus-TCP/source/FreeRTOS_Routing.o:(.text.FreeRTOS_MatchingEndpoint)
    6f30     6f30        0     1                 $t.11
    6f31     6f31       f0     1                 FreeRTOS_MatchingEndpoint
    7020     7020       1e     4         ./ra/aws/FreeRTOS/FreeRTOS-Plus/Source/FreeRTOS-Plus-TCP/source/FreeRTOS_Routing.o:(.text.FreeRTOS_FindGateWay)
    7020     7020        0     1                 $t.12
    7021     7021       1e     1                 FreeRTOS_FindGateWay
    7040     7040       1c     4         ./ra/aws/FreeRTOS/FreeRTOS-Plus/Source/FreeRTOS-Plus-TCP/source/FreeRTOS_Routing.o:(.text.xCheckRequiresResolution)
    7040     7040        0     1                 $t.15
    7041     7041       1c     1                 xCheckRequiresResolution
    705c     705c       20     4         ./ra/aws/FreeRTOS/FreeRTOS-Plus/Source/FreeRTOS-Plus-TCP/source/FreeRTOS_Sockets.o:(.text.vNetworkSocketsInit)
    705c     705c        0     1                 $t.0
    705d     705d       20     1                 vNetworkSocketsInit
[...]
                                                  ./ra/aws/FreeRTOS/FreeRTOS-Plus/Source/FreeRTOS-Plus-TCP/source/FreeRTOS_TCP_State_Handling.o
xTCPWindowRxEmpty                                 ./ra/aws/FreeRTOS/FreeRTOS-Plus/Source/FreeRTOS-Plus-TCP/source/FreeRTOS_Tiny_TCP.o
                                                  ./ra/aws/FreeRTOS/FreeRTOS-Plus/Source/FreeRTOS-Plus-TCP/source/FreeRTOS_TCP_State_Handling.o
xTCPWindowTxDone                                  ./ra/aws/FreeRTOS/FreeRTOS-Plus/Source/FreeRTOS-Plus-TCP/source/FreeRTOS_Tiny_TCP.o
                                                  ./ra/aws/FreeRTOS/FreeRTOS-Plus/Source/FreeRTOS-Plus-TCP/source/FreeRTOS_TCP_State_Handling.o
                                                  ./ra/aws/FreeRTOS/FreeRTOS-Plus/Source/FreeRTOS-Plus-TCP/source/FreeRTOS_TCP_Transmission.o
prvSendData                                       ./ra/aws/FreeRTOS/FreeRTOS-Plus/Source/FreeRTOS-Plus-TCP/source/FreeRTOS_TCP_Transmission.o
                                                  ./ra/aws/FreeRTOS/FreeRTOS-Plus/Source/FreeRTOS-Plus-TCP/source/FreeRTOS_TCP_State_Handling.o
prvTCPPrepareSend                                 ./ra/aws/FreeRTOS/FreeRTOS-Plus/Source/FreeRTOS-Plus-TCP/source/FreeRTOS_TCP_Transmission.o
                                                  ./ra/aws/FreeRTOS/FreeRTOS-Plus/Source/FreeRTOS-Plus-TCP/source/FreeRTOS_TCP_State_Handling.o
prvHandleListen_IPV4                              ./ra/aws/FreeRTOS/FreeRTOS-Plus/Source/FreeRTOS-Plus-TCP/source/FreeRTOS_TCP_State_Handling_IPv4.o
                                                  ./ra/aws/FreeRTOS/FreeRTOS-Plus/Source/FreeRTOS-Plus-TCP/source/FreeRTOS_TCP_State_Handling.o
prvTCPSocketCopy                                  ./ra/aws/FreeRTOS/FreeRTOS-Plus/Source/FreeRTOS-Plus-TCP/source/FreeRTOS_TCP_State_Handling.o
                                                  ./ra/aws/FreeRTOS/FreeRTOS-Plus/Source/FreeRTOS-Plus-TCP/source/FreeRTOS_TCP_State_Handling_IPv4.o
prvSocketSetMSS                                   ./ra/aws/FreeRTOS/FreeRTOS-Plus/Source/FreeRTOS-Plus-TCP/source/FreeRTOS_TCP_Utils.o
                                                  ./ra/aws/FreeRTOS/FreeRTOS-Plus/Source/FreeRTOS-Plus-TCP/source/FreeRTOS_TCP_State_Handling_IPv4.o
                                                  ./ra/aws/FreeRTOS/FreeRTOS-Plus/Source/FreeRTOS-Plus-TCP/source/FreeRTOS_TCP_Transmission_IPv4.o
prvTCPCreateWindow                                ./ra/aws/FreeRTOS/FreeRTOS-Plus/Source/FreeRTOS-Plus-TCP/source/FreeRTOS_TCP_Transmission.o
                                                  ./ra/aws/FreeRTOS/FreeRTOS-Plus/Source/FreeRTOS-Plus-TCP/source/FreeRTOS_TCP_State_Handling_IPv4.o
                                                  ./ra/aws/FreeRTOS/FreeRTOS-Plus/Source/FreeRTOS-Plus-TCP/source/FreeRTOS_TCP_Transmission_IPv4.o
prvTCPReturnPacket_IPV4                           ./ra/aws/FreeRTOS/FreeRTOS-Plus/Source/FreeRTOS-Plus-TCP/source/FreeRTOS_TCP_Transmission_IPv4.o
                                                  ./ra/aws/FreeRTOS/FreeRTOS-Plus/Source/FreeRTOS-Plus-TCP/source/FreeRTOS_TCP_Transmission.o
prvTCPPrepareConnect_IPV4                         ./ra/aws/FreeRTOS/FreeRTOS-Plus/Source/FreeRTOS-Plus-TCP/source/FreeRTOS_TCP_Transmission_IPv4.o
                                                  ./ra/aws/FreeRTOS/FreeRTOS-Plus/Source/FreeRTOS-Plus-TCP/source/FreeRTOS_TCP_Transmission.o
prvTCPReturnPacket                                ./ra/aws/FreeRTOS/FreeRTOS-Plus/Source/FreeRTOS-Plus-TCP/source/FreeRTOS_TCP_Transmission.o
                                                  ./ra/aws/FreeRTOS/FreeRTOS-Plus/Source/FreeRTOS-Plus-TCP/source/FreeRTOS_TCP_Transmission_IPv4.o
ulTCPWindowTxGet                                  ./ra/aws/FreeRTOS/FreeRTOS-Plus/Source/FreeRTOS-Plus-TCP/source/FreeRTOS_Tiny_TCP.o
                                                  ./ra/aws/FreeRTOS/FreeRTOS-Plus/Source/FreeRTOS-Plus-TCP/source/FreeRTOS_TCP_Transmission.o
prvTCPBufferResize                                ./ra/aws/FreeRTOS/FreeRTOS-Plus/Source/FreeRTOS-Plus-TCP/source/FreeRTOS_TCP_Transmission.o
prvTCPReturn_CheckTCPWindow                       ./ra/aws/FreeRTOS/FreeRTOS-Plus/Source/FreeRTOS-Plus-TCP/source/FreeRTOS_TCP_Transmission.o
                                                  ./ra/aws/FreeRTOS/FreeRTOS-Plus/Source/FreeRTOS-Plus-TCP/source/FreeRTOS_TCP_Transmission_IPv4.o
prvTCPReturn_SetSequenceNumber                    ./ra/aws/FreeRTOS/FreeRTOS-Plus/Source/FreeRTOS-Plus-TCP/source/FreeRTOS_TCP_Transmission.o
                                                  ./ra/aws/FreeRTOS/FreeRTOS-Plus/Source/FreeRTOS-Plus-TCP/source/FreeRTOS_TCP_Transmission_IPv4.o
xTCPWindowCreate                                  ./ra/aws/FreeRTOS/FreeRTOS-Plus/Source/FreeRTOS-Plus-TCP/source/FreeRTOS_TCP_WIN.o
                                                  ./ra/aws/FreeRTOS/FreeRTOS-Plus/Source/FreeRTOS-Plus-TCP/source/FreeRTOS_TCP_Transmission.o
prvTCPReturn_SetEndPoint                          ./ra/aws/FreeRTOS/FreeRTOS-Plus/Source/FreeRTOS-Plus-TCP/source/FreeRTOS_TCP_Transmission.o
                                                  ./ra/aws/FreeRTOS/FreeRTOS-Plus/Source/FreeRTOS-Plus-TCP/source/FreeRTOS_TCP_Transmission_IPv4.o
lTCPWindowTxAdd                                   ./ra/aws/FreeRTOS/FreeRTOS-Plus/Source/FreeRTOS-Plus-TCP/source/FreeRTOS_Tiny_TCP.o
                                                  ./ra/aws/FreeRTOS/FreeRTOS-Plus/Source/FreeRTOS-Plus-TCP/source/FreeRTOS_TCP_Transmission.o
prvTCPSendSpecialPktHelper_IPV4                   ./ra/aws/FreeRTOS/FreeRTOS-Plus/Source/FreeRTOS-Plus-TCP/source/FreeRTOS_TCP_Transmission_IPv4.o
                                                  ./ra/aws/FreeRTOS/FreeRTOS-Plus/Source/FreeRTOS-Plus-TCP/source/FreeRTOS_TCP_Transmission.o
prvSocketSetMSS_IPV4                              ./ra/aws/FreeRTOS/FreeRTOS-Plus/Source/FreeRTOS-Plus-TCP/source/FreeRTOS_TCP_Utils_IPv4.o
                                                  ./ra/aws/FreeRTOS/FreeRTOS-Plus/Source/FreeRTOS-Plus-TCP/source/FreeRTOS_TCP_Utils.o
vProcessGeneratedUDPPacket_IPv4                   ./ra/aws/FreeRTOS/FreeRTOS-Plus/Source/FreeRTOS-Plus-TCP/source/FreeRTOS_UDP_IPv4.o
                                                  ./ra/aws/FreeRTOS/FreeRTOS-Plus/Source/FreeRTOS-Plus-TCP/source/FreeRTOS_UDP_IP.o
xProcessReceivedUDPPacket_IPv4                    ./ra/aws/FreeRTOS/FreeRTOS-Plus/Source/FreeRTOS-Plus-TCP/source/FreeRTOS_UDP_IPv4.o
                                                  ./ra/aws/FreeRTOS/FreeRTOS-Plus/Source/FreeRTOS-Plus-TCP/source/FreeRTOS_UDP_IP.o
random                                            D:\Renesas\RA\e2studio_v2023-07_fsp_v4.6.0\toolchains\llvm_arm\LLVM-ET-Arm-18.1.3-Windows-x86_64\bin\..\lib\clang-runtimes/arm-none-eabi/armv7em_hard_fpv4_sp_d16_exn_rtti\lib\libc.a(libc_stdlib_random.c.o)
                                                  D:\Renesas\RA\e2studio_v2023-07_fsp_v4.6.0\toolchains\llvm_arm\LLVM-ET-Arm-18.1.3-Windows-x86_64\bin\..\lib\clang-runtimes/arm-none-eabi/armv7em_hard_fpv4_sp_d16_exn_rtti\lib\libc.a(libc_stdlib_rand.c.o)
_rand_next                                        D:\Renesas\RA\e2studio_v2023-07_fsp_v4.6.0\toolchains\llvm_arm\LLVM-ET-Arm-18.1.3-Windows-x86_64\bin\..\lib\clang-runtimes/arm-none-eabi/armv7em_hard_fpv4_sp_d16_exn_rtti\lib\libc.a(libc_stdlib_random.c.o)
__tdata_source                                    fsp_gen.lld:428
                                                  D:\Renesas\RA\e2studio_v2023-07_fsp_v4.6.0\toolchains\llvm_arm\LLVM-ET-Arm-18.1.3-Windows-x86_64\bin\..\lib\clang-runtimes/arm-none-eabi/armv7em_hard_fpv4_sp_d16_exn_rtti\lib\libc.a(libc_picolib_inittls.c.o)
__tdata_size                                      fsp_gen.lld:429
                                                  D:\Renesas\RA\e2studio_v2023-07_fsp_v4.6.0\toolchains\llvm_arm\LLVM-ET-Arm-18.1.3-Windows-x86_64\bin\..\lib\clang-runtimes/arm-none-eabi/armv7em_hard_fpv4_sp_d16_exn_rtti\lib\libc.a(libc_picolib_inittls.c.o)
__tbss_offset                                     fsp_gen.lld:430
                                                  D:\Renesas\RA\e2studio_v2023-07_fsp_v4.6.0\toolchains\llvm_arm\LLVM-ET-Arm-18.1.3-Windows-x86_64\bin\..\lib\clang-runtimes/arm-none-eabi/armv7em_hard_fpv4_sp_d16_exn_rtti\lib\libc.a(libc_picolib_inittls.c.o)
__tbss_size                                       fsp_gen.lld:431
                                                  D:\Renesas\RA\e2studio_v2023-07_fsp_v4.6.0\toolchains\llvm_arm\LLVM-ET-Arm-18.1.3-Windows-x86_64\bin\..\lib\clang-runtimes/arm-none-eabi/armv7em_hard_fpv4_sp_d16_exn_rtti\lib\libc.a(libc_picolib_inittls.c.o)
__arm32_tls_tcb_offset                            fsp_gen.lld:432
                                                  D:\Renesas\RA\e2studio_v2023-07_fsp_v4.6.0\toolchains\llvm_arm\LLVM-ET-Arm-18.1.3-Windows-x86_64\bin\..\lib\clang-runtimes/arm-none-eabi/armv7em_hard_fpv4_sp_d16_exn_rtti\lib\libc.a(libc_picolib_machine_arm_tls.c.o)
__tls                                             D:\Renesas\RA\e2studio_v2023-07_fsp_v4.6.0\toolchains\llvm_arm\LLVM-ET-Arm-18.1.3-Windows-x86_64\bin\..\lib\clang-runtimes/arm-none-eabi/armv7em_hard_fpv4_sp_d16_exn_rtti\lib\libc.a(libc_picolib_machine_arm_read_tp.S.o)
                                                  D:\Renesas\RA\e2studio_v2023-07_fsp_v4.6.0\toolchains\llvm_arm\LLVM-ET-Arm-18.1.3-Windows-x86_64\bin\..\lib\clang-runtimes/arm-none-eabi/armv7em_hard_fpv4_sp_d16_exn_rtti\lib\libc.a(libc_picolib_machine_arm_tls.c.o)
vfprintf                                          D:\Renesas\RA\e2studio_v2023-07_fsp_v4.6.0\toolchains\llvm_arm\LLVM-ET-Arm-18.1.3-Windows-x86_64\bin\..\lib\clang-runtimes/arm-none-eabi/armv7em_hard_fpv4_sp_d16_exn_rtti\lib\libc.a(libc_tinystdio_vfprintf.c.o)
                                                  D:\Renesas\RA\e2studio_v2023-07_fsp_v4.6.0\toolchains\llvm_arm\LLVM-ET-Arm-18.1.3-Windows-x86_64\bin\..\lib\clang-runtimes/arm-none-eabi/armv7em_hard_fpv4_sp_d16_exn_rtti\lib\libc.a(libc_tinystdio_snprintf.c.o)
__file_str_put                                    D:\Renesas\RA\e2studio_v2023-07_fsp_v4.6.0\toolchains\llvm_arm\LLVM-ET-Arm-18.1.3-Windows-x86_64\bin\..\lib\clang-runtimes/arm-none-eabi/armv7em_hard_fpv4_sp_d16_exn_rtti\lib\libc.a(libc_tinystdio_filestrput.c.o)
                                                  D:\Renesas\RA\e2studio_v2023-07_fsp_v4.6.0\toolchains\llvm_arm\LLVM-ET-Arm-18.1.3-Windows-x86_64\bin\..\lib\clang-runtimes/arm-none-eabi/armv7em_hard_fpv4_sp_d16_exn_rtti\lib\libc.a(libc_tinystdio_snprintf.c.o)
__dtox_engine                                     D:\Renesas\RA\e2studio_v2023-07_fsp_v4.6.0\toolchains\llvm_arm\LLVM-ET-Arm-18.1.3-Windows-x86_64\bin\..\lib\clang-runtimes/arm-none-eabi/armv7em_hard_fpv4_sp_d16_exn_rtti\lib\libc.a(libc_tinystdio_dtox_engine.c.o)
                                                  D:\Renesas\RA\e2studio_v2023-07_fsp_v4.6.0\toolchains\llvm_arm\LLVM-ET-Arm-18.1.3-Windows-x86_64\bin\..\lib\clang-runtimes/arm-none-eabi/armv7em_hard_fpv4_sp_d16_exn_rtti\lib\libc.a(libc_tinystdio_vfprintf.c.o)
__dtoa_engine                                     D:\Renesas\RA\e2studio_v2023-07_fsp_v4.6.0\toolchains\llvm_arm\LLVM-ET-Arm-18.1.3-Windows-x86_64\bin\..\lib\clang-runtimes/arm-none-eabi/armv7em_hard_fpv4_sp_d16_exn_rtti\lib\libc.a(libc_tinystdio_dtoa_ryu.c.o)
                                                  D:\Renesas\RA\e2studio_v2023-07_fsp_v4.6.0\toolchains\llvm_arm\LLVM-ET-Arm-18.1.3-Windows-x86_64\bin\..\lib\clang-runtimes/arm-none-eabi/armv7em_hard_fpv4_sp_d16_exn_rtti\lib\libc.a(libc_tinystdio_vfprintf.c.o)
strnlen                                           D:\Renesas\RA\e2studio_v2023-07_fsp_v4.6.0\toolchains\llvm_arm\LLVM-ET-Arm-18.1.3-Windows-x86_64\bin\..\lib\clang-runtimes/arm-none-eabi/armv7em_hard_fpv4_sp_d16_exn_rtti\lib\libc.a(libc_string_strnlen.c.o)
                                                  D:\Renesas\RA\e2studio_v2023-07_fsp_v4.6.0\toolchains\llvm_arm\LLVM-ET-Arm-18.1.3-Windows-x86_64\bin\..\lib\clang-runtimes/arm-none-eabi/armv7em_hard_fpv4_sp_d16_exn_rtti\lib\libc.a(libc_tinystdio_vfprintf.c.o)
__d_vfprintf                                      D:\Renesas\RA\e2studio_v2023-07_fsp_v4.6.0\toolchains\llvm_arm\LLVM-ET-Arm-18.1.3-Windows-x86_64\bin\..\lib\clang-runtimes/arm-none-eabi/armv7em_hard_fpv4_sp_d16_exn_rtti\lib\libc.a(libc_tinystdio_vfprintf.c.o)
__log10Pow2                                       D:\Renesas\RA\e2studio_v2023-07_fsp_v4.6.0\toolchains\llvm_arm\LLVM-ET-Arm-18.1.3-Windows-x86_64\bin\..\lib\clang-runtimes/arm-none-eabi/armv7em_hard_fpv4_sp_d16_exn_rtti\lib\libc.a(libc_tinystdio_ryu_log10.c.o)
                                                  D:\Renesas\RA\e2studio_v2023-07_fsp_v4.6.0\toolchains\llvm_arm\LLVM-ET-Arm-18.1.3-Windows-x86_64\bin\..\lib\clang-runtimes/arm-none-eabi/armv7em_hard_fpv4_sp_d16_exn_rtti\lib\libc.a(libc_tinystdio_dtoa_ryu.c.o)
__pow5bits                                        D:\Renesas\RA\e2studio_v2023-07_fsp_v4.6.0\toolchains\llvm_arm\LLVM-ET-Arm-18.1.3-Windows-x86_64\bin\..\lib\clang-runtimes/arm-none-eabi/armv7em_hard_fpv4_sp_d16_exn_rtti\lib\libc.a(libc_tinystdio_ryu_pow5bits.c.o)
                                                  D:\Renesas\RA\e2studio_v2023-07_fsp_v4.6.0\toolchains\llvm_arm\LLVM-ET-Arm-18.1.3-Windows-x86_64\bin\..\lib\clang-runtimes/arm-none-eabi/armv7em_hard_fpv4_sp_d16_exn_rtti\lib\libc.a(libc_tinystdio_dtoa_ryu.c.o)
                                                  D:\Renesas\RA\e2studio_v2023-07_fsp_v4.6.0\toolchains\llvm_arm\LLVM-ET-Arm-18.1.3-Windows-x86_64\bin\..\lib\clang-runtimes/arm-none-eabi/armv7em_hard_fpv4_sp_d16_exn_rtti\lib\libc.a(libc_tinystdio_ryu_table.c.o)
__double_computeInvPow5                           D:\Renesas\RA\e2studio_v2023-07_fsp_v4.6.0\toolchains\llvm_arm\LLVM-ET-Arm-18.1.3-Windows-x86_64\bin\..\lib\clang-runtimes/arm-none-eabi/armv7em_hard_fpv4_sp_d16_exn_rtti\lib\libc.a(libc_tinystdio_ryu_table.c.o)
                                                  D:\Renesas\RA\e2studio_v2023-07_fsp_v4.6.0\toolchains\llvm_arm\LLVM-ET-Arm-18.1.3-Windows-x86_64\bin\..\lib\clang-runtimes/arm-none-eabi/armv7em_hard_fpv4_sp_d16_exn_rtti\lib\libc.a(libc_tinystdio_dtoa_ryu.c.o)
__pow5Factor                                      D:\Renesas\RA\e2studio_v2023-07_fsp_v4.6.0\toolchains\llvm_arm\LLVM-ET-Arm-18.1.3-Windows-x86_64\bin\..\lib\clang-runtimes/arm-none-eabi/armv7em_hard_fpv4_sp_d16_exn_rtti\lib\libc.a(libc_tinystdio_ryu_table.c.o)
                                                  D:\Renesas\RA\e2studio_v2023-07_fsp_v4.6.0\toolchains\llvm_arm\LLVM-ET-Arm-18.1.3-Windows-x86_64\bin\..\lib\clang-runtimes/arm-none-eabi/armv7em_hard_fpv4_sp_d16_exn_rtti\lib\libc.a(libc_tinystdio_dtoa_ryu.c.o)
__log10Pow5                                       D:\Renesas\RA\e2studio_v2023-07_fsp_v4.6.0\toolchains\llvm_arm\LLVM-ET-Arm-18.1.3-Windows-x86_64\bin\..\lib\clang-runtimes/arm-none-eabi/armv7em_hard_fpv4_sp_d16_exn_rtti\lib\libc.a(libc_tinystdio_ryu_log10.c.o)
                                                  D:\Renesas\RA\e2studio_v2023-07_fsp_v4.6.0\toolchains\llvm_arm\LLVM-ET-Arm-18.1.3-Windows-x86_64\bin\..\lib\clang-runtimes/arm-none-eabi/armv7em_hard_fpv4_sp_d16_exn_rtti\lib\libc.a(libc_tinystdio_dtoa_ryu.c.o)
__double_computePow5                              D:\Renesas\RA\e2studio_v2023-07_fsp_v4.6.0\toolchains\llvm_arm\LLVM-ET-Arm-18.1.3-Windows-x86_64\bin\..\lib\clang-runtimes/arm-none-eabi/armv7em_hard_fpv4_sp_d16_exn_rtti\lib\libc.a(libc_tinystdio_ryu_table.c.o)
                                                  D:\Renesas\RA\e2studio_v2023-07_fsp_v4.6.0\toolchains\llvm_arm\LLVM-ET-Arm-18.1.3-Windows-x86_64\bin\..\lib\clang-runtimes/arm-none-eabi/armv7em_hard_fpv4_sp_d16_exn_rtti\lib\libc.a(libc_tinystdio_dtoa_ryu.c.o)
__umul128                                         D:\Renesas\RA\e2studio_v2023-07_fsp_v4.6.0\toolchains\llvm_arm\LLVM-ET-Arm-18.1.3-Windows-x86_64\bin\..\lib\clang-runtimes/arm-none-eabi/armv7em_hard_fpv4_sp_d16_exn_rtti\lib\libc.a(libc_tinystdio_ryu_umul128.c.o)
                                                  D:\Renesas\RA\e2studio_v2023-07_fsp_v4.6.0\toolchains\llvm_arm\LLVM-ET-Arm-18.1.3-Windows-x86_64\bin\..\lib\clang-runtimes/arm-none-eabi/armv7em_hard_fpv4_sp_d16_exn_rtti\lib\libc.a(libc_tinystdio_dtoa_ryu.c.o)
                                                  D:\Renesas\RA\e2studio_v2023-07_fsp_v4.6.0\toolchains\llvm_arm\LLVM-ET-Arm-18.1.3-Windows-x86_64\bin\..\lib\clang-runtimes/arm-none-eabi/armv7em_hard_fpv4_sp_d16_exn_rtti\lib\libc.a(libc_tinystdio_ryu_table.c.o)
__shiftright128                                   D:\Renesas\RA\e2studio_v2023-07_fsp_v4.6.0\toolchains\llvm_arm\LLVM-ET-Arm-18.1.3-Windows-x86_64\bin\..\lib\clang-runtimes/arm-none-eabi/armv7em_hard_fpv4_sp_d16_exn_rtti\lib\libc.a(libc_tinystdio_ryu_umul128.c.o)
                                                  D:\Renesas\RA\e2studio_v2023-07_fsp_v4.6.0\toolchains\llvm_arm\LLVM-ET-Arm-18.1.3-Windows-x86_64\bin\..\lib\clang-runtimes/arm-none-eabi/armv7em_hard_fpv4_sp_d16_exn_rtti\lib\libc.a(libc_tinystdio_dtoa_ryu.c.o)
                                                  D:\Renesas\RA\e2studio_v2023-07_fsp_v4.6.0\toolchains\llvm_arm\LLVM-ET-Arm-18.1.3-Windows-x86_64\bin\..\lib\clang-runtimes/arm-none-eabi/armv7em_hard_fpv4_sp_d16_exn_rtti\lib\libc.a(libc_tinystdio_ryu_table.c.o)
memset                                            D:\Renesas\RA\e2studio_v2023-07_fsp_v4.6.0\toolchains\llvm_arm\LLVM-ET-Arm-18.1.3-Windows-x86_64\bin\..\lib\clang-runtimes/arm-none-eabi/armv7em_hard_fpv4_sp_d16_exn_rtti\lib\libc.a(memset.c.o)
                                                  D:\Renesas\RA\e2studio_v2023-07_fsp_v4.6.0\toolchains\llvm_arm\LLVM-ET-Arm-18.1.3-Windows-x86_64\bin\..\lib\clang-runtimes/arm-none-eabi/armv7em_hard_fpv4_sp_d16_exn_rtti\lib\libc.a(aeabi_memset.c.o)
                                                  D:\Renesas\RA\e2studio_v2023-07_fsp_v4.6.0\toolchains\llvm_arm\LLVM-ET-Arm-18.1.3-Windows-x86_64\bin\..\lib\clang-runtimes/arm-none-eabi/armv7em_hard_fpv4_sp_d16_exn_rtti\lib\libc.a(bzero.c.o)
bzero                                             D:\Renesas\RA\e2studio_v2023-07_fsp_v4.6.0\toolchains\llvm_arm\LLVM-ET-Arm-18.1.3-Windows-x86_64\bin\..\lib\clang-runtimes/arm-none-eabi/armv7em_hard_fpv4_sp_d16_exn_rtti\lib\libc.a(bzero.c.o)
__aeabi_memclr8                                   D:\Renesas\RA\e2studio_v2023-07_fsp_v4.6.0\toolchains\llvm_arm\LLVM-ET-Arm-18.1.3-Windows-x86_64\bin\..\lib\clang-runtimes/arm-none-eabi/armv7em_hard_fpv4_sp_d16_exn_rtti\lib\libc.a(bzero.c.o)
memcpy                                            D:\Renesas\RA\e2studio_v2023-07_fsp_v4.6.0\toolchains\llvm_arm\LLVM-ET-Arm-18.1.3-Windows-x86_64\bin\..\lib\clang-runtimes/arm-none-eabi/armv7em_hard_fpv4_sp_d16_exn_rtti\lib\libc.a(memcpy.c.o)
__aeabi_memcpy8                                   D:\Renesas\RA\e2studio_v2023-07_fsp_v4.6.0\toolchains\llvm_arm\LLVM-ET-Arm-18.1.3-Windows-x86_64\bin\..\lib\clang-runtimes/arm-none-eabi/armv7em_hard_fpv4_sp_d16_exn_rtti\lib\libc.a(memcpy.c.o)
memmove                                           D:\Renesas\RA\e2studio_v2023-07_fsp_v4.6.0\toolchains\llvm_arm\LLVM-ET-Arm-18.1.3-Windows-x86_64\bin\..\lib\clang-runtimes/arm-none-eabi/armv7em_hard_fpv4_sp_d16_exn_rtti\lib\libc.a(memmove.c.o)
__aeabi_memmove4                                  D:\Renesas\RA\e2studio_v2023-07_fsp_v4.6.0\toolchains\llvm_arm\LLVM-ET-Arm-18.1.3-Windows-x86_64\bin\..\lib\clang-runtimes/arm-none-eabi/armv7em_hard_fpv4_sp_d16_exn_rtti\lib\libc.a(memmove.c.o)
__aeabi_memmove8                                  D:\Renesas\RA\e2studio_v2023-07_fsp_v4.6.0\toolchains\llvm_arm\LLVM-ET-Arm-18.1.3-Windows-x86_64\bin\..\lib\clang-runtimes/arm-none-eabi/armv7em_hard_fpv4_sp_d16_exn_rtti\lib\libc.a(memmove.c.o)
